[2025-04-25 17:53:27.447] [predicting] [info] 本地仿真环境日志
[2025-04-25 17:54:20.748] [predicting] [info] start_point.x =57.75537600147969
[2025-04-25 17:54:20.748] [predicting] [info] start_point.y =-30.274183787896874
[2025-04-25 17:54:20.748] [predicting] [info] start_point.yaw =218.7302548305208
[2025-04-25 17:54:20.748] [predicting] [info] Enter PredictingIntface,预测距离100m
[2025-04-25 17:54:20.748] [predicting] [info] referenceline_relation_.size():7
[2025-04-25 17:54:20.748] [predicting] [info] all_referencelines_.size():7
[2025-04-25 17:54:20.748] [predicting] [info] 进入 PreddictPath 函数
[2025-04-25 17:54:20.748] [predicting] [info] 进入 findCurrentRoad 函数
[2025-04-25 17:54:20.749] [predicting] [info] 当前路径id:2 最近距离：55.50815322176077 角度差：97.41025483052083 最近点纵向距离：52.3286475143989
[2025-04-25 17:54:20.749] [predicting] [info] 当前路径id:14 最近距离：39.35663016945318 角度差：52.7697451694792 最近点纵向距离：0.2789121277452127
[2025-04-25 17:54:20.749] [predicting] [info] 当前路径id:15 最近距离：53.65957278070665 角度差：79.54025483052081 最近点纵向距离：0.025716831725024036
[2025-04-25 17:54:20.749] [predicting] [info] 当前路径id:17 最近距离：41.05805415530366 角度差：78.62025483052082 最近点纵向距离：1.147046940133034
[2025-04-25 17:54:20.749] [predicting] [info] 当前路径id:18 最近距离：38.11499325387995 角度差：128.3402548305208 最近点纵向距离：10.172225242454886
[2025-04-25 17:54:20.749] [predicting] [info] 当前路径id:19 最近距离：38.11499325387995 角度差：125.49025483052081 最近点纵向距离：8.333251786245619
[2025-04-25 17:54:20.749] [predicting] [info] 当前路径id:20 最近距离：37.10237351760994 角度差：126.18025483052082 最近点纵向距离：0.21944648127323618
[2025-04-25 17:54:20.749] [predicting] [info] validRoads.size():0
[2025-04-25 17:54:20.749] [predicting] [info] currentRoads.size():0 
[2025-04-25 17:54:20.749] [predicting] [info] roadMap.size():7
[2025-04-25 17:54:20.749] [predicting] [info] id:2 following_road.size():0
[2025-04-25 17:54:20.749] [predicting] [info] id:14 following_road.size():2
[2025-04-25 17:54:20.749] [predicting] [info] id:15 following_road.size():1
[2025-04-25 17:54:20.749] [predicting] [info] id:17 following_road.size():1
[2025-04-25 17:54:20.749] [predicting] [info] id:18 following_road.size():1
[2025-04-25 17:54:20.749] [predicting] [info] id:19 following_road.size():1
[2025-04-25 17:54:20.749] [predicting] [info] id:20 following_road.size():1
[2025-04-25 17:54:20.749] [predicting] [info] roadMap.size():7
[2025-04-25 17:54:20.749] [predicting] [info] road_map_.size():7 
[2025-04-25 17:54:20.749] [predicting] [info] 更新road_map_信息完毕
[2025-04-25 17:54:20.749] [predicting] [info] final_result.size():0
