[2025-04-17 15:37:29.522] [predicting] [info] 本地仿真环境日志
[2025-04-17 15:37:43.424] [predicting] [info] start_point.x =203.5792743169094
[2025-04-17 15:37:43.424] [predicting] [info] start_point.y =-667.8799882312562
[2025-04-17 15:37:43.424] [predicting] [info] start_point.yaw =92.86351150268182
[2025-04-17 15:37:43.424] [predicting] [info] Enter PredictingIntface 
[2025-04-17 15:37:43.425] [predicting] [info] referenceline_relation_.size():48
[2025-04-17 15:37:43.425] [predicting] [info] all_referencelines_.size():51
[2025-04-17 15:37:43.425] [predicting] [info] 进入 PreddictPath 函数
[2025-04-17 15:37:43.425] [predicting] [info] 进入 findCurrentRoad 函数
[2025-04-17 15:37:43.425] [predicting] [info] 当前路径id:7 最近距离：612.0670178845013 角度差：6.016488497318185 最近点纵向距离：570.6554053645907
[2025-04-17 15:37:43.425] [predicting] [info] 当前路径id:8 最近距离：627.0207133080496 角度差：38.0664884973182 最近点纵向距离：610.8129009084514
[2025-04-17 15:37:43.425] [predicting] [info] 当前路径id:30 最近距离：627.0207132315215 角度差：38.4964884973182 最近点纵向距离：609.7326948980084
[2025-04-17 15:37:43.425] [predicting] [info] 当前路径id:52 最近距离：572.0726179692315 角度差：209.87648849731815 最近点纵向距离：173.7558545907257
[2025-04-17 15:37:43.425] [predicting] [info] 当前路径id:53 最近距离：505.7203685475397 角度差：66.56351150268182 最近点纵向距离：504.87327817743267
[2025-04-17 15:37:43.425] [predicting] [info] 当前路径id:54 最近距离：69.36352985843853 角度差：35.23351150268182 最近点纵向距离：1.184629399976341
[2025-04-17 15:37:43.425] [predicting] [info] 当前路径id:56 最近距离：566.9258035666072 角度差：34.00648849731817 最近点纵向距离：563.1218329773562
[2025-04-17 15:37:43.425] [predicting] [info] 当前路径id:57 最近距离：563.4876673080117 角度差：220.75648849731817 最近点纵向距离：550.1714583146758
[2025-04-17 15:37:43.425] [predicting] [info] 当前路径id:59 最近距离：510.65656170630126 角度差：112.30648849731817 最近点纵向距离：509.97787650409924
[2025-04-17 15:37:43.425] [predicting] [info] 当前路径id:60 最近距离：565.9350763966997 角度差：26.186488497318177 最近点纵向距离：138.89656732802433
[2025-04-17 15:37:43.425] [predicting] [info] 当前路径id:66 最近距离：404.5755823980914 角度差：239.05648849731818 最近点纵向距离：277.6506903260488
[2025-04-17 15:37:43.425] [predicting] [info] 当前路径id:68 最近距离：75.86656753258784 角度差：142.36648849731816 最近点纵向距离：1.765366434928488
[2025-04-17 15:37:43.425] [predicting] [info] 当前路径id:69 最近距离：349.9914241955487 角度差：222.00648849731817 最近点纵向距离：260.71534710956473
[2025-04-17 15:37:43.425] [predicting] [info] 当前路径id:70 最近距离：316.72993539709597 角度差：127.25648849731819 最近点纵向距离：194.37934741005438
[2025-04-17 15:37:43.425] [predicting] [info] 当前路径id:71 最近距离：310.7141133560293 角度差：126.30648849731816 最近点纵向距离：189.67996093242792
[2025-04-17 15:37:43.425] [predicting] [info] 当前路径id:72 最近距离：304.9721420912067 角度差：126.28648849731819 最近点纵向距离：189.1577486843053
[2025-04-17 15:37:43.425] [predicting] [info] 当前路径id:73 最近距离：283.201125170935 角度差：126.70648849731818 最近点纵向距离：189.97886111309222
[2025-04-17 15:37:43.425] [predicting] [info] 当前路径id:74 最近距离：288.61835876220874 角度差：127.8864884973182 最近点纵向距离：194.74611655323594
[2025-04-17 15:37:43.426] [predicting] [info] 当前路径id:75 最近距离：294.21889190341545 角度差：127.91648849731818 最近点纵向距离：195.26106637470085
[2025-04-17 15:37:43.426] [predicting] [info] 当前路径id:76 最近距离：283.201125170935 角度差：124.90648849731818 最近点纵向距离：183.28804275333397
[2025-04-17 15:37:43.426] [predicting] [info] 当前路径id:77 最近距离：288.61835876220874 角度差：124.78648849731817 最近点纵向距离：182.9416525352775
[2025-04-17 15:37:43.426] [predicting] [info] 当前路径id:78 最近距离：294.21889190341545 角度差：124.38648849731817 最近点纵向距离：181.33964457091622
[2025-04-17 15:37:43.426] [predicting] [info] 当前路径id:79 最近距离：299.58684835928136 角度差：125.32648849731817 最近点纵向距离：184.83045443830142
[2025-04-17 15:37:43.426] [predicting] [info] 当前路径id:80 最近距离：299.58684835928136 角度差：127.67648849731818 最近点纵向距离：194.34267874062292
[2025-04-17 15:37:43.426] [predicting] [info] 当前路径id:81 最近距离：310.7141133560293 角度差：125.06648849731819 最近点纵向距离：184.30985997473624
[2025-04-17 15:37:43.426] [predicting] [info] 当前路径id:82 最近距离：316.72993539709597 角度差：124.86648849731816 最近点纵向距离：183.78206431515366
[2025-04-17 15:37:43.426] [predicting] [info] 当前路径id:83 最近距离：304.9721420912067 角度差：124.41648849731818 最近点纵向距离：181.2507382728256
[2025-04-17 15:37:43.426] [predicting] [info] 当前路径id:84 最近距离：247.44069901386555 角度差：178.4264884973182 最近点纵向距离：244.87751177040494
[2025-04-17 15:37:43.426] [predicting] [info] 当前路径id:85 最近距离：295.8186748861323 角度差：125.80648849731816 最近点纵向距离：175.96534796998185
[2025-04-17 15:37:43.426] [predicting] [info] 当前路径id:86 最近距离：295.8186748861323 角度差：126.18648849731821 最近点纵向距离：177.5385605178803
[2025-04-17 15:37:43.426] [predicting] [info] 当前路径id:87 最近距离：295.8186748861323 角度差：126.32648849731817 最近点纵向距离：178.116200248918
[2025-04-17 15:37:43.426] [predicting] [info] 当前路径id:88 最近距离：295.8186748861323 角度差：124.53648849731819 最近点纵向距离：170.65173919546874
[2025-04-17 15:37:43.426] [predicting] [info] 当前路径id:89 最近距离：295.8186748861323 角度差：124.19648849731819 最近点纵向距离：169.21486185327353
[2025-04-17 15:37:43.426] [predicting] [info] 当前路径id:90 最近距离：295.8186748861323 角度差：123.88648849731815 最近点纵向距离：167.89957328149004
[2025-04-17 15:37:43.426] [predicting] [info] 当前路径id:91 最近距离：293.2930480502993 角度差：83.86648849731814 最近点纵向距离：0.11006295086570361
[2025-04-17 15:37:43.426] [predicting] [info] 当前路径id:92 最近距离：510.65656174041567 角度差：113.66648849731816 最近点纵向距离：509.2095557081348
[2025-04-17 15:37:43.426] [predicting] [info] 当前路径id:93 最近距离：505.72036857905056 角度差：66.18351150268185 最近点纵向距离：504.6681255632247
[2025-04-17 15:37:43.426] [predicting] [info] 当前路径id:99 最近距离：763.2308517108611 角度差：11.466488497318178 最近点纵向距离：132.9463450629413
[2025-04-17 15:37:43.426] [predicting] [info] 当前路径id:102 最近距离：236.79366518984003 角度差：187.4764884973182 最近点纵向距离：235.43826904494944
[2025-04-17 15:37:43.427] [predicting] [info] 当前路径id:103 最近距离：380.90101457480387 角度差：51.38648849731818 最近点纵向距离：279.88889689959217
[2025-04-17 15:37:43.427] [predicting] [info] 当前路径id:105 最近距离：318.60044080225856 角度差：15.546488497318178 最近点纵向距离：312.38743148955314
[2025-04-17 15:37:43.427] [predicting] [info] 当前路径id:107 最近距离：28.707418079464084 角度差：152.62648849731818 最近点纵向距离：0.23524862070684271
[2025-04-17 15:37:43.427] [predicting] [info] 当前路径id:108 最近距离：1.2947849004016931 角度差：1.7535115026818413 最近点纵向距离：0.18954248971474857
[2025-04-17 15:37:43.427] [predicting] [info] 当前路径id:109 最近距离：41.80623875930052 角度差：150.6464884973182 最近点纵向距离：30.580822436353678
[2025-04-17 15:37:43.427] [predicting] [info] 当前路径id:117 最近距离：237.50780191098775 角度差：8.426488497318187 最近点纵向距离：234.88826482576687
[2025-04-17 15:37:43.427] [predicting] [info] 当前路径id:119 最近距离：247.44069901386555 角度差：178.91648849731817 最近点纵向距离：245.1723522743472
[2025-04-17 15:37:43.427] [predicting] [info] 当前路径id:121 最近距离：320.05323671009046 角度差：197.11648849731822 最近点纵向距离：313.75231773510075
[2025-04-17 15:37:43.427] [predicting] [info] 当前路径id:122 最近距离：236.79366518984003 角度差：187.68648849731818 最近点纵向距离：235.34396059185573
[2025-04-17 15:37:43.427] [predicting] [info] 当前路径id:126 最近距离：771.4762749963949 角度差：192.4964884973182 最近点纵向距离：155.01775137207682
[2025-04-17 15:37:43.427] [predicting] [info] 当前路径id:127 最近距离：318.60044080225856 角度差：16.146488497318163 最近点纵向距离：311.7146378055276
[2025-04-17 15:37:43.427] [predicting] [info] 当前路径id:129 最近距离：11.886354724989062 角度差：1.3535115026818152 最近点纵向距离：11.819142557607659
[2025-04-17 15:37:43.427] [predicting] [info] validRoads.size():1
[2025-04-17 15:37:43.427] [predicting] [info] currentRoads.size():1 
[2025-04-17 15:37:43.427] [predicting] [info] roadMap.size():51
[2025-04-17 15:37:43.427] [predicting] [info] id:7 following_road.size():1
[2025-04-17 15:37:43.427] [predicting] [info] id:8 following_road.size():1
[2025-04-17 15:37:43.427] [predicting] [info] id:30 following_road.size():1
[2025-04-17 15:37:43.427] [predicting] [info] id:52 following_road.size():1
[2025-04-17 15:37:43.428] [predicting] [info] id:53 following_road.size():1
[2025-04-17 15:37:43.428] [predicting] [info] id:54 following_road.size():2
[2025-04-17 15:37:43.428] [predicting] [info] id:56 following_road.size():1
[2025-04-17 15:37:43.428] [predicting] [info] id:57 following_road.size():1
[2025-04-17 15:37:43.428] [predicting] [info] id:59 following_road.size():1
[2025-04-17 15:37:43.428] [predicting] [info] id:66 following_road.size():2
[2025-04-17 15:37:43.428] [predicting] [info] id:68 following_road.size():2
[2025-04-17 15:37:43.428] [predicting] [info] id:69 following_road.size():7
[2025-04-17 15:37:43.428] [predicting] [info] id:70 following_road.size():1
[2025-04-17 15:37:43.428] [predicting] [info] id:71 following_road.size():1
[2025-04-17 15:37:43.428] [predicting] [info] id:72 following_road.size():1
[2025-04-17 15:37:43.428] [predicting] [info] id:73 following_road.size():1
[2025-04-17 15:37:43.428] [predicting] [info] id:74 following_road.size():1
[2025-04-17 15:37:43.428] [predicting] [info] id:75 following_road.size():1
[2025-04-17 15:37:43.428] [predicting] [info] id:76 following_road.size():1
[2025-04-17 15:37:43.428] [predicting] [info] id:77 following_road.size():1
[2025-04-17 15:37:43.428] [predicting] [info] id:78 following_road.size():1
[2025-04-17 15:37:43.428] [predicting] [info] id:79 following_road.size():1
[2025-04-17 15:37:43.428] [predicting] [info] id:80 following_road.size():1
[2025-04-17 15:37:43.428] [predicting] [info] id:81 following_road.size():1
[2025-04-17 15:37:43.428] [predicting] [info] id:82 following_road.size():1
[2025-04-17 15:37:43.428] [predicting] [info] id:83 following_road.size():1
[2025-04-17 15:37:43.428] [predicting] [info] id:84 following_road.size():1
[2025-04-17 15:37:43.428] [predicting] [info] id:85 following_road.size():2
[2025-04-17 15:37:43.428] [predicting] [info] id:86 following_road.size():2
[2025-04-17 15:37:43.429] [predicting] [info] id:87 following_road.size():2
[2025-04-17 15:37:43.429] [predicting] [info] id:88 following_road.size():2
[2025-04-17 15:37:43.429] [predicting] [info] id:89 following_road.size():2
[2025-04-17 15:37:43.429] [predicting] [info] id:90 following_road.size():2
[2025-04-17 15:37:43.429] [predicting] [info] id:91 following_road.size():2
[2025-04-17 15:37:43.429] [predicting] [info] id:92 following_road.size():1
[2025-04-17 15:37:43.429] [predicting] [info] id:93 following_road.size():1
[2025-04-17 15:37:43.429] [predicting] [info] id:102 following_road.size():1
[2025-04-17 15:37:43.429] [predicting] [info] id:103 following_road.size():1
[2025-04-17 15:37:43.429] [predicting] [info] id:105 following_road.size():1
[2025-04-17 15:37:43.429] [predicting] [info] id:107 following_road.size():1
[2025-04-17 15:37:43.429] [predicting] [info] id:108 following_road.size():1
[2025-04-17 15:37:43.429] [predicting] [info] id:117 following_road.size():2
[2025-04-17 15:37:43.429] [predicting] [info] id:119 following_road.size():1
[2025-04-17 15:37:43.429] [predicting] [info] id:121 following_road.size():2
[2025-04-17 15:37:43.429] [predicting] [info] id:122 following_road.size():1
[2025-04-17 15:37:43.429] [predicting] [info] id:126 following_road.size():1
[2025-04-17 15:37:43.429] [predicting] [info] id:127 following_road.size():7
[2025-04-17 15:37:43.429] [predicting] [info] id:129 following_road.size():1
[2025-04-17 15:37:43.429] [predicting] [info] roadMap.size():51
[2025-04-17 15:37:43.429] [predicting] [info] road_map_.size():51 
[2025-04-17 15:37:43.429] [predicting] [info] 更新road_map_信息完毕
[2025-04-17 15:37:43.429] [predicting] [info] temp_road_nodes.size():0
[2025-04-17 15:37:43.430] [predicting] [info] final_result.size():0
