[2025-04-25 17:33:59.180] [predicting] [info] 本地仿真环境日志
[2025-04-25 17:34:21.082] [predicting] [info] start_point.x =-9.784083227035936
[2025-04-25 17:34:21.082] [predicting] [info] start_point.y =38.073777637884376
[2025-04-25 17:34:21.082] [predicting] [info] start_point.yaw =136.69631880313037
[2025-04-25 17:34:21.082] [predicting] [info] Enter PredictingIntface,预测距离100m
[2025-04-25 17:34:21.082] [predicting] [info] referenceline_relation_.size():7
[2025-04-25 17:34:21.082] [predicting] [info] all_referencelines_.size():7
[2025-04-25 17:34:21.082] [predicting] [info] 进入 PreddictPath 函数
[2025-04-25 17:34:21.082] [predicting] [info] 进入 findCurrentRoad 函数
[2025-04-25 17:34:21.082] [predicting] [info] 当前路径id:2 最近距离：0.3833870984319949 角度差：10.16631880313036 最近点纵向距离：0.3524579296733306
[2025-04-25 17:34:21.082] [predicting] [info] 当前路径id:14 最近距离：39.55295326872321 角度差：180.37368119686963 最近点纵向距离：34.85540605032766
[2025-04-25 17:34:21.082] [predicting] [info] 当前路径id:15 最近距离：100.38562501801678 角度差：51.69368119686958 最近点纵向距离：1.3114846751151301
[2025-04-25 17:34:21.082] [predicting] [info] 当前路径id:17 最近距离：96.43985430762206 角度差：59.05368119686961 最近点纵向距离：4.416496760158573
[2025-04-25 17:34:21.082] [predicting] [info] 当前路径id:18 最近距离：84.60555653990276 角度差：46.30631880313038 最近点纵向距离：78.97832628090902
[2025-04-25 17:34:21.082] [predicting] [info] 当前路径id:19 最近距离：84.60555653990276 角度差：43.45631880313038 最近点纵向距离：80.38919367583819
[2025-04-25 17:34:21.082] [predicting] [info] 当前路径id:20 最近距离：41.329349276183514 角度差：16.96631880313037 最近点纵向距离：41.05046420584364
[2025-04-25 17:34:21.082] [predicting] [info] validRoads.size():1
[2025-04-25 17:34:21.082] [predicting] [info] currentRoads.size():1 
[2025-04-25 17:34:21.082] [predicting] [info] roadMap.size():7
[2025-04-25 17:34:21.082] [predicting] [info] id:2 following_road.size():0
[2025-04-25 17:34:21.082] [predicting] [info] id:14 following_road.size():2
[2025-04-25 17:34:21.082] [predicting] [info] id:15 following_road.size():1
[2025-04-25 17:34:21.082] [predicting] [info] id:17 following_road.size():1
[2025-04-25 17:34:21.082] [predicting] [info] id:18 following_road.size():1
[2025-04-25 17:34:21.082] [predicting] [info] id:19 following_road.size():1
[2025-04-25 17:34:21.082] [predicting] [info] id:20 following_road.size():1
[2025-04-25 17:34:21.082] [predicting] [info] roadMap.size():7
[2025-04-25 17:34:21.082] [predicting] [info] road_map_.size():7 
[2025-04-25 17:34:21.082] [predicting] [info] 更新road_map_信息,id:2,截断的位置：41 路段总长：403 更新后的路径:362
[2025-04-25 17:34:21.083] [predicting] [info] 更新road_map_信息完毕
[2025-04-25 17:34:21.083] [predicting] [info] 进入 findPathsToLeafRoads 函数
[2025-04-25 17:34:21.083] [predicting] [info] dfs函数内部，当前push_back的路段id:2
[2025-04-25 17:34:21.083] [predicting] [info] dfs函数内部，当前探索到的路id为 2,已经满足 100 阈值
[2025-04-25 17:34:21.083] [predicting] [info] temp_road_nodes.size():1
[2025-04-25 17:34:21.083] [predicting] [info] final_result.size():1
[2025-04-25 17:34:21.083] [predicting] [info] nearest_index:41
[2025-04-25 17:34:21.083] [predicting] [info] 当前推入的路径大小:100 path.size():1
[2025-04-25 17:34:27.383] [predicting] [info] start_point.x =12.477757593276564
[2025-04-25 17:34:27.383] [predicting] [info] start_point.y =-55.02592328985
[2025-04-25 17:34:27.383] [predicting] [info] start_point.yaw =68.26675720703697
[2025-04-25 17:34:27.383] [predicting] [info] Enter PredictingIntface,预测距离100m
[2025-04-25 17:34:27.383] [predicting] [info] referenceline_relation_.size():7
[2025-04-25 17:34:27.383] [predicting] [info] all_referencelines_.size():7
[2025-04-25 17:34:27.383] [predicting] [info] 进入 PreddictPath 函数
[2025-04-25 17:34:27.383] [predicting] [info] 进入 findCurrentRoad 函数
[2025-04-25 17:34:27.383] [predicting] [info] 当前路径id:2 最近距离：59.872216480684095 角度差：53.053242792963026 最近点纵向距离：49.93740868507076
[2025-04-25 17:34:27.383] [predicting] [info] 当前路径id:14 最近距离：3.034057867908279 角度差：161.93324279296303 最近点纵向距离：0.11753340752324681
[2025-04-25 17:34:27.383] [predicting] [info] 当前路径id:15 最近距离：7.630772439375815 角度差：95.373242792963 最近点纵向距离：0.8985098986657769
[2025-04-25 17:34:27.383] [predicting] [info] 当前路径id:17 最近距离：0.8544912931757238 角度差：124.60324279296304 最近点纵向距离：0.4610407258668365
[2025-04-25 17:34:27.383] [predicting] [info] 当前路径id:18 最近距离：7.076242078911445 角度差：13.723242792963026 最近点纵向距离：0.38857802421983445
[2025-04-25 17:34:27.383] [predicting] [info] 当前路径id:19 最近距离：11.4950946390431 角度差：44.15324279296301 最近点纵向距离：0.2044875232704202
[2025-04-25 17:34:27.384] [predicting] [info] 当前路径id:20 最近距离：16.72011591779764 角度差：24.433242792963018 最近点纵向距离：13.907983036017477
[2025-04-25 17:34:27.384] [predicting] [info] validRoads.size():2
[2025-04-25 17:34:27.384] [predicting] [info] currentRoads.size():2 
[2025-04-25 17:34:27.384] [predicting] [info] roadMap.size():7
[2025-04-25 17:34:27.384] [predicting] [info] id:2 following_road.size():0
[2025-04-25 17:34:27.384] [predicting] [info] id:14 following_road.size():2
[2025-04-25 17:34:27.384] [predicting] [info] id:15 following_road.size():1
[2025-04-25 17:34:27.384] [predicting] [info] id:17 following_road.size():1
[2025-04-25 17:34:27.384] [predicting] [info] id:18 following_road.size():1
[2025-04-25 17:34:27.384] [predicting] [info] id:19 following_road.size():1
[2025-04-25 17:34:27.384] [predicting] [info] id:20 following_road.size():1
[2025-04-25 17:34:27.384] [predicting] [info] roadMap.size():7
[2025-04-25 17:34:27.384] [predicting] [info] road_map_.size():7 
[2025-04-25 17:34:27.384] [predicting] [info] 更新road_map_信息,id:18,截断的位置：19 路段总长：35 更新后的路径:16
[2025-04-25 17:34:27.384] [predicting] [info] 更新road_map_信息,id:19,截断的位置：17 路段总长：28 更新后的路径:11
[2025-04-25 17:34:27.384] [predicting] [info] 更新road_map_信息完毕
[2025-04-25 17:34:27.384] [predicting] [info] 进入 findPathsToLeafRoads 函数
[2025-04-25 17:34:27.384] [predicting] [info] dfs函数内部，当前push_back的路段id:18
[2025-04-25 17:34:27.384] [predicting] [info] dfs函数内部，当前push_back的路段id:20
[2025-04-25 17:34:27.384] [predicting] [info] dfs函数内部，当前push_back的路段id:2
[2025-04-25 17:34:27.384] [predicting] [info] dfs函数内部，当前探索到的路id为 2,已经满足 100 阈值
[2025-04-25 17:34:27.384] [predicting] [info] temp_road_nodes.size():1
[2025-04-25 17:34:27.384] [predicting] [info] 进入 findPathsToLeafRoads 函数
[2025-04-25 17:34:27.384] [predicting] [info] dfs函数内部，当前push_back的路段id:19
[2025-04-25 17:34:27.384] [predicting] [info] dfs函数内部，当前push_back的路段id:20
[2025-04-25 17:34:27.384] [predicting] [info] dfs函数内部，当前push_back的路段id:2
[2025-04-25 17:34:27.384] [predicting] [info] dfs函数内部，当前探索到的路id为 2,已经满足 100 阈值
[2025-04-25 17:34:27.384] [predicting] [info] temp_road_nodes.size():1
[2025-04-25 17:34:27.384] [predicting] [info] final_result.size():2
[2025-04-25 17:34:27.384] [predicting] [info] nearest_index:19
[2025-04-25 17:34:27.384] [predicting] [info] 当前推入的路径大小:101 path.size():1
[2025-04-25 17:34:27.384] [predicting] [info] nearest_index:17
[2025-04-25 17:34:27.384] [predicting] [info] 当前推入的路径大小:101 path.size():2
[2025-04-25 17:34:31.082] [predicting] [info] start_point.x =51.23534121144063
[2025-04-25 17:34:31.082] [predicting] [info] start_point.y =-28.21722272832656
[2025-04-25 17:34:31.082] [predicting] [info] start_point.yaw =176.75880704021847
[2025-04-25 17:34:31.082] [predicting] [info] Enter PredictingIntface,预测距离100m
[2025-04-25 17:34:31.082] [predicting] [info] referenceline_relation_.size():7
[2025-04-25 17:34:31.082] [predicting] [info] all_referencelines_.size():7
[2025-04-25 17:34:31.082] [predicting] [info] 进入 PreddictPath 函数
[2025-04-25 17:34:31.082] [predicting] [info] 进入 findCurrentRoad 函数
[2025-04-25 17:34:31.082] [predicting] [info] 当前路径id:2 最近距离：49.22000699208308 角度差：55.4388070402185 最近点纵向距离：47.18220494497103
[2025-04-25 17:34:31.082] [predicting] [info] 当前路径id:14 最近距离：32.93665950345022 角度差：96.5311929597815 最近点纵向距离：0.08059103476840068
[2025-04-25 17:34:31.082] [predicting] [info] 当前路径id:15 最近距离：51.05969256681789 角度差：35.26880704021848 最近点纵向距离：0.2570722237256895
[2025-04-25 17:34:31.082] [predicting] [info] 当前路径id:17 最近距离：38.58864771996484 角度差：31.138807040218484 最近点纵向距离：1.536799438343671
[2025-04-25 17:34:31.082] [predicting] [info] 当前路径id:18 最近距离：32.6234471005156 角度差：86.36880704021846 最近点纵向距离：12.27351877665143
[2025-04-25 17:34:31.082] [predicting] [info] 当前路径id:19 最近距离：32.6234471005156 角度差：83.51880704021849 最近点纵向距离：10.75542770773924
[2025-04-25 17:34:31.082] [predicting] [info] 当前路径id:20 最近距离：30.679939075688395 角度差：84.20880704021849 最近点纵向距离：0.12555986555059007
[2025-04-25 17:34:31.082] [predicting] [info] validRoads.size():0
[2025-04-25 17:34:31.082] [predicting] [info] currentRoads.size():0 
[2025-04-25 17:34:31.082] [predicting] [info] roadMap.size():7
[2025-04-25 17:34:31.082] [predicting] [info] id:2 following_road.size():0
[2025-04-25 17:34:31.083] [predicting] [info] id:14 following_road.size():2
[2025-04-25 17:34:31.083] [predicting] [info] id:15 following_road.size():1
[2025-04-25 17:34:31.083] [predicting] [info] id:17 following_road.size():1
[2025-04-25 17:34:31.083] [predicting] [info] id:18 following_road.size():1
[2025-04-25 17:34:31.083] [predicting] [info] id:19 following_road.size():1
[2025-04-25 17:34:31.083] [predicting] [info] id:20 following_road.size():1
[2025-04-25 17:34:31.083] [predicting] [info] roadMap.size():7
[2025-04-25 17:34:31.083] [predicting] [info] road_map_.size():7 
[2025-04-25 17:34:31.083] [predicting] [info] 更新road_map_信息完毕
[2025-04-25 17:34:31.083] [predicting] [info] final_result.size():0
[2025-04-25 17:34:39.284] [predicting] [info] start_point.x =34.18695559132344
[2025-04-25 17:34:39.284] [predicting] [info] start_point.y =-44.385817088678124
[2025-04-25 17:34:39.284] [predicting] [info] start_point.yaw =114.32245640305534
[2025-04-25 17:34:39.284] [predicting] [info] Enter PredictingIntface,预测距离100m
[2025-04-25 17:34:39.284] [predicting] [info] referenceline_relation_.size():7
[2025-04-25 17:34:39.284] [predicting] [info] all_referencelines_.size():7
[2025-04-25 17:34:39.284] [predicting] [info] 进入 PreddictPath 函数
[2025-04-25 17:34:39.284] [predicting] [info] 进入 findCurrentRoad 函数
[2025-04-25 17:34:39.284] [predicting] [info] 当前路径id:2 最近距离：52.8957678109809 角度差：6.997543596944647 最近点纵向距离：52.13262370029746
[2025-04-25 17:34:39.284] [predicting] [info] 当前路径id:14 最近距离：17.38524953809957 角度差：138.49754359694467 最近点纵向距离：0.6984840825120431
[2025-04-25 17:34:39.284] [predicting] [info] 当前路径id:15 最近距离：27.836904314969576 角度差：29.59754359694464 最近点纵向距离：0.6511284231312242
[2025-04-25 17:34:39.284] [predicting] [info] 当前路径id:17 最近距离：15.689417116189686 角度差：36.04754359694467 最近点纵向距离：0.10273356540389322
[2025-04-25 17:34:39.284] [predicting] [info] 当前路径id:18 最近距离：13.2021037444716 角度差：27.842456403055348 最近点纵向距离：0.1357523730768283
[2025-04-25 17:34:39.284] [predicting] [info] 当前路径id:19 最近距离：12.584910328965229 角度差：10.582456403055355 最近点纵向距离：0.2767188897112769
[2025-04-25 17:34:39.284] [predicting] [info] 当前路径id:20 最近距离：13.603915551100982 角度差：21.62245640305533 最近点纵向距离：4.302331948587687
[2025-04-25 17:34:39.284] [predicting] [info] validRoads.size():3
[2025-04-25 17:34:39.284] [predicting] [info] currentRoads.size():3 
[2025-04-25 17:34:39.284] [predicting] [info] roadMap.size():7
[2025-04-25 17:34:39.284] [predicting] [info] id:2 following_road.size():0
[2025-04-25 17:34:39.284] [predicting] [info] id:14 following_road.size():2
[2025-04-25 17:34:39.284] [predicting] [info] id:15 following_road.size():1
[2025-04-25 17:34:39.284] [predicting] [info] id:17 following_road.size():1
[2025-04-25 17:34:39.284] [predicting] [info] id:18 following_road.size():1
[2025-04-25 17:34:39.284] [predicting] [info] id:19 following_road.size():1
[2025-04-25 17:34:39.284] [predicting] [info] id:20 following_road.size():1
[2025-04-25 17:34:39.284] [predicting] [info] roadMap.size():7
[2025-04-25 17:34:39.284] [predicting] [info] road_map_.size():7 
[2025-04-25 17:34:39.284] [predicting] [info] 更新road_map_信息,id:17,截断的位置：31 路段总长：41 更新后的路径:10
[2025-04-25 17:34:39.284] [predicting] [info] 更新road_map_信息,id:18,截断的位置：31 路段总长：35 更新后的路径:4
[2025-04-25 17:34:39.284] [predicting] [info] 更新road_map_信息,id:19,截断的位置：20 路段总长：28 更新后的路径:8
[2025-04-25 17:34:39.284] [predicting] [info] 更新road_map_信息完毕
[2025-04-25 17:34:39.284] [predicting] [info] 进入 findPathsToLeafRoads 函数
[2025-04-25 17:34:39.284] [predicting] [info] dfs函数内部，当前push_back的路段id:17
[2025-04-25 17:34:39.284] [predicting] [info] dfs函数内部，当前push_back的路段id:19
[2025-04-25 17:34:39.284] [predicting] [info] dfs函数内部，当前push_back的路段id:20
[2025-04-25 17:34:39.284] [predicting] [info] dfs函数内部，当前push_back的路段id:2
[2025-04-25 17:34:39.284] [predicting] [info] dfs函数内部，当前探索到的路id为 2,已经满足 100 阈值
[2025-04-25 17:34:39.284] [predicting] [info] temp_road_nodes.size():1
[2025-04-25 17:34:39.284] [predicting] [info] 进入 findPathsToLeafRoads 函数
[2025-04-25 17:34:39.284] [predicting] [info] dfs函数内部，当前push_back的路段id:18
[2025-04-25 17:34:39.285] [predicting] [info] dfs函数内部，当前push_back的路段id:20
[2025-04-25 17:34:39.285] [predicting] [info] dfs函数内部，当前push_back的路段id:2
[2025-04-25 17:34:39.285] [predicting] [info] dfs函数内部，当前探索到的路id为 2,已经满足 100 阈值
[2025-04-25 17:34:39.285] [predicting] [info] temp_road_nodes.size():1
[2025-04-25 17:34:39.285] [predicting] [info] 进入 findPathsToLeafRoads 函数
[2025-04-25 17:34:39.285] [predicting] [info] dfs函数内部，当前push_back的路段id:19
[2025-04-25 17:34:39.285] [predicting] [info] dfs函数内部，当前push_back的路段id:20
[2025-04-25 17:34:39.285] [predicting] [info] dfs函数内部，当前push_back的路段id:2
[2025-04-25 17:34:39.285] [predicting] [info] dfs函数内部，当前探索到的路id为 2,已经满足 100 阈值
[2025-04-25 17:34:39.285] [predicting] [info] temp_road_nodes.size():1
[2025-04-25 17:34:39.285] [predicting] [info] final_result.size():3
[2025-04-25 17:34:39.285] [predicting] [info] nearest_index:61
[2025-04-25 17:34:39.285] [predicting] [info] 当前推入的路径大小:101 path.size():1
[2025-04-25 17:34:39.285] [predicting] [info] nearest_index:31
[2025-04-25 17:34:39.285] [predicting] [info] 当前推入的路径大小:101 path.size():2
[2025-04-25 17:34:39.285] [predicting] [info] nearest_index:20
[2025-04-25 17:34:39.285] [predicting] [info] 当前推入的路径大小:101 path.size():3
[2025-04-25 17:34:58.382] [predicting] [info] start_point.x =20.958157678725783
[2025-04-25 17:34:58.382] [predicting] [info] start_point.y =-61.69286970098281
[2025-04-25 17:34:58.382] [predicting] [info] start_point.yaw =110.66826421596348
[2025-04-25 17:34:58.382] [predicting] [info] Enter PredictingIntface,预测距离100m
[2025-04-25 17:34:58.382] [predicting] [info] referenceline_relation_.size():7
[2025-04-25 17:34:58.382] [predicting] [info] all_referencelines_.size():7
[2025-04-25 17:34:58.382] [predicting] [info] 进入 PreddictPath 函数
[2025-04-25 17:34:58.382] [predicting] [info] 进入 findCurrentRoad 函数
[2025-04-25 17:34:58.382] [predicting] [info] 当前路径id:2 最近距离：66.78707846542929 角度差：10.651735784036514 最近点纵向距离：60.04108957922878
[2025-04-25 17:34:58.382] [predicting] [info] 当前路径id:14 最近距离：13.81599858376637 角度差：119.53173578403651 最近点纵向距离：0.18874786233153706
[2025-04-25 17:34:58.382] [predicting] [info] 当前路径id:15 最近距离：6.0530878183124495 角度差：33.251735784036505 最近点纵向距离：0.15204386454448793
[2025-04-25 17:34:58.382] [predicting] [info] 当前路径id:17 最近距离：5.686196534945196 角度差：51.061735784036514 最近点纵向距离：0.18875697778532374
[2025-04-25 17:34:58.382] [predicting] [info] 当前路径id:18 最近距离：1.7276454765896039 角度差：17.678264215963456 最近点纵向距离：0.18431181783045952
[2025-04-25 17:34:58.382] [predicting] [info] 当前路径id:19 最近距离：7.8818417736348945 角度差：18.271735784036522 最近点纵向距离：0.49497569607562264
[2025-04-25 17:34:58.382] [predicting] [info] 当前路径id:20 最近距离：20.99710046255517 角度差：17.968264215963487 最近点纵向距离：20.96700985163535
[2025-04-25 17:34:58.382] [predicting] [info] validRoads.size():4
[2025-04-25 17:34:58.382] [predicting] [info] currentRoads.size():4 
[2025-04-25 17:34:58.382] [predicting] [info] roadMap.size():7
[2025-04-25 17:34:58.382] [predicting] [info] id:2 following_road.size():0
[2025-04-25 17:34:58.382] [predicting] [info] id:14 following_road.size():2
[2025-04-25 17:34:58.382] [predicting] [info] id:15 following_road.size():1
[2025-04-25 17:34:58.382] [predicting] [info] id:17 following_road.size():1
[2025-04-25 17:34:58.382] [predicting] [info] id:18 following_road.size():1
[2025-04-25 17:34:58.382] [predicting] [info] id:19 following_road.size():1
[2025-04-25 17:34:58.382] [predicting] [info] id:20 following_road.size():1
[2025-04-25 17:34:58.382] [predicting] [info] roadMap.size():7
[2025-04-25 17:34:58.382] [predicting] [info] road_map_.size():7 
[2025-04-25 17:34:58.382] [predicting] [info] 更新road_map_信息,id:15,截断的位置：21 路段总长：32 更新后的路径:11
[2025-04-25 17:34:58.382] [predicting] [info] 更新road_map_信息,id:17,截断的位置：27 路段总长：41 更新后的路径:14
[2025-04-25 17:34:58.382] [predicting] [info] 更新road_map_信息,id:18,截断的位置：13 路段总长：35 更新后的路径:22
[2025-04-25 17:34:58.382] [predicting] [info] 更新road_map_信息,id:19,截断的位置：9 路段总长：28 更新后的路径:19
[2025-04-25 17:34:58.382] [predicting] [info] 更新road_map_信息完毕
[2025-04-25 17:34:58.382] [predicting] [info] 进入 findPathsToLeafRoads 函数
[2025-04-25 17:34:58.383] [predicting] [info] dfs函数内部，当前push_back的路段id:15
[2025-04-25 17:34:58.383] [predicting] [info] dfs函数内部，当前push_back的路段id:18
[2025-04-25 17:34:58.383] [predicting] [info] dfs函数内部，当前push_back的路段id:20
[2025-04-25 17:34:58.383] [predicting] [info] dfs函数内部，当前push_back的路段id:2
[2025-04-25 17:34:58.383] [predicting] [info] dfs函数内部，当前探索到的路id为 2,已经满足 100 阈值
[2025-04-25 17:34:58.383] [predicting] [info] temp_road_nodes.size():1
[2025-04-25 17:34:58.383] [predicting] [info] 进入 findPathsToLeafRoads 函数
[2025-04-25 17:34:58.383] [predicting] [info] dfs函数内部，当前push_back的路段id:17
[2025-04-25 17:34:58.383] [predicting] [info] dfs函数内部，当前push_back的路段id:19
[2025-04-25 17:34:58.383] [predicting] [info] dfs函数内部，当前push_back的路段id:20
[2025-04-25 17:34:58.383] [predicting] [info] dfs函数内部，当前push_back的路段id:2
[2025-04-25 17:34:58.383] [predicting] [info] dfs函数内部，当前探索到的路id为 2,已经满足 100 阈值
[2025-04-25 17:34:58.383] [predicting] [info] temp_road_nodes.size():1
[2025-04-25 17:34:58.383] [predicting] [info] 进入 findPathsToLeafRoads 函数
[2025-04-25 17:34:58.383] [predicting] [info] dfs函数内部，当前push_back的路段id:18
[2025-04-25 17:34:58.383] [predicting] [info] dfs函数内部，当前push_back的路段id:20
[2025-04-25 17:34:58.383] [predicting] [info] dfs函数内部，当前push_back的路段id:2
[2025-04-25 17:34:58.383] [predicting] [info] dfs函数内部，当前探索到的路id为 2,已经满足 100 阈值
[2025-04-25 17:34:58.383] [predicting] [info] temp_road_nodes.size():1
[2025-04-25 17:34:58.383] [predicting] [info] 进入 findPathsToLeafRoads 函数
[2025-04-25 17:34:58.383] [predicting] [info] dfs函数内部，当前push_back的路段id:19
[2025-04-25 17:34:58.383] [predicting] [info] dfs函数内部，当前push_back的路段id:20
[2025-04-25 17:34:58.383] [predicting] [info] dfs函数内部，当前push_back的路段id:2
[2025-04-25 17:34:58.383] [predicting] [info] dfs函数内部，当前探索到的路id为 2,已经满足 100 阈值
[2025-04-25 17:34:58.383] [predicting] [info] temp_road_nodes.size():1
[2025-04-25 17:34:58.384] [predicting] [info] final_result.size():4
[2025-04-25 17:34:58.384] [predicting] [info] nearest_index:45
[2025-04-25 17:34:58.384] [predicting] [info] 当前推入的路径大小:101 path.size():1
[2025-04-25 17:34:58.384] [predicting] [info] nearest_index:27
[2025-04-25 17:34:58.384] [predicting] [info] 当前推入的路径大小:102 path.size():2
[2025-04-25 17:34:58.384] [predicting] [info] nearest_index:13
[2025-04-25 17:34:58.384] [predicting] [info] 当前推入的路径大小:101 path.size():3
[2025-04-25 17:34:58.384] [predicting] [info] nearest_index:9
[2025-04-25 17:34:58.384] [predicting] [info] 当前推入的路径大小:101 path.size():4
[2025-04-25 17:35:05.782] [predicting] [info] start_point.x =20.339955469253127
[2025-04-25 17:35:05.782] [predicting] [info] start_point.y =-14.121031322076561
[2025-04-25 17:35:05.782] [predicting] [info] start_point.yaw =282.8091156989103
[2025-04-25 17:35:05.782] [predicting] [info] Enter PredictingIntface,预测距离100m
[2025-04-25 17:35:05.782] [predicting] [info] referenceline_relation_.size():7
[2025-04-25 17:35:05.782] [predicting] [info] all_referencelines_.size():7
[2025-04-25 17:35:05.782] [predicting] [info] 进入 PreddictPath 函数
[2025-04-25 17:35:05.782] [predicting] [info] 进入 findCurrentRoad 函数
[2025-04-25 17:35:05.782] [predicting] [info] 当前路径id:2 最近距离：19.737118204152495 角度差：161.48911569891033 最近点纵向距离：19.080189437952455
[2025-04-25 17:35:05.782] [predicting] [info] 当前路径id:14 最近距离：6.020440511280611 角度差：10.210884301089688 最近点纵向距离：0.07430558989147329
[2025-04-25 17:35:05.782] [predicting] [info] 当前路径id:15 最近距离：49.08526330274168 角度差：114.87911569891031 最近点纵向距离：1.5900045228760114
[2025-04-25 17:35:05.783] [predicting] [info] 当前路径id:17 最近距离：41.254404612307134 角度差：105.51911569891028 最近点纵向距离：0.3379428983637822
[2025-04-25 17:35:05.783] [predicting] [info] 当前路径id:18 最近距离：26.585835936650206 角度差：167.58088430108972 最近点纵向距离：26.579680225581672
[2025-04-25 17:35:05.783] [predicting] [info] 当前路径id:19 最近距离：26.585835936650206 角度差：170.4308843010897 最近点纵向距离：26.575248982777325
[2025-04-25 17:35:05.783] [predicting] [info] 当前路径id:20 最近距离：0.627685153373683 角度差：171.67088430108973 最近点纵向距离：0.43416591974649943
[2025-04-25 17:35:05.783] [predicting] [info] validRoads.size():1
[2025-04-25 17:35:05.783] [predicting] [info] currentRoads.size():1 
[2025-04-25 17:35:05.783] [predicting] [info] roadMap.size():7
[2025-04-25 17:35:05.783] [predicting] [info] id:2 following_road.size():0
[2025-04-25 17:35:05.783] [predicting] [info] id:14 following_road.size():2
[2025-04-25 17:35:05.783] [predicting] [info] id:15 following_road.size():1
[2025-04-25 17:35:05.783] [predicting] [info] id:17 following_road.size():1
[2025-04-25 17:35:05.783] [predicting] [info] id:18 following_road.size():1
[2025-04-25 17:35:05.783] [predicting] [info] id:19 following_road.size():1
[2025-04-25 17:35:05.783] [predicting] [info] id:20 following_road.size():1
[2025-04-25 17:35:05.783] [predicting] [info] roadMap.size():7
[2025-04-25 17:35:05.783] [predicting] [info] road_map_.size():7 
[2025-04-25 17:35:05.783] [predicting] [info] 更新road_map_信息,id:14,截断的位置：21 路段总长：77 更新后的路径:56
[2025-04-25 17:35:05.783] [predicting] [info] 更新road_map_信息完毕
[2025-04-25 17:35:05.783] [predicting] [info] 进入 findPathsToLeafRoads 函数
[2025-04-25 17:35:05.783] [predicting] [info] dfs函数内部，当前push_back的路段id:14
[2025-04-25 17:35:05.783] [predicting] [info] dfs函数内部，当前push_back的路段id:17
[2025-04-25 17:35:05.783] [predicting] [info] dfs函数内部，当前push_back的路段id:19
[2025-04-25 17:35:05.783] [predicting] [info] dfs函数内部，当前探索到的路id为 19,已经满足 100 阈值
[2025-04-25 17:35:05.783] [predicting] [info] dfs函数内部，当前push_back的路段id:15
[2025-04-25 17:35:05.783] [predicting] [info] dfs函数内部，当前push_back的路段id:18
[2025-04-25 17:35:05.783] [predicting] [info] dfs函数内部，当前探索到的路id为 18,已经满足 100 阈值
[2025-04-25 17:35:05.783] [predicting] [info] temp_road_nodes.size():2
[2025-04-25 17:35:05.783] [predicting] [info] final_result.size():2
[2025-04-25 17:35:05.783] [predicting] [info] nearest_index:21
[2025-04-25 17:35:05.783] [predicting] [info] 当前推入的路径大小:102 path.size():1
[2025-04-25 17:35:05.783] [predicting] [info] nearest_index:21
[2025-04-25 17:35:05.783] [predicting] [info] 当前推入的路径大小:102 path.size():2
[2025-04-25 17:35:21.685] [predicting] [info] start_point.x =-10.202280858871873
[2025-04-25 17:35:21.685] [predicting] [info] start_point.y =17.89283891718125
[2025-04-25 17:35:21.685] [predicting] [info] start_point.yaw =307.44288278966746
[2025-04-25 17:35:21.685] [predicting] [info] Enter PredictingIntface,预测距离100m
[2025-04-25 17:35:21.685] [predicting] [info] referenceline_relation_.size():7
[2025-04-25 17:35:21.685] [predicting] [info] all_referencelines_.size():7
[2025-04-25 17:35:21.685] [predicting] [info] 进入 PreddictPath 函数
[2025-04-25 17:35:21.685] [predicting] [info] 进入 findCurrentRoad 函数
[2025-04-25 17:35:21.685] [predicting] [info] 当前路径id:2 最近距离：12.536483843506993 角度差：179.34711721033253 最近点纵向距离：0.441956280268502
[2025-04-25 17:35:21.686] [predicting] [info] 当前路径id:14 最近距离：21.722551323920396 角度差：9.62711721033256 最近点纵向距离：21.416279827117762
[2025-04-25 17:35:21.686] [predicting] [info] 当前路径id:15 最近距离：80.47993245622575 角度差：114.83288278966748 最近点纵向距离：4.877492561149321
[2025-04-25 17:35:21.686] [predicting] [info] 当前路径id:17 最近距离：77.03036978372312 角度差：108.97288278966744 最近点纵向距离：3.1894170427014465
[2025-04-25 17:35:21.686] [predicting] [info] 当前路径id:18 最近距离：66.4233882948017 角度差：142.94711721033255 最近点纵向距离：58.80070163215316
[2025-04-25 17:35:21.686] [predicting] [info] 当前路径id:19 最近距离：66.4233882948017 角度差：145.79711721033252 最近点纵向距离：60.264149091709186
[2025-04-25 17:35:21.686] [predicting] [info] 当前路径id:20 最近距离：28.16426491930731 角度差：172.28711721033258 最近点纵向距离：23.733292430953245
[2025-04-25 17:35:21.686] [predicting] [info] validRoads.size():0
[2025-04-25 17:35:21.686] [predicting] [info] currentRoads.size():0 
[2025-04-25 17:35:21.687] [predicting] [info] roadMap.size():7
[2025-04-25 17:35:21.687] [predicting] [info] id:2 following_road.size():0
[2025-04-25 17:35:21.687] [predicting] [info] id:14 following_road.size():2
[2025-04-25 17:35:21.687] [predicting] [info] id:15 following_road.size():1
[2025-04-25 17:35:21.687] [predicting] [info] id:17 following_road.size():1
[2025-04-25 17:35:21.687] [predicting] [info] id:18 following_road.size():1
[2025-04-25 17:35:21.687] [predicting] [info] id:19 following_road.size():1
[2025-04-25 17:35:21.687] [predicting] [info] id:20 following_road.size():1
[2025-04-25 17:35:21.688] [predicting] [info] roadMap.size():7
[2025-04-25 17:35:21.688] [predicting] [info] road_map_.size():7 
[2025-04-25 17:35:21.688] [predicting] [info] 更新road_map_信息完毕
[2025-04-25 17:35:21.688] [predicting] [info] final_result.size():0
[2025-04-25 17:35:33.483] [predicting] [info] start_point.x =6.862691064956252
[2025-04-25 17:35:33.483] [predicting] [info] start_point.y =-3.505751170709374
[2025-04-25 17:35:33.483] [predicting] [info] start_point.yaw =302.27441034282714
[2025-04-25 17:35:33.483] [predicting] [info] Enter PredictingIntface,预测距离100m
[2025-04-25 17:35:33.483] [predicting] [info] referenceline_relation_.size():7
[2025-04-25 17:35:33.483] [predicting] [info] all_referencelines_.size():7
[2025-04-25 17:35:33.483] [predicting] [info] 进入 PreddictPath 函数
[2025-04-25 17:35:33.483] [predicting] [info] 进入 findCurrentRoad 函数
[2025-04-25 17:35:33.483] [predicting] [info] 当前路径id:2 最近距离：11.446855626959382 角度差：179.04558965717285 最近点纵向距离：3.0060794050357105
[2025-04-25 17:35:33.483] [predicting] [info] 当前路径id:14 最近距离：0.32535713494015317 角度差：5.975589657172848 最近点纵向距离：0.3245954910842195
[2025-04-25 17:35:33.483] [predicting] [info] 当前路径id:15 最近距离：57.85408194579729 角度差：122.17441034282713 最近点纵向距离：1.402250766004224
[2025-04-25 17:35:33.483] [predicting] [info] 当前路径id:17 最近距离：52.44553218776059 角度差：112.4044103428271 最近点纵向距离：1.8041376941858323
[2025-04-25 17:35:33.483] [predicting] [info] 当前路径id:18 最近距离：39.81996472330715 角度差：148.1155896571729 最近点纵向距离：37.286450583107055
[2025-04-25 17:35:33.483] [predicting] [info] 当前路径id:19 最近距离：39.81996472330715 角度差：150.96558965717287 最近点纵向距离：37.93527637370097
[2025-04-25 17:35:33.483] [predicting] [info] 当前路径id:20 最近距离：10.78810831336448 角度差：171.14558965717285 最近点纵向距离：0.09843056197203959
[2025-04-25 17:35:33.483] [predicting] [info] validRoads.size():1
[2025-04-25 17:35:33.483] [predicting] [info] currentRoads.size():1 
[2025-04-25 17:35:33.483] [predicting] [info] roadMap.size():7
[2025-04-25 17:35:33.483] [predicting] [info] id:2 following_road.size():0
[2025-04-25 17:35:33.483] [predicting] [info] id:14 following_road.size():2
[2025-04-25 17:35:33.483] [predicting] [info] id:15 following_road.size():1
[2025-04-25 17:35:33.483] [predicting] [info] id:17 following_road.size():1
[2025-04-25 17:35:33.483] [predicting] [info] id:18 following_road.size():1
[2025-04-25 17:35:33.483] [predicting] [info] id:19 following_road.size():1
[2025-04-25 17:35:33.483] [predicting] [info] id:20 following_road.size():1
[2025-04-25 17:35:33.484] [predicting] [info] roadMap.size():7
[2025-04-25 17:35:33.484] [predicting] [info] road_map_.size():7 
[2025-04-25 17:35:33.484] [predicting] [info] 更新road_map_信息,id:14,截断的位置：6 路段总长：77 更新后的路径:71
[2025-04-25 17:35:33.484] [predicting] [info] 更新road_map_信息完毕
[2025-04-25 17:35:33.484] [predicting] [info] 进入 findPathsToLeafRoads 函数
[2025-04-25 17:35:33.484] [predicting] [info] dfs函数内部，当前push_back的路段id:14
[2025-04-25 17:35:33.484] [predicting] [info] dfs函数内部，当前push_back的路段id:17
[2025-04-25 17:35:33.484] [predicting] [info] dfs函数内部，当前探索到的路id为 17,已经满足 100 阈值
[2025-04-25 17:35:33.484] [predicting] [info] dfs函数内部，当前push_back的路段id:15
[2025-04-25 17:35:33.484] [predicting] [info] dfs函数内部，当前探索到的路id为 15,已经满足 100 阈值
[2025-04-25 17:35:33.484] [predicting] [info] temp_road_nodes.size():2
[2025-04-25 17:35:33.484] [predicting] [info] final_result.size():2
[2025-04-25 17:35:33.484] [predicting] [info] nearest_index:6
[2025-04-25 17:35:33.484] [predicting] [info] 当前推入的路径大小:101 path.size():1
[2025-04-25 17:35:33.484] [predicting] [info] nearest_index:6
[2025-04-25 17:35:33.484] [predicting] [info] 当前推入的路径大小:101 path.size():2
[2025-04-25 17:35:37.384] [predicting] [info] start_point.x =-3.8905285395359357
[2025-04-25 17:35:37.384] [predicting] [info] start_point.y =10.204499683782814
[2025-04-25 17:35:37.385] [predicting] [info] start_point.yaw =305.0119808980195
[2025-04-25 17:35:37.385] [predicting] [info] Enter PredictingIntface,预测距离100m
[2025-04-25 17:35:37.385] [predicting] [info] referenceline_relation_.size():7
[2025-04-25 17:35:37.385] [predicting] [info] all_referencelines_.size():7
[2025-04-25 17:35:37.385] [predicting] [info] 进入 PreddictPath 函数
[2025-04-25 17:35:37.385] [predicting] [info] 进入 findCurrentRoad 函数
[2025-04-25 17:35:37.385] [predicting] [info] 当前路径id:2 最近距离：12.163954184300433 角度差：177.1119808980195 最近点纵向距离：0.260191464825529
[2025-04-25 17:35:37.386] [predicting] [info] 当前路径id:14 最近距离：11.785840665818501 角度差：12.058019101980534 最近点纵向距离：11.558339609633258
[2025-04-25 17:35:37.386] [predicting] [info] 当前路径id:15 最近距离：72.01181794945153 角度差：116.62198089801954 最近点纵向距离：3.0755489059793586
[2025-04-25 17:35:37.386] [predicting] [info] 当前路径id:17 最近距离：67.96287371595692 角度差：109.26198089801952 最近点纵向距离：2.523929985192771
[2025-04-25 17:35:37.386] [predicting] [info] 当前路径id:18 最近距离：56.701455797337246 角度差：145.37801910198053 最近点纵向距离：51.06957810386168
[2025-04-25 17:35:37.386] [predicting] [info] 当前路径id:19 最近距离：56.701455797337246 角度差：148.2280191019805 最近点纵向距离：52.23136829221815
[2025-04-25 17:35:37.386] [predicting] [info] 当前路径id:20 最近距离：19.393377569589624 角度差：174.71801910198056 最近点纵向距离：13.92687146875123
[2025-04-25 17:35:37.386] [predicting] [info] validRoads.size():0
[2025-04-25 17:35:37.386] [predicting] [info] currentRoads.size():0 
[2025-04-25 17:35:37.386] [predicting] [info] roadMap.size():7
[2025-04-25 17:35:37.387] [predicting] [info] id:2 following_road.size():0
[2025-04-25 17:35:37.387] [predicting] [info] id:14 following_road.size():2
[2025-04-25 17:35:37.387] [predicting] [info] id:15 following_road.size():1
[2025-04-25 17:35:37.387] [predicting] [info] id:17 following_road.size():1
[2025-04-25 17:35:37.387] [predicting] [info] id:18 following_road.size():1
[2025-04-25 17:35:37.387] [predicting] [info] id:19 following_road.size():1
[2025-04-25 17:35:37.387] [predicting] [info] id:20 following_road.size():1
[2025-04-25 17:35:37.387] [predicting] [info] roadMap.size():7
[2025-04-25 17:35:37.387] [predicting] [info] road_map_.size():7 
[2025-04-25 17:35:37.388] [predicting] [info] 更新road_map_信息完毕
[2025-04-25 17:35:37.388] [predicting] [info] final_result.size():0
[2025-04-25 17:38:22.584] [predicting] [info] start_point.x =-0.4737804926609357
[2025-04-25 17:38:22.584] [predicting] [info] start_point.y =-4.100691356256249
[2025-04-25 17:38:22.584] [predicting] [info] start_point.yaw =304.86004675502716
[2025-04-25 17:38:22.584] [predicting] [info] Enter PredictingIntface,预测距离100m
[2025-04-25 17:38:22.584] [predicting] [info] referenceline_relation_.size():7
[2025-04-25 17:38:22.584] [predicting] [info] all_referencelines_.size():7
[2025-04-25 17:38:22.585] [predicting] [info] 进入 PreddictPath 函数
[2025-04-25 17:38:22.585] [predicting] [info] 进入 findCurrentRoad 函数
[2025-04-25 17:38:22.585] [predicting] [info] 当前路径id:2 最近距离：17.624272884911306 角度差：176.4599532449728 最近点纵向距离：0.2993017705335843
[2025-04-25 17:38:22.585] [predicting] [info] 当前路径id:14 最近距离：5.850741847169519 角度差：10.169953244972756 最近点纵向距离：0.10508957225570059
[2025-04-25 17:38:22.585] [predicting] [info] 当前路径id:15 最近距离：57.46177165719613 角度差：116.4700467550272 最近点纵向距离：4.368454623710205
[2025-04-25 17:38:22.585] [predicting] [info] 当前路径id:17 最近距离：53.255403829091776 角度差：109.1100467550272 最近点纵向距离：1.9293895432363595
[2025-04-25 17:38:22.585] [predicting] [info] 当前路径id:18 最近距离：42.47769765166593 角度差：145.5299532449728 最近点纵向距离：36.74146157218432
[2025-04-25 17:38:22.585] [predicting] [info] 当前路径id:19 最近距离：42.47769765166593 角度差：148.37995324497282 最近点纵向距离：37.755933790934435
[2025-04-25 17:38:22.586] [predicting] [info] 当前路径id:20 最近距离：17.624272884911306 角度差：174.8699532449728 最近点纵向距离：0.18976670242426863
[2025-04-25 17:38:22.586] [predicting] [info] validRoads.size():1
[2025-04-25 17:38:22.586] [predicting] [info] currentRoads.size():1 
[2025-04-25 17:38:22.586] [predicting] [info] roadMap.size():7
[2025-04-25 17:38:22.586] [predicting] [info] id:2 following_road.size():0
[2025-04-25 17:38:22.586] [predicting] [info] id:14 following_road.size():2
[2025-04-25 17:38:22.586] [predicting] [info] id:15 following_road.size():1
[2025-04-25 17:38:22.586] [predicting] [info] id:17 following_road.size():1
[2025-04-25 17:38:22.587] [predicting] [info] id:18 following_road.size():1
[2025-04-25 17:38:22.587] [predicting] [info] id:19 following_road.size():1
[2025-04-25 17:38:22.587] [predicting] [info] id:20 following_road.size():1
[2025-04-25 17:38:22.587] [predicting] [info] roadMap.size():7
[2025-04-25 17:38:22.587] [predicting] [info] road_map_.size():7 
[2025-04-25 17:38:22.587] [predicting] [info] 更新road_map_信息,id:14,截断的位置：1 路段总长：77 更新后的路径:76
[2025-04-25 17:38:22.587] [predicting] [info] 更新road_map_信息完毕
[2025-04-25 17:38:22.588] [predicting] [info] 进入 findPathsToLeafRoads 函数
[2025-04-25 17:38:22.588] [predicting] [info] dfs函数内部，当前push_back的路段id:14
[2025-04-25 17:38:22.588] [predicting] [info] dfs函数内部，当前push_back的路段id:17
[2025-04-25 17:38:22.588] [predicting] [info] dfs函数内部，当前探索到的路id为 17,已经满足 100 阈值
[2025-04-25 17:38:22.589] [predicting] [info] dfs函数内部，当前push_back的路段id:15
[2025-04-25 17:38:22.589] [predicting] [info] dfs函数内部，当前探索到的路id为 15,已经满足 100 阈值
[2025-04-25 17:38:22.589] [predicting] [info] temp_road_nodes.size():2
[2025-04-25 17:38:22.590] [predicting] [info] final_result.size():2
[2025-04-25 17:38:22.590] [predicting] [info] nearest_index:1
[2025-04-25 17:38:22.590] [predicting] [info] 当前推入的路径大小:101 path.size():1
[2025-04-25 17:38:22.590] [predicting] [info] nearest_index:1
[2025-04-25 17:38:22.590] [predicting] [info] 当前推入的路径大小:101 path.size():2
[2025-04-25 17:38:27.483] [predicting] [info] start_point.x =19.723775049331252
[2025-04-25 17:38:27.483] [predicting] [info] start_point.y =6.179917774603126
[2025-04-25 17:38:27.483] [predicting] [info] start_point.yaw =291.0779817647487
[2025-04-25 17:38:27.483] [predicting] [info] Enter PredictingIntface,预测距离100m
[2025-04-25 17:38:27.483] [predicting] [info] referenceline_relation_.size():7
[2025-04-25 17:38:27.483] [predicting] [info] all_referencelines_.size():7
[2025-04-25 17:38:27.483] [predicting] [info] 进入 PreddictPath 函数
[2025-04-25 17:38:27.483] [predicting] [info] 进入 findCurrentRoad 函数
[2025-04-25 17:38:27.483] [predicting] [info] 当前路径id:2 最近距离：5.174491905903943 角度差：169.7579817647487 最近点纵向距离：1.4172455141241
[2025-04-25 17:38:27.483] [predicting] [info] 当前路径id:14 最近距离：16.074147199199775 角度差：17.17201823525127 最近点纵向距离：0.03130397554818565
[2025-04-25 17:38:27.483] [predicting] [info] 当前路径id:15 最近距离：68.81979943262652 角度差：119.1079817647487 最近点纵向距离：2.593737534395517
[2025-04-25 17:38:27.483] [predicting] [info] 当前路径id:17 最近距离：61.502600672016094 角度差：110.61798176474868 最近点纵向距离：3.1626573963879117
[2025-04-25 17:38:27.483] [predicting] [info] 当前路径id:18 最近距离：46.89611071755236 角度差：159.31201823525132 最近点纵向距离：46.88435320383496
[2025-04-25 17:38:27.483] [predicting] [info] 当前路径id:19 最近距离：46.89611071755236 角度差：162.1620182352513 最近点纵向距离：46.878573643896225
[2025-04-25 17:38:27.483] [predicting] [info] 当前路径id:20 最近距离：5.015705780119172 角度差：171.34798176474865 最近点纵向距离：0.1266672793728696
[2025-04-25 17:38:27.484] [predicting] [info] validRoads.size():1
[2025-04-25 17:38:27.484] [predicting] [info] currentRoads.size():1 
[2025-04-25 17:38:27.484] [predicting] [info] roadMap.size():7
[2025-04-25 17:38:27.484] [predicting] [info] id:2 following_road.size():0
[2025-04-25 17:38:27.484] [predicting] [info] id:14 following_road.size():2
[2025-04-25 17:38:27.484] [predicting] [info] id:15 following_road.size():1
[2025-04-25 17:38:27.484] [predicting] [info] id:17 following_road.size():1
[2025-04-25 17:38:27.484] [predicting] [info] id:18 following_road.size():1
[2025-04-25 17:38:27.484] [predicting] [info] id:19 following_road.size():1
[2025-04-25 17:38:27.484] [predicting] [info] id:20 following_road.size():1
[2025-04-25 17:38:27.484] [predicting] [info] roadMap.size():7
[2025-04-25 17:38:27.485] [predicting] [info] road_map_.size():7 
[2025-04-25 17:38:27.485] [predicting] [info] 更新road_map_信息,id:14,截断的位置：6 路段总长：77 更新后的路径:71
[2025-04-25 17:38:27.485] [predicting] [info] 更新road_map_信息完毕
[2025-04-25 17:38:27.485] [predicting] [info] 进入 findPathsToLeafRoads 函数
[2025-04-25 17:38:27.485] [predicting] [info] dfs函数内部，当前push_back的路段id:14
[2025-04-25 17:38:27.485] [predicting] [info] dfs函数内部，当前push_back的路段id:17
[2025-04-25 17:38:27.485] [predicting] [info] dfs函数内部，当前探索到的路id为 17,已经满足 100 阈值
[2025-04-25 17:38:27.485] [predicting] [info] dfs函数内部，当前push_back的路段id:15
[2025-04-25 17:38:27.485] [predicting] [info] dfs函数内部，当前探索到的路id为 15,已经满足 100 阈值
[2025-04-25 17:38:27.485] [predicting] [info] temp_road_nodes.size():2
[2025-04-25 17:38:27.485] [predicting] [info] final_result.size():2
[2025-04-25 17:38:27.485] [predicting] [info] nearest_index:6
[2025-04-25 17:38:27.485] [predicting] [info] 当前推入的路径大小:101 path.size():1
[2025-04-25 17:38:27.485] [predicting] [info] nearest_index:6
[2025-04-25 17:38:27.485] [predicting] [info] 当前推入的路径大小:101 path.size():2
[2025-04-25 17:38:37.282] [predicting] [info] start_point.x =13.87867464649922
[2025-04-25 17:38:37.282] [predicting] [info] start_point.y =0.5605940441343762
[2025-04-25 17:38:37.282] [predicting] [info] start_point.yaw =301.03846712194576
[2025-04-25 17:38:37.282] [predicting] [info] Enter PredictingIntface,预测距离100m
[2025-04-25 17:38:37.283] [predicting] [info] referenceline_relation_.size():7
[2025-04-25 17:38:37.283] [predicting] [info] all_referencelines_.size():7
[2025-04-25 17:38:37.283] [predicting] [info] 进入 PreddictPath 函数
[2025-04-25 17:38:37.283] [predicting] [info] 进入 findCurrentRoad 函数
[2025-04-25 17:38:37.283] [predicting] [info] 当前路径id:2 最近距离：4.328785324275072 角度差：179.71846712194576 最近点纵向距离：3.1793223997244637
[2025-04-25 17:38:37.283] [predicting] [info] 当前路径id:14 最近距离：8.006831475500208 角度差：6.131532878054283 最近点纵向距离：0.32521637113195734
[2025-04-25 17:38:37.283] [predicting] [info] 当前路径id:15 最近距离：62.4060282014804 角度差：125.01846712194576 最近点纵向距离：3.0006618891426307
[2025-04-25 17:38:37.283] [predicting] [info] 当前路径id:17 最近距离：55.875839311053696 角度差：117.40846712194576 最近点纵向距离：1.3619881638162474
[2025-04-25 17:38:37.283] [predicting] [info] 当前路径id:18 最近距离：41.8827986536506 角度差：149.35153287805423 最近点纵向距离：41.30494568013967
[2025-04-25 17:38:37.283] [predicting] [info] 当前路径id:19 最近距离：41.8827986536506 角度差：152.20153287805425 最近点纵向距离：41.59858862950043
[2025-04-25 17:38:37.283] [predicting] [info] 当前路径id:20 最近距离：2.7367101311215007 角度差：174.24153287805427 最近点纵向距离：0.04514782618453972
[2025-04-25 17:38:37.283] [predicting] [info] validRoads.size():1
[2025-04-25 17:38:37.283] [predicting] [info] currentRoads.size():1 
[2025-04-25 17:38:37.283] [predicting] [info] roadMap.size():7
[2025-04-25 17:38:37.283] [predicting] [info] id:2 following_road.size():0
[2025-04-25 17:38:37.283] [predicting] [info] id:14 following_road.size():2
[2025-04-25 17:38:37.284] [predicting] [info] id:15 following_road.size():1
[2025-04-25 17:38:37.284] [predicting] [info] id:17 following_road.size():1
[2025-04-25 17:38:37.284] [predicting] [info] id:18 following_road.size():1
[2025-04-25 17:38:37.284] [predicting] [info] id:19 following_road.size():1
[2025-04-25 17:38:37.284] [predicting] [info] id:20 following_road.size():1
[2025-04-25 17:38:37.284] [predicting] [info] roadMap.size():7
[2025-04-25 17:38:37.285] [predicting] [info] road_map_.size():7 
[2025-04-25 17:38:37.285] [predicting] [info] 更新road_map_信息,id:14,截断的位置：7 路段总长：77 更新后的路径:70
[2025-04-25 17:38:37.285] [predicting] [info] 更新road_map_信息完毕
[2025-04-25 17:38:37.286] [predicting] [info] 进入 findPathsToLeafRoads 函数
[2025-04-25 17:38:37.286] [predicting] [info] dfs函数内部，当前push_back的路段id:14
[2025-04-25 17:38:37.286] [predicting] [info] dfs函数内部，当前push_back的路段id:17
[2025-04-25 17:38:37.286] [predicting] [info] dfs函数内部，当前探索到的路id为 17,已经满足 100 阈值
[2025-04-25 17:38:37.286] [predicting] [info] dfs函数内部，当前push_back的路段id:15
[2025-04-25 17:38:37.286] [predicting] [info] dfs函数内部，当前探索到的路id为 15,已经满足 100 阈值
[2025-04-25 17:38:37.287] [predicting] [info] temp_road_nodes.size():2
[2025-04-25 17:38:37.287] [predicting] [info] final_result.size():2
[2025-04-25 17:38:37.287] [predicting] [info] nearest_index:7
[2025-04-25 17:38:37.287] [predicting] [info] 当前推入的路径大小:101 path.size():1
[2025-04-25 17:38:37.287] [predicting] [info] nearest_index:7
[2025-04-25 17:38:37.287] [predicting] [info] 当前推入的路径大小:102 path.size():2
