[2025-04-17 16:41:57.382] [predicting] [info] 本地仿真环境日志
[2025-04-17 16:42:11.784] [predicting] [info] start_point.x =204.14256777394064
[2025-04-17 16:42:11.784] [predicting] [info] start_point.y =-664.7139115711
[2025-04-17 16:42:11.784] [predicting] [info] start_point.yaw =85.37856673845332
[2025-04-17 16:42:11.784] [predicting] [info] Enter PredictingIntface 
[2025-04-17 16:42:11.784] [predicting] [info] referenceline_relation_.size():48
[2025-04-17 16:42:11.784] [predicting] [info] all_referencelines_.size():51
[2025-04-17 16:42:11.784] [predicting] [info] 进入 PreddictPath 函数
[2025-04-17 16:42:11.784] [predicting] [info] 进入 findCurrentRoad 函数
[2025-04-17 16:42:11.784] [predicting] [info] 当前路径id:7 最近距离：609.6130835096533 角度差：13.501433261546698 最近点纵向距离：567.6142309857481
[2025-04-17 16:42:11.784] [predicting] [info] 当前路径id:8 最近距离：624.4884723104743 角度差：45.55143326154671 最近点纵向距离：608.789930705421
[2025-04-17 16:42:11.784] [predicting] [info] 当前路径id:30 最近距离：624.4884722349525 角度差：45.98143326154671 最近点纵向距离：607.7285421763265
[2025-04-17 16:42:11.784] [predicting] [info] 当前路径id:52 最近距离：573.4465050426242 角度差：217.36143326154667 最近点纵向距离：171.39740639810225
[2025-04-17 16:42:11.784] [predicting] [info] 当前路径id:53 最近距离：507.48233656584415 角度差：59.07856673845332 最近点纵向距离：506.78106047404106
[2025-04-17 16:42:11.785] [predicting] [info] 当前路径id:54 最近距离：68.13865846113097 角度差：26.558566738453305 最近点纵向距离：0.6247190551102406
[2025-04-17 16:42:11.785] [predicting] [info] 当前路径id:56 最近距离：564.477677152598 角度差：41.49143326154669 最近点纵向距离：560.9269519220351
[2025-04-17 16:42:11.785] [predicting] [info] 当前路径id:57 最近距离：561.0730697275508 角度差：228.2414332615467 最近点纵向距离：548.2680375167573
[2025-04-17 16:42:11.785] [predicting] [info] 当前路径id:59 最近距离：512.3823254480301 角度差：119.79143326154669 最近点纵向距离：511.8342348840116
[2025-04-17 16:42:11.785] [predicting] [info] 当前路径id:60 最近距离：567.2981186372721 角度差：33.67143326154669 最近点纵向距离：136.40231474917033
[2025-04-17 16:42:11.785] [predicting] [info] 当前路径id:66 最近距离：401.67166020307957 角度差：246.5414332615467 最近点纵向距离：276.65739446762325
[2025-04-17 16:42:11.785] [predicting] [info] 当前路径id:68 最近距离：74.61049104645473 角度差：152.11143326154667 最近点纵向距离：0.25416195043280254
[2025-04-17 16:42:11.785] [predicting] [info] 当前路径id:69 最近距离：346.8602159431175 角度差：229.4914332615467 最近点纵向距离：258.86892289322407
[2025-04-17 16:42:11.785] [predicting] [info] 当前路径id:70 最近距离：313.5893125099863 角度差：134.7414332615467 最近点纵向距离：191.90840883401657
[2025-04-17 16:42:11.785] [predicting] [info] 当前路径id:71 最近距离：307.5650805319258 角度差：133.79143326154667 最近点纵向距离：187.24348513940953
[2025-04-17 16:42:11.785] [predicting] [info] 当前路径id:72 最近距离：301.8150205881781 角度差：133.7714332615467 最近点纵向距离：186.7220056562241
[2025-04-17 16:42:11.785] [predicting] [info] 当前路径id:73 最近距离：280.01335873488216 角度差：134.1914332615467 最近点纵向距离：187.5277924840236
[2025-04-17 16:42:11.785] [predicting] [info] 当前路径id:74 最近距离：285.43747481574314 角度差：135.37143326154668 最近点纵向距离：192.25269773729482
[2025-04-17 16:42:11.785] [predicting] [info] 当前路径id:75 最近距离：291.0457260481618 角度差：135.40143326154669 最近点纵向距离：192.76658456912926
[2025-04-17 16:42:11.785] [predicting] [info] 当前路径id:76 最近距离：280.01335873488216 角度差：132.39143326154667 最近点纵向距离：180.90357232622964
[2025-04-17 16:42:11.785] [predicting] [info] 当前路径id:77 最近距离：285.43747481574314 角度差：132.2714332615467 最近点纵向距离：180.56170639752767
[2025-04-17 16:42:11.785] [predicting] [info] 当前路径id:78 最近距离：291.0457260481618 角度差：131.87143326154668 最近点纵向距离：178.97485468302918
[2025-04-17 16:42:11.785] [predicting] [info] 当前路径id:79 最近距离：296.4222669731682 角度差：132.81143326154668 最近点纵向距离：182.4302314964791
[2025-04-17 16:42:11.785] [predicting] [info] 当前路径id:80 最近距离：296.4222669731682 角度差：135.1614332615467 最近点纵向距离：191.85671997612917
[2025-04-17 16:42:11.785] [predicting] [info] 当前路径id:81 最近距离：307.5650805319258 角度差：132.5514332615467 最近点纵向距离：181.91937343551103
[2025-04-17 16:42:11.786] [predicting] [info] 当前路径id:82 最近距离：313.5893125099863 角度差：132.35143326154665 最近点纵向距离：181.39910082331838
[2025-04-17 16:42:11.786] [predicting] [info] 当前路径id:83 最近距离：301.8150205881781 角度差：131.90143326154669 最近点纵向距离：178.88480765902278
[2025-04-17 16:42:11.786] [predicting] [info] 当前路径id:84 最近距离：244.41423158781865 角度差：185.9114332615467 最近点纵向距离：241.72491887881773
[2025-04-17 16:42:11.786] [predicting] [info] 当前路径id:85 最近距离：292.67697754168125 角度差：133.29143326154667 最近点纵向距离：173.54728013086685
[2025-04-17 16:42:11.786] [predicting] [info] 当前路径id:86 最近距离：292.67697754168125 角度差：133.67143326154672 最近点纵向距离：175.10648576451652
[2025-04-17 16:42:11.786] [predicting] [info] 当前路径id:87 最近距离：292.67697754168125 角度差：133.81143326154665 最近点纵向距离：175.67899198783968
[2025-04-17 16:42:11.786] [predicting] [info] 当前路径id:88 最近距离：292.67697754168125 角度差：132.02143326154672 最近点纵向距离：168.28125216746048
[2025-04-17 16:42:11.786] [predicting] [info] 当前路径id:89 最近距离：292.67697754168125 角度差：131.6814332615467 最近点纵向距离：166.85731160537094
[2025-04-17 16:42:11.786] [predicting] [info] 当前路径id:90 最近距离：292.67697754168125 角度差：131.37143326154666 最近点纵向距离：165.55389069831574
[2025-04-17 16:42:11.786] [predicting] [info] 当前路径id:91 最近距离：290.1001019448353 角度差：91.35143326154666 最近点纵向距离：0.2717162708350358
[2025-04-17 16:42:11.786] [predicting] [info] 当前路径id:92 最近距离：512.3823254796927 角度差：121.15143326154666 最近点纵向距离：511.1277145770008
[2025-04-17 16:42:11.786] [predicting] [info] 当前路径id:93 最近距离：507.4823365949094 角度差：58.69856673845334 最近点纵向距离：506.59303511958905
[2025-04-17 16:42:11.786] [predicting] [info] 当前路径id:99 最近距离：764.0362183527262 角度差：18.95143326154669 最近点纵向距离：130.01819556645663
[2025-04-17 16:42:11.786] [predicting] [info] 当前路径id:102 最近距离：233.678787768212 角度差：194.9614332615467 最近点纵向距离：232.42471457163975
[2025-04-17 16:42:11.786] [predicting] [info] 当前路径id:103 最近距离：377.9135057641587 角度差：58.871433261546706 最近点纵向距离：278.49627198345104
[2025-04-17 16:42:11.786] [predicting] [info] 当前路径id:105 最近距离：315.52929924155444 角度差：23.03143326154669 最近点纵向距离：309.56128808587374
[2025-04-17 16:42:11.786] [predicting] [info] 当前路径id:107 最近距离：27.923288517108144 角度差：160.5614332615467 最近点纵向距离：0.1303275096423313
[2025-04-17 16:42:11.786] [predicting] [info] 当前路径id:108 最近距离：0.6583495796903016 角度差：5.6814332615467 最近点纵向距离：0.03564041240389676
[2025-04-17 16:42:11.786] [predicting] [info] 当前路径id:109 最近距离：43.53175000204923 角度差：158.1314332615467 最近点纵向距离：33.66575207081502
[2025-04-17 16:42:11.786] [predicting] [info] 当前路径id:117 最近距离：234.37377125379064 角度差：15.911433261546701 最近点纵向距离：231.89373418508026
[2025-04-17 16:42:11.787] [predicting] [info] 当前路径id:119 最近距离：244.41423158781865 角度差：186.40143326154669 最近点纵向距离：242.02530030499818
[2025-04-17 16:42:11.787] [predicting] [info] 当前路径id:121 最近距离：317.0085217302051 角度差：204.60143326154673 最近点纵向距离：310.9692739805249
[2025-04-17 16:42:11.787] [predicting] [info] 当前路径id:122 最近距离：233.678787768212 角度差：195.1714332615467 最近点纵向距离：232.33454024103014
[2025-04-17 16:42:11.787] [predicting] [info] 当前路径id:126 最近距离：772.2527409602284 角度差：199.98143326154667 最近点纵向距离：152.11397204316427
[2025-04-17 16:42:11.787] [predicting] [info] 当前路径id:127 最近距离：315.52929924155444 角度差：23.63143326154668 最近点纵向距离：308.904716826566
[2025-04-17 16:42:11.787] [predicting] [info] 当前路径id:129 最近距离：14.981934242908354 角度差：6.131433261546698 最近点纵向距离：14.969276186135348
[2025-04-17 16:42:11.787] [predicting] [info] validRoads.size():1
[2025-04-17 16:42:11.787] [predicting] [info] currentRoads.size():1 
[2025-04-17 16:42:11.787] [predicting] [info] roadMap.size():51
[2025-04-17 16:42:11.787] [predicting] [info] id:7 following_road.size():1
[2025-04-17 16:42:11.787] [predicting] [info] id:8 following_road.size():1
[2025-04-17 16:42:11.787] [predicting] [info] id:30 following_road.size():1
[2025-04-17 16:42:11.788] [predicting] [info] id:52 following_road.size():1
[2025-04-17 16:42:11.788] [predicting] [info] id:53 following_road.size():1
[2025-04-17 16:42:11.788] [predicting] [info] id:54 following_road.size():2
[2025-04-17 16:42:11.788] [predicting] [info] id:56 following_road.size():1
[2025-04-17 16:42:11.788] [predicting] [info] id:57 following_road.size():1
[2025-04-17 16:42:11.788] [predicting] [info] id:59 following_road.size():1
[2025-04-17 16:42:11.788] [predicting] [info] id:66 following_road.size():2
[2025-04-17 16:42:11.788] [predicting] [info] id:68 following_road.size():2
[2025-04-17 16:42:11.788] [predicting] [info] id:69 following_road.size():7
[2025-04-17 16:42:11.788] [predicting] [info] id:70 following_road.size():1
[2025-04-17 16:42:11.788] [predicting] [info] id:71 following_road.size():1
[2025-04-17 16:42:11.788] [predicting] [info] id:72 following_road.size():1
[2025-04-17 16:42:11.788] [predicting] [info] id:73 following_road.size():1
[2025-04-17 16:42:11.788] [predicting] [info] id:74 following_road.size():1
[2025-04-17 16:42:11.788] [predicting] [info] id:75 following_road.size():1
[2025-04-17 16:42:11.788] [predicting] [info] id:76 following_road.size():1
[2025-04-17 16:42:11.788] [predicting] [info] id:77 following_road.size():1
[2025-04-17 16:42:11.788] [predicting] [info] id:78 following_road.size():1
[2025-04-17 16:42:11.788] [predicting] [info] id:79 following_road.size():1
[2025-04-17 16:42:11.788] [predicting] [info] id:80 following_road.size():1
[2025-04-17 16:42:11.788] [predicting] [info] id:81 following_road.size():1
[2025-04-17 16:42:11.788] [predicting] [info] id:82 following_road.size():1
[2025-04-17 16:42:11.788] [predicting] [info] id:83 following_road.size():1
[2025-04-17 16:42:11.788] [predicting] [info] id:84 following_road.size():1
[2025-04-17 16:42:11.788] [predicting] [info] id:85 following_road.size():2
[2025-04-17 16:42:11.788] [predicting] [info] id:86 following_road.size():2
[2025-04-17 16:42:11.788] [predicting] [info] id:87 following_road.size():2
[2025-04-17 16:42:11.788] [predicting] [info] id:88 following_road.size():2
[2025-04-17 16:42:11.788] [predicting] [info] id:89 following_road.size():2
[2025-04-17 16:42:11.788] [predicting] [info] id:90 following_road.size():2
[2025-04-17 16:42:11.788] [predicting] [info] id:91 following_road.size():2
[2025-04-17 16:42:11.788] [predicting] [info] id:92 following_road.size():1
[2025-04-17 16:42:11.789] [predicting] [info] id:93 following_road.size():1
[2025-04-17 16:42:11.789] [predicting] [info] id:102 following_road.size():1
[2025-04-17 16:42:11.789] [predicting] [info] id:103 following_road.size():1
[2025-04-17 16:42:11.789] [predicting] [info] id:105 following_road.size():1
[2025-04-17 16:42:11.789] [predicting] [info] id:107 following_road.size():1
[2025-04-17 16:42:11.789] [predicting] [info] id:108 following_road.size():1
[2025-04-17 16:42:11.789] [predicting] [info] id:117 following_road.size():2
[2025-04-17 16:42:11.789] [predicting] [info] id:119 following_road.size():1
[2025-04-17 16:42:11.789] [predicting] [info] id:121 following_road.size():2
[2025-04-17 16:42:11.789] [predicting] [info] id:122 following_road.size():1
[2025-04-17 16:42:11.789] [predicting] [info] id:126 following_road.size():1
[2025-04-17 16:42:11.789] [predicting] [info] id:127 following_road.size():7
[2025-04-17 16:42:11.789] [predicting] [info] id:129 following_road.size():1
[2025-04-17 16:42:11.789] [predicting] [info] roadMap.size():51
[2025-04-17 16:42:11.789] [predicting] [info] road_map_.size():51 
[2025-04-17 16:42:11.789] [predicting] [info] 更新road_map_信息,id:108,截断的位置：15 路段总长：251 更新后的路径:236
[2025-04-17 16:42:11.789] [predicting] [info] 更新road_map_信息完毕
[2025-04-17 16:42:11.789] [predicting] [info] 进入 findPathsToLeafRoads 函数
[2025-04-17 16:42:11.789] [predicting] [info] dfs函数内部，当前push_back的路段id:108
[2025-04-17 16:42:11.789] [predicting] [info] dfs函数内部，当前探索到的路id为 108,已经满足 100 阈值
[2025-04-17 16:42:11.789] [predicting] [info] temp_road_nodes.size():1
[2025-04-17 16:42:11.789] [predicting] [info] final_result.size():1
[2025-04-17 16:42:11.790] [predicting] [info] nearest_index:250
[2025-04-17 16:42:11.790] [predicting] [info] 当前推入的路径大小:1 path.size():1
