[2025-04-17 15:32:00.513] [predicting] [info] 本地仿真环境日志
[2025-04-17 15:32:14.215] [predicting] [info] start_point.x =204.91563906300314
[2025-04-17 15:32:14.215] [predicting] [info] start_point.y =-672.5244584461
[2025-04-17 15:32:14.215] [predicting] [info] start_point.yaw =88.02822934393303
[2025-04-17 15:32:14.215] [predicting] [info] Enter PredictingIntface 
[2025-04-17 15:32:14.215] [predicting] [info] referenceline_relation_.size():48
[2025-04-17 15:32:14.215] [predicting] [info] all_referencelines_.size():51
[2025-04-17 15:32:14.215] [predicting] [info] 进入 PreddictPath 函数
[2025-04-17 15:32:14.215] [predicting] [info] 进入 findCurrentRoad 函数
[2025-04-17 15:32:14.215] [predicting] [info] 当前路径id:7 最近距离：616.7569673783736 角度差：10.851770656066972 最近点纵向距离：575.4504947062497
[2025-04-17 15:32:14.215] [predicting] [info] 当前路径id:8 最近距离：631.7518811927748 角度差：42.90177065606699 最近点纵向距离：615.1973484337597
[2025-04-17 15:32:14.215] [predicting] [info] 当前路径id:30 最近距离：631.7518811157491 角度差：43.331770656066986 最近点纵向距离：614.101760666583
[2025-04-17 15:32:14.215] [predicting] [info] 当前路径id:52 最近距离：572.1768662148208 角度差：214.711770656067 最近点纵向距离：178.38521673480736
[2025-04-17 15:32:14.215] [predicting] [info] 当前路径id:53 最近距离：505.159941377048 角度差：61.72822934393304 最近点纵向距离：504.01348008951027
[2025-04-17 15:32:14.215] [predicting] [info] 当前路径id:54 最近距离：73.06185744255855 角度差：32.418229343933035 最近点纵向距离：0.18471559736744325
[2025-04-17 15:32:14.216] [predicting] [info] 当前路径id:56 最近距离：571.6127481272534 角度差：38.84177065606696 最近点纵向距离：567.6392249285477
[2025-04-17 15:32:14.216] [predicting] [info] 当前路径id:57 最近距离：568.1553856687874 角度差：225.59177065606696 最近点纵向距离：554.4556557230595
[2025-04-17 15:32:14.216] [predicting] [info] 当前路径id:59 最近距离：510.1603044958 角度差：117.14177065606695 最近点纵向距离：509.2120346652404
[2025-04-17 15:32:14.216] [predicting] [info] 当前路径id:60 最近距离：566.0577041845143 角度差：31.021770656066963 最近点纵向距离：143.60564821401465
[2025-04-17 15:32:14.216] [predicting] [info] 当前路径id:66 最近距离：409.4080266842899 角度差：243.89177065606697 最近点纵向距离：281.01592360979595
[2025-04-17 15:32:14.216] [predicting] [info] 当前路径id:68 最近距离：79.59287960569655 角度差：146.15177065606696 最近点纵向距离：1.1708266175871245
[2025-04-17 15:32:14.216] [predicting] [info] 当前路径id:69 最近距离：354.70156478096396 角度差：226.84177065606696 最近点纵向距离：264.9497326170122
[2025-04-17 15:32:14.216] [predicting] [info] 当前路径id:70 最近距离：321.4255957287932 角度差：132.09177065606696 最近点纵向距离：196.3502868901831
[2025-04-17 15:32:14.216] [predicting] [info] 当前路径id:71 最近距离：315.39528933314716 角度差：131.14177065606694 最近点纵向距离：191.5774666653172
[2025-04-17 15:32:14.216] [predicting] [info] 当前路径id:72 最近距离：309.63777567004007 角度差：131.12177065606696 最近点纵向距离：191.05370276590713
[2025-04-17 15:32:14.216] [predicting] [info] 当前路径id:73 最近距离：287.78538064850875 角度差：131.54177065606697 最近点纵向距离：191.90735106736574
[2025-04-17 15:32:14.216] [predicting] [info] 当前路径id:74 最近距离：293.2252226234513 角度差：132.72177065606698 最近点纵向距离：196.76545664299192
[2025-04-17 15:32:14.216] [predicting] [info] 当前路径id:75 最近距离：298.84754618491064 角度差：132.75177065606698 最近点纵向距离：197.28270521192204
[2025-04-17 15:32:14.216] [predicting] [info] 当前路径id:76 最近距离：287.78538064850875 角度差：129.74177065606696 最近点纵向距离：185.07638536826073
[2025-04-17 15:32:14.216] [predicting] [info] 当前路径id:77 最近距离：293.2252226234513 角度差：129.62177065606696 最近点纵向距离：184.720587702832
[2025-04-17 15:32:14.216] [predicting] [info] 当前路径id:78 最近距离：298.84754618491064 角度差：129.22177065606698 最近点纵向距离：183.08716545559813
[2025-04-17 15:32:14.216] [predicting] [info] 当前路径id:79 最近距离：304.2364559076784 角度差：130.16177065606695 最近点纵向距离：186.65166107273922
[2025-04-17 15:32:14.216] [predicting] [info] 当前路径id:80 最近距离：304.2364559076784 角度差：132.51177065606697 最近点纵向距离：196.34591213225474
[2025-04-17 15:32:14.216] [predicting] [info] 当前路径id:81 最近距离：315.39528933314716 角度差：129.90177065606696 最近点纵向距离：186.11073364307205
[2025-04-17 15:32:14.216] [predicting] [info] 当前路径id:82 最近距离：321.4255957287932 角度差：129.70177065606694 最近点纵向距离：185.56727198386875
[2025-04-17 15:32:14.216] [predicting] [info] 当前路径id:83 最近距离：309.63777567004007 角度差：129.25177065606698 最近点纵向距离：183.00061820217235
[2025-04-17 15:32:14.216] [predicting] [info] 当前路径id:84 最近距离：252.2430544211647 角度差：183.26177065606697 最近点纵向距离：249.55089023453445
[2025-04-17 15:32:14.217] [predicting] [info] 当前路径id:85 最近距离：300.5126252874422 角度差：130.64177065606694 最近点纵向距离：177.8239935510748
[2025-04-17 15:32:14.217] [predicting] [info] 当前路径id:86 最近距离：300.5126252874422 角度差：131.021770656067 最近点纵向距离：179.42675288158327
[2025-04-17 15:32:14.217] [predicting] [info] 当前路径id:87 最近距离：300.5126252874422 角度差：131.16177065606695 最近点纵向距离：180.01525740188947
[2025-04-17 15:32:14.217] [predicting] [info] 当前路径id:88 最近距离：300.5126252874422 角度差：129.37177065606699 最近点纵向距离：172.41105049961428
[2025-04-17 15:32:14.217] [predicting] [info] 当前路径id:89 最近距离：300.5126252874422 角度差：129.03177065606695 最近点纵向距离：170.94743102285776
[2025-04-17 15:32:14.217] [predicting] [info] 当前路径id:90 最近距离：300.5126252874422 角度差：128.72177065606692 最近点纵向距离：169.60770671969522
[2025-04-17 15:32:14.217] [predicting] [info] 当前路径id:91 最近距离：297.857429682177 角度差：88.70177065606694 最近点纵向距离：1.4890525188044457
[2025-04-17 15:32:14.217] [predicting] [info] 当前路径id:92 最近距离：510.1603045342652 角度差：118.50177065606695 最近点纵向距离：508.3306735571062
[2025-04-17 15:32:14.217] [predicting] [info] 当前路径id:93 最近距离：505.15994141293044 角度差：61.34822934393307 最近点纵向距离：503.77680489497345
[2025-04-17 15:32:14.217] [predicting] [info] 当前路径id:99 最近距离：764.2299863432311 角度差：16.301770656066964 最近点纵向距离：137.77706725277352
[2025-04-17 15:32:14.217] [predicting] [info] 当前路径id:102 最近距离：241.52568930920776 角度差：192.311770656067 最近点纵向距离：240.24717576984077
[2025-04-17 15:32:14.217] [predicting] [info] 当前路径id:103 最近距离：385.7191341711801 角度差：56.22177065606697 最近点纵向距离：283.6869859280226
[2025-04-17 15:32:14.217] [predicting] [info] 当前路径id:105 最近距离：323.37504051203734 角度差：20.381770656066962 最近点纵向距离：317.216245481086
[2025-04-17 15:32:14.217] [predicting] [info] 当前路径id:107 最近距离：31.859472746329743 角度差：157.051770656067 最近点纵向距离：0.20826228252838064
[2025-04-17 15:32:14.218] [predicting] [info] 当前路径id:108 最近距离：0.14702183109400457 角度差：3.231770656066962 最近点纵向距离：0.14100009106232467
[2025-04-17 15:32:14.218] [predicting] [info] 当前路径id:109 最近距离：40.954571900318534 角度差：53.508229343933046 最近点纵向距离：34.76713129499844
[2025-04-17 15:32:14.218] [predicting] [info] 当前路径id:117 最近距离：242.21402062849728 角度差：13.261770656066973 最近点纵向距离：239.70448596383696
[2025-04-17 15:32:14.218] [predicting] [info] 当前路径id:119 最近距离：252.2430544211647 角度差：183.75177065606695 最近点纵向距离：249.85609134404064
[2025-04-17 15:32:14.218] [predicting] [info] 当前路径id:121 最近距离：324.8458396289202 角度差：201.951770656067 最近点纵向距离：318.57387163647996
[2025-04-17 15:32:14.218] [predicting] [info] 当前路径id:122 最近距离：241.52568930920776 角度差：192.52177065606696 最近点纵向距离：240.15459808147588
[2025-04-17 15:32:14.218] [predicting] [info] 当前路径id:126 最近距离：772.5189430227388 角度差：197.331770656067 最近点纵向距离：159.85030400900175
[2025-04-17 15:32:14.218] [predicting] [info] 当前路径id:127 最近距离：323.37504051203734 角度差：20.981770656066953 最近点纵向距离：316.54110502068625
[2025-04-17 15:32:14.219] [predicting] [info] 当前路径id:129 最近距离：7.141236443514036 角度差：3.4817706560669714 最近点纵向距离：7.141070066729326
[2025-04-17 15:32:14.219] [predicting] [info] validRoads.size():1
[2025-04-17 15:32:14.219] [predicting] [info] currentRoads.size():1 
[2025-04-17 15:32:14.219] [predicting] [info] roadMap.size():51
[2025-04-17 15:32:14.219] [predicting] [info] id:7
[2025-04-17 15:32:14.220] [predicting] [info] id:8
[2025-04-17 15:32:14.220] [predicting] [info] id:30
[2025-04-17 15:32:14.220] [predicting] [info] id:52
[2025-04-17 15:32:14.220] [predicting] [info] id:53
[2025-04-17 15:32:14.220] [predicting] [info] id:54
[2025-04-17 15:32:14.220] [predicting] [info] id:56
[2025-04-17 15:32:14.220] [predicting] [info] id:57
[2025-04-17 15:32:14.220] [predicting] [info] id:59
[2025-04-17 15:32:14.220] [predicting] [info] id:66
[2025-04-17 15:32:14.221] [predicting] [info] id:68
[2025-04-17 15:32:14.221] [predicting] [info] id:69
[2025-04-17 15:32:14.221] [predicting] [info] id:70
[2025-04-17 15:32:14.221] [predicting] [info] id:71
[2025-04-17 15:32:14.221] [predicting] [info] id:72
[2025-04-17 15:32:14.221] [predicting] [info] id:73
[2025-04-17 15:32:14.221] [predicting] [info] id:74
[2025-04-17 15:32:14.221] [predicting] [info] id:75
[2025-04-17 15:32:14.222] [predicting] [info] id:76
[2025-04-17 15:32:14.222] [predicting] [info] id:77
[2025-04-17 15:32:14.222] [predicting] [info] id:78
[2025-04-17 15:32:14.223] [predicting] [info] id:79
[2025-04-17 15:32:14.223] [predicting] [info] id:80
[2025-04-17 15:32:14.223] [predicting] [info] id:81
[2025-04-17 15:32:14.223] [predicting] [info] id:82
[2025-04-17 15:32:14.223] [predicting] [info] id:83
[2025-04-17 15:32:14.224] [predicting] [info] id:84
[2025-04-17 15:32:14.224] [predicting] [info] id:85
[2025-04-17 15:32:14.224] [predicting] [info] id:86
[2025-04-17 15:32:14.224] [predicting] [info] id:87
[2025-04-17 15:32:14.224] [predicting] [info] id:88
[2025-04-17 15:32:14.224] [predicting] [info] id:89
[2025-04-17 15:32:14.224] [predicting] [info] id:90
[2025-04-17 15:32:14.224] [predicting] [info] id:91
[2025-04-17 15:32:14.224] [predicting] [info] id:92
[2025-04-17 15:32:14.225] [predicting] [info] id:93
[2025-04-17 15:32:14.225] [predicting] [info] id:102
[2025-04-17 15:32:14.225] [predicting] [info] id:103
[2025-04-17 15:32:14.225] [predicting] [info] id:105
[2025-04-17 15:32:14.225] [predicting] [info] id:107
[2025-04-17 15:32:14.225] [predicting] [info] id:108
[2025-04-17 15:32:14.225] [predicting] [info] id:117
[2025-04-17 15:32:14.225] [predicting] [info] id:119
[2025-04-17 15:32:14.225] [predicting] [info] id:121
[2025-04-17 15:32:14.225] [predicting] [info] id:122
[2025-04-17 15:32:14.225] [predicting] [info] id:126
[2025-04-17 15:32:14.226] [predicting] [info] id:127
[2025-04-17 15:32:14.226] [predicting] [info] id:129
[2025-04-17 15:32:14.226] [predicting] [info] roadMap.size():51
