[2025-04-18 14:21:35.373] [predicting] [info] 本地仿真环境日志
[2025-04-18 14:21:59.875] [predicting] [info] start_point.x =182.40135683644064
[2025-04-18 14:21:59.875] [predicting] [info] start_point.y =-408.3823075671937
[2025-04-18 14:21:59.875] [predicting] [info] start_point.yaw =115.01695686805141
[2025-04-18 14:21:59.875] [predicting] [info] Enter PredictingIntface,预测距离100m
[2025-04-18 14:21:59.875] [predicting] [info] referenceline_relation_.size():48
[2025-04-18 14:21:59.875] [predicting] [info] all_referencelines_.size():51
[2025-04-18 14:21:59.875] [predicting] [info] 进入 PreddictPath 函数
[2025-04-18 14:21:59.875] [predicting] [info] 进入 findCurrentRoad 函数
[2025-04-18 14:21:59.875] [predicting] [info] 当前路径id:7 最近距离：393.1078139191405 角度差：16.1369568680514 最近点纵向距离：310.9989731720113
[2025-04-18 14:21:59.875] [predicting] [info] 当前路径id:8 最近距离：401.07585392289377 角度差：15.913043131948617 最近点纵向距离：400.88524052218486
[2025-04-18 14:21:59.875] [predicting] [info] 当前路径id:30 最近距离：401.0758539301401 角度差：16.34304313194862 最近点纵向距离：400.9667395970448
[2025-04-18 14:21:59.875] [predicting] [info] 当前路径id:52 最近距离：664.3026739589651 角度差：185.2330431319486 最近点纵向距离：0.5034754041008114
[2025-04-18 14:21:59.875] [predicting] [info] 当前路径id:53 最近距离：637.4199221862974 角度差：88.71695686805138 最近点纵向距离：600.863508920351
[2025-04-18 14:21:59.876] [predicting] [info] 当前路径id:54 最近距离：13.505223620744866 角度差：25.146956868051397 最近点纵向距离：0.16271303106011395
[2025-04-18 14:21:59.876] [predicting] [info] 当前路径id:56 最近距离：350.54351540725906 角度差：11.853043131948592 最近点纵向距离：342.8171858347475
[2025-04-18 14:21:59.876] [predicting] [info] 当前路径id:57 最近距离：350.21982900715705 角度差：198.6030431319486 最近点纵向距离：347.7029599499108
[2025-04-18 14:21:59.876] [predicting] [info] 当前路径id:59 最近距离：639.3275674758977 角度差：90.15304313194858 最近点纵向距离：601.1765873579241
[2025-04-18 14:21:59.876] [predicting] [info] 当前路径id:60 最近距离：652.6487393286695 角度差：3.713043131948588 最近点纵向距离：1.0505212494622924
[2025-04-18 14:21:59.877] [predicting] [info] 当前路径id:66 最近距离：156.16200851361168 角度差：216.9030431319486 最近点纵向距离：136.81902086250977
[2025-04-18 14:21:59.877] [predicting] [info] 当前路径id:68 最近距离：25.173083595960605 角度差：156.77304313194864 最近点纵向距离：14.854391257201469
[2025-04-18 14:21:59.877] [predicting] [info] 当前路径id:69 最近距离：90.04823943385783 角度差：199.85304313194862 最近点纵向距离：61.86588540916716
[2025-04-18 14:21:59.877] [predicting] [info] 当前路径id:70 最近距离：57.64228439800689 角度差：105.1030431319486 最近点纵向距离：43.356161314578145
[2025-04-18 14:21:59.877] [predicting] [info] 当前路径id:71 最近距离：52.67944930712514 角度差：104.15304313194856 最近点纵向距离：42.19385561870584
[2025-04-18 14:21:59.877] [predicting] [info] 当前路径id:72 最近距离：48.46173745739939 角度差：104.1330431319486 最近点纵向距离：41.74654743977587
[2025-04-18 14:21:59.877] [predicting] [info] 当前路径id:73 最近距离：41.14739572188845 角度差：104.55304313194861 最近点纵向距离：40.99846039241487
[2025-04-18 14:21:59.878] [predicting] [info] 当前路径id:74 最近距离：41.48184083227418 角度差：105.7330431319486 最近点纵向距离：41.400123483689896
[2025-04-18 14:21:59.878] [predicting] [info] 当前路径id:75 最近距离：42.92819338582235 角度差：105.7630431319486 最近点纵向距离：41.80492367728016
[2025-04-18 14:21:59.878] [predicting] [info] 当前路径id:76 最近距离：41.14739572188845 角度差：102.75304313194859 最近点纵向距离：41.0880978509207
[2025-04-18 14:21:59.878] [predicting] [info] 当前路径id:77 最近距离：41.48184083227418 角度差：102.6330431319486 最近点纵向距离：41.19880250612506
[2025-04-18 14:21:59.878] [predicting] [info] 当前路径id:78 最近距离：42.92819338582235 角度差：102.23304313194859 最近点纵向距离：41.124923277850485
[2025-04-18 14:21:59.878] [predicting] [info] 当前路径id:79 最近距离：45.1061683890045 角度差：103.17304313194857 最近点纵向距离：41.035602711260225
[2025-04-18 14:21:59.878] [predicting] [info] 当前路径id:80 最近距离：45.1061683890045 角度差：105.52304313194858 最近点纵向距离：41.76890851251598
[2025-04-18 14:21:59.879] [predicting] [info] 当前路径id:81 最近距离：52.67944930712514 角度差：102.9130431319486 最近点纵向距离：41.50142587850918
[2025-04-18 14:21:59.879] [predicting] [info] 当前路径id:82 最近距离：57.64228439800689 角度差：102.71304313194857 最近点纵向距离：41.734415162949134
[2025-04-18 14:21:59.879] [predicting] [info] 当前路径id:83 最近距离：48.46173745739939 角度差：102.26304313194859 最近点纵向距离：40.921169347017354
[2025-04-18 14:21:59.879] [predicting] [info] 当前路径id:84 最近距离：18.140581420208925 角度差：139.9830431319486 最近点纵向距离：0.06676347296450835
[2025-04-18 14:21:59.879] [predicting] [info] 当前路径id:85 最近距离：37.46394289086585 角度差：103.65304313194859 最近点纵向距离：30.357211844032705
[2025-04-18 14:21:59.879] [predicting] [info] 当前路径id:86 最近距离：37.46394289086585 角度差：104.03304313194865 最近点纵向距离：30.50214886081708
[2025-04-18 14:21:59.879] [predicting] [info] 当前路径id:87 最近距离：37.46394289086585 角度差：104.17304313194857 最近点纵向距离：30.555208836737805
[2025-04-18 14:21:59.879] [predicting] [info] 当前路径id:88 最近距离：37.46394289086585 角度差：102.3830431319486 最近点纵向距离：29.86316477486543
[2025-04-18 14:21:59.879] [predicting] [info] 当前路径id:89 最近距离：37.46394289086585 角度差：102.04304313194861 最近点纵向距离：29.72840027770669
[2025-04-18 14:21:59.879] [predicting] [info] 当前路径id:90 最近距离：37.46394289086585 角度差：101.73304313194858 最近点纵向距离：29.60461427523477
[2025-04-18 14:21:59.879] [predicting] [info] 当前路径id:91 最近距离：37.46394289086585 角度差：99.96304313194858 最近点纵向距离：28.881346123192188
[2025-04-18 14:21:59.879] [predicting] [info] 当前路径id:92 最近距离：639.3275673279081 角度差：91.51304313194858 最近点纵向距离：606.170538874518
[2025-04-18 14:21:59.879] [predicting] [info] 当前路径id:93 最近距离：637.4199220367955 角度差：88.33695686805142 最近点纵向距离：602.2613673372987
[2025-04-18 14:21:59.879] [predicting] [info] 当前路径id:99 最近距离：798.984889035504 角度差：12.686956868051409 最近点纵向距离：67.37924594223028
[2025-04-18 14:21:59.879] [predicting] [info] 当前路径id:102 最近距离：0.30406835859717574 角度差：166.3530431319486 最近点纵向距离：0.15794726460180492
[2025-04-18 14:21:59.879] [predicting] [info] 当前路径id:103 最近距离：126.3183088706681 角度差：29.2330431319486 最近点纵向距离：111.09001691857344
[2025-04-18 14:21:59.880] [predicting] [info] 当前路径id:105 最近距离：59.487082285259454 角度差：6.606956868051405 最近点纵向距离：59.48231057328848
[2025-04-18 14:21:59.880] [predicting] [info] 当前路径id:107 最近距离：23.650526044607066 角度差：165.30304313194858 最近点纵向距离：23.646519421720765
[2025-04-18 14:21:59.880] [predicting] [info] 当前路径id:108 最近距离：24.28466801025414 角度差：13.796956868051417 最近点纵向距离：23.727641575349985
[2025-04-18 14:21:59.880] [predicting] [info] 当前路径id:109 最近距离：274.7418238216135 角度差：128.4930431319486 最近点纵向距离：253.38818635075424
[2025-04-18 14:21:59.880] [predicting] [info] 当前路径id:117 最近距离：3.7061145365197143 角度差：6.146956868051409 最近点纵向距离：0.28463052021299884
[2025-04-18 14:21:59.880] [predicting] [info] 当前路径id:119 最近距离：20.37620991572388 角度差：157.3030431319486 最近点纵向距离：0.2609001637147089
[2025-04-18 14:21:59.881] [predicting] [info] 当前路径id:121 最近距离：62.884177531112435 角度差：174.96304313194864 最近点纵向距离：62.63696890318022
[2025-04-18 14:21:59.881] [predicting] [info] 当前路径id:122 最近距离：2.2477588555415857 角度差：174.00304313194857 最近点纵向距离：0.28774596513596706
[2025-04-18 14:21:59.881] [predicting] [info] 当前路径id:126 最近距离：809.020803389929 角度差：175.59304313194858 最近点纵向距离：3.986553285106595
[2025-04-18 14:21:59.881] [predicting] [info] 当前路径id:127 最近距离：59.487082285259454 角度差：6.006956868051391 最近点纵向距离：59.47115914934074
[2025-04-18 14:21:59.881] [predicting] [info] 当前路径id:129 最近距离：272.2318133334831 角度差：23.506956868051425 最近点纵向距离：271.78477853929206
[2025-04-18 14:21:59.881] [predicting] [info] validRoads.size():2
[2025-04-18 14:21:59.881] [predicting] [info] currentRoads.size():2 
[2025-04-18 14:21:59.882] [predicting] [info] roadMap.size():51
[2025-04-18 14:21:59.882] [predicting] [info] id:7 following_road.size():1
[2025-04-18 14:21:59.882] [predicting] [info] id:8 following_road.size():1
[2025-04-18 14:21:59.882] [predicting] [info] id:30 following_road.size():1
[2025-04-18 14:21:59.882] [predicting] [info] id:52 following_road.size():1
[2025-04-18 14:21:59.882] [predicting] [info] id:53 following_road.size():1
[2025-04-18 14:21:59.882] [predicting] [info] id:54 following_road.size():2
[2025-04-18 14:21:59.882] [predicting] [info] id:56 following_road.size():1
[2025-04-18 14:21:59.882] [predicting] [info] id:57 following_road.size():1
[2025-04-18 14:21:59.882] [predicting] [info] id:59 following_road.size():1
[2025-04-18 14:21:59.883] [predicting] [info] id:66 following_road.size():2
[2025-04-18 14:21:59.883] [predicting] [info] id:68 following_road.size():2
[2025-04-18 14:21:59.883] [predicting] [info] id:69 following_road.size():7
[2025-04-18 14:21:59.883] [predicting] [info] id:70 following_road.size():1
[2025-04-18 14:21:59.883] [predicting] [info] id:71 following_road.size():1
[2025-04-18 14:21:59.883] [predicting] [info] id:72 following_road.size():1
[2025-04-18 14:21:59.883] [predicting] [info] id:73 following_road.size():1
[2025-04-18 14:21:59.883] [predicting] [info] id:74 following_road.size():1
[2025-04-18 14:21:59.884] [predicting] [info] id:75 following_road.size():1
[2025-04-18 14:21:59.884] [predicting] [info] id:76 following_road.size():1
[2025-04-18 14:21:59.884] [predicting] [info] id:77 following_road.size():1
[2025-04-18 14:21:59.884] [predicting] [info] id:78 following_road.size():1
[2025-04-18 14:21:59.884] [predicting] [info] id:79 following_road.size():1
[2025-04-18 14:21:59.884] [predicting] [info] id:80 following_road.size():1
[2025-04-18 14:21:59.885] [predicting] [info] id:81 following_road.size():1
[2025-04-18 14:21:59.885] [predicting] [info] id:82 following_road.size():1
[2025-04-18 14:21:59.885] [predicting] [info] id:83 following_road.size():1
[2025-04-18 14:21:59.885] [predicting] [info] id:84 following_road.size():1
[2025-04-18 14:21:59.885] [predicting] [info] id:85 following_road.size():2
[2025-04-18 14:21:59.885] [predicting] [info] id:86 following_road.size():2
[2025-04-18 14:21:59.885] [predicting] [info] id:87 following_road.size():2
[2025-04-18 14:21:59.885] [predicting] [info] id:88 following_road.size():2
[2025-04-18 14:21:59.885] [predicting] [info] id:89 following_road.size():2
[2025-04-18 14:21:59.886] [predicting] [info] id:90 following_road.size():2
[2025-04-18 14:21:59.886] [predicting] [info] id:91 following_road.size():2
[2025-04-18 14:21:59.886] [predicting] [info] id:92 following_road.size():1
[2025-04-18 14:21:59.886] [predicting] [info] id:93 following_road.size():1
[2025-04-18 14:21:59.886] [predicting] [info] id:102 following_road.size():1
[2025-04-18 14:21:59.886] [predicting] [info] id:103 following_road.size():1
[2025-04-18 14:21:59.886] [predicting] [info] id:105 following_road.size():1
[2025-04-18 14:21:59.886] [predicting] [info] id:107 following_road.size():1
[2025-04-18 14:21:59.887] [predicting] [info] id:108 following_road.size():1
[2025-04-18 14:21:59.887] [predicting] [info] id:117 following_road.size():2
[2025-04-18 14:21:59.887] [predicting] [info] id:119 following_road.size():1
[2025-04-18 14:21:59.887] [predicting] [info] id:121 following_road.size():2
[2025-04-18 14:21:59.887] [predicting] [info] id:122 following_road.size():1
[2025-04-18 14:21:59.887] [predicting] [info] id:126 following_road.size():1
[2025-04-18 14:21:59.887] [predicting] [info] id:127 following_road.size():7
[2025-04-18 14:21:59.887] [predicting] [info] id:129 following_road.size():1
[2025-04-18 14:21:59.887] [predicting] [info] roadMap.size():51
[2025-04-18 14:21:59.887] [predicting] [info] road_map_.size():51 
[2025-04-18 14:21:59.888] [predicting] [info] 更新road_map_信息,id:54,截断的位置：696 路段总长：754 更新后的路径:58
[2025-04-18 14:21:59.888] [predicting] [info] 更新road_map_信息,id:117,截断的位置：24 路段总长：85 更新后的路径:61
[2025-04-18 14:21:59.888] [predicting] [info] 更新road_map_信息完毕
[2025-04-18 14:21:59.888] [predicting] [info] 进入 findPathsToLeafRoads 函数
[2025-04-18 14:21:59.888] [predicting] [info] dfs函数内部，当前push_back的路段id:54
[2025-04-18 14:21:59.888] [predicting] [info] dfs函数内部，当前push_back的路段id:105
[2025-04-18 14:21:59.888] [predicting] [info] dfs函数内部，当前探索到的路id为 105,已经满足 100 阈值
[2025-04-18 14:21:59.888] [predicting] [info] dfs函数内部，当前push_back的路段id:127
[2025-04-18 14:21:59.888] [predicting] [info] dfs函数内部，当前探索到的路id为 127,已经满足 100 阈值
[2025-04-18 14:21:59.888] [predicting] [info] temp_road_nodes.size():2
[2025-04-18 14:21:59.888] [predicting] [info] 进入 findPathsToLeafRoads 函数
[2025-04-18 14:21:59.888] [predicting] [info] dfs函数内部，当前push_back的路段id:117
[2025-04-18 14:21:59.888] [predicting] [info] dfs函数内部，当前push_back的路段id:105
[2025-04-18 14:21:59.888] [predicting] [info] dfs函数内部，当前探索到的路id为 105,已经满足 100 阈值
[2025-04-18 14:21:59.888] [predicting] [info] dfs函数内部，当前push_back的路段id:127
[2025-04-18 14:21:59.888] [predicting] [info] dfs函数内部，当前探索到的路id为 127,已经满足 100 阈值
[2025-04-18 14:21:59.889] [predicting] [info] temp_road_nodes.size():2
[2025-04-18 14:21:59.889] [predicting] [info] final_result.size():4
[2025-04-18 14:21:59.889] [predicting] [info] nearest_index:696
[2025-04-18 14:21:59.889] [predicting] [info] 当前推入的路径大小:100 path.size():1
[2025-04-18 14:21:59.889] [predicting] [info] nearest_index:696
[2025-04-18 14:21:59.889] [predicting] [info] 当前推入的路径大小:100 path.size():2
[2025-04-18 14:21:59.889] [predicting] [info] nearest_index:24
[2025-04-18 14:21:59.889] [predicting] [info] 当前推入的路径大小:101 path.size():3
[2025-04-18 14:21:59.889] [predicting] [info] nearest_index:24
[2025-04-18 14:21:59.889] [predicting] [info] 当前推入的路径大小:101 path.size():4
[2025-04-18 14:22:09.876] [predicting] [info] start_point.x =-102.53621945750469
[2025-04-18 14:22:09.876] [predicting] [info] start_point.y =-142.7677445789125
[2025-04-18 14:22:09.876] [predicting] [info] start_point.yaw =297.52516124686383
[2025-04-18 14:22:09.876] [predicting] [info] Enter PredictingIntface,预测距离100m
[2025-04-18 14:22:09.876] [predicting] [info] referenceline_relation_.size():48
[2025-04-18 14:22:09.876] [predicting] [info] all_referencelines_.size():51
[2025-04-18 14:22:09.877] [predicting] [info] 进入 PreddictPath 函数
[2025-04-18 14:22:09.877] [predicting] [info] 进入 findCurrentRoad 函数
[2025-04-18 14:22:09.877] [predicting] [info] 当前路径id:7 最近距离：4.584217791047068 角度差：161.35483875313616 最近点纵向距离：4.583581510410326
[2025-04-18 14:22:09.877] [predicting] [info] 当前路径id:8 最近距离：27.95050486998549 角度差：16.595161246863825 最近点纵向距离：22.140892910580355
[2025-04-18 14:22:09.877] [predicting] [info] 当前路径id:30 最近距离：31.90971143078417 角度差：166.16516124686385 最近点纵向距离：13.32039542747927
[2025-04-18 14:22:09.877] [predicting] [info] 当前路径id:52 最近距离：623.5300726619502 角度差：17.234838753136103 最近点纵向距离：133.38383375577382
[2025-04-18 14:22:09.877] [predicting] [info] 当前路径id:53 最近距离：717.3503932763307 角度差：7.18483875313612 最近点纵向距离：413.58512398552057
[2025-04-18 14:22:09.877] [predicting] [info] 当前路径id:54 最近距离：338.9297240226707 角度差：169.33483875313615 最近点纵向距离：277.3581649136254
[2025-04-18 14:22:09.877] [predicting] [info] 当前路径id:56 最近距离：0.3520574680708118 角度差：168.02483875313615 最近点纵向距离：0.025403543562736705
[2025-04-18 14:22:09.877] [predicting] [info] 当前路径id:57 最近距离：12.646962830042032 角度差：2.404838753136111 最近点纵向距离：0.11969551016559166
[2025-04-18 14:22:09.877] [predicting] [info] 当前路径id:59 最近距离：712.0860989706046 角度差：175.0851612468639 最近点纵向距离：436.28073315358915
[2025-04-18 14:22:09.877] [predicting] [info] 当前路径id:60 最近距离：587.7419914214166 角度差：108.71483875313616 最近点纵向距离：579.717526102611
[2025-04-18 14:22:09.877] [predicting] [info] 当前路径id:66 最近距离：45.27684956714517 角度差：16.594838753136145 最近点纵向距离：40.98792460595057
[2025-04-18 14:22:09.877] [predicting] [info] 当前路径id:68 最近距离：386.376856304246 角度差：25.735161246863818 最近点纵向距离：289.23974058012914
[2025-04-18 14:22:09.877] [predicting] [info] 当前路径id:69 最近距离：240.90001446505818 角度差：34.564838753136094 最近点纵向距离：239.5296457606398
[2025-04-18 14:22:09.877] [predicting] [info] 当前路径id:70 最近距离：337.0283630051674 角度差：16.874838753136125 最近点纵向距离：326.7341883783772
[2025-04-18 14:22:09.877] [predicting] [info] 当前路径id:71 最近距离：337.0283630051674 角度差：16.924838753136125 最近点纵向距离：326.8061995351977
[2025-04-18 14:22:09.877] [predicting] [info] 当前路径id:72 最近距离：337.0283630051674 角度差：16.80483875313613 最近点纵向距离：326.63295474968834
[2025-04-18 14:22:09.877] [predicting] [info] 当前路径id:73 最近距离：337.0283630051674 角度差：16.734838753136135 最近点纵向距离：326.53123358042944
[2025-04-18 14:22:09.877] [predicting] [info] 当前路径id:74 最近距离：337.0283630051674 角度差：16.794838753136133 最近点纵向距离：326.61845299996924
[2025-04-18 14:22:09.877] [predicting] [info] 当前路径id:75 最近距离：337.0283630051674 角度差：16.80483875313613 最近点纵向距离：326.63295474968834
[2025-04-18 14:22:09.877] [predicting] [info] 当前路径id:76 最近距离：400.33954998717905 角度差：79.75516124686386 最近点纵向距离：103.6372368026357
[2025-04-18 14:22:09.877] [predicting] [info] 当前路径id:77 最近距离：393.65322459412846 角度差：79.87516124686385 最近点纵向距离：104.55306557333199
[2025-04-18 14:22:09.877] [predicting] [info] 当前路径id:78 最近距离：386.7325819811822 角度差：80.27516124686385 最近点纵向距离：107.16090649174538
[2025-04-18 14:22:09.877] [predicting] [info] 当前路径id:79 最近距离：379.8170472516657 角度差：79.33516124686389 最近点纵向距离：100.76466977353411
[2025-04-18 14:22:09.877] [predicting] [info] 当前路径id:80 最近距离：337.0283630051674 角度差：16.80483875313613 最近点纵向距离：326.63295474968834
[2025-04-18 14:22:09.877] [predicting] [info] 当前路径id:81 最近距离：366.9562880565798 角度差：79.59516124686388 最近点纵向距离：102.97663982062556
[2025-04-18 14:22:09.877] [predicting] [info] 当前路径id:82 最近距离：360.18830827627363 角度差：79.79516124686386 最近点纵向距离：104.55195947993715
[2025-04-18 14:22:09.877] [predicting] [info] 当前路径id:83 最近距离：373.5533420713799 角度差：80.24516124686389 最近点纵向距离：106.75613356797416
[2025-04-18 14:22:09.877] [predicting] [info] 当前路径id:84 最近距离：368.62654156384275 角度差：69.22516124686386 最近点纵向距离：0.21899971133120744
[2025-04-18 14:22:09.877] [predicting] [info] 当前路径id:85 最近距离：373.6996440525794 角度差：78.85516124686387 最近点纵向距离：86.85941845039528
[2025-04-18 14:22:09.877] [predicting] [info] 当前路径id:86 最近距离：365.94271410278174 角度差：57.875161246863854 最近点纵向距离：19.220299740912566
[2025-04-18 14:22:09.877] [predicting] [info] 当前路径id:87 最近距离：372.6069638990041 角度差：61.52516124686389 最近点纵向距离：4.264391018094045
[2025-04-18 14:22:09.878] [predicting] [info] 当前路径id:88 最近距离：373.6996440525794 角度差：80.12516124686384 最近点纵向距离：94.89387308496057
[2025-04-18 14:22:09.878] [predicting] [info] 当前路径id:89 最近距离：373.6996440525794 角度差：80.46516124686387 最近点纵向距离：97.03708108711186
[2025-04-18 14:22:09.878] [predicting] [info] 当前路径id:90 最近距离：373.6996440525794 角度差：80.7751612468639 最近点纵向距离：98.98820635399511
[2025-04-18 14:22:09.878] [predicting] [info] 当前路径id:91 最近距离：373.6996440525794 角度差：82.54516124686384 最近点纵向距离：110.07128316116035
[2025-04-18 14:22:09.878] [predicting] [info] 当前路径id:92 最近距离：737.26631922825 角度差：90.99516124686389 最近点纵向距离：469.87779975629707
[2025-04-18 14:22:09.878] [predicting] [info] 当前路径id:93 最近距离：739.3061814413504 角度差：12.765161246863862 最近点纵向距离：438.67829701033554
[2025-04-18 14:22:09.878] [predicting] [info] 当前路径id:99 最近距离：693.0831351819758 角度差：164.80483875313612 最近点纵向距离：387.71323828583695
[2025-04-18 14:22:09.878] [predicting] [info] 当前路径id:102 最近距离：371.4444447439968 角度差：67.43516124686387 最近点纵向距离：0.33398088971958373
[2025-04-18 14:22:09.878] [predicting] [info] 当前路径id:103 最近距离：40.897986290386804 角度差：170.34516124686388 最近点纵向距离：40.61158591988209
[2025-04-18 14:22:09.878] [predicting] [info] 当前路径id:105 最近距离：275.56421871213854 角度差：153.8251612468639 最近点纵向距离：275.2245002528071
[2025-04-18 14:22:09.878] [predicting] [info] 当前路径id:107 最近距离：408.4970286762461 角度差：17.20516124686389 最近点纵向距离：336.00944573863137
[2025-04-18 14:22:09.878] [predicting] [info] 当前路径id:108 最近距离：411.92403508547005 角度差：163.69483875313617 最近点纵向距离：339.7078214151039
[2025-04-18 14:22:09.878] [predicting] [info] 当前路径id:109 最近距离：602.1777371140456 角度差：54.01516124686384 最近点纵向距离：364.0224516372897
[2025-04-18 14:22:09.878] [predicting] [info] 当前路径id:117 最近距离：338.9297239384124 角度差：170.72483875313614 最近点纵向距离：282.0018717051258
[2025-04-18 14:22:09.878] [predicting] [info] 当前路径id:119 最近距离：332.04523205288757 角度差：8.785161246863854 最近点纵向距离：280.5746653363882
[2025-04-18 14:22:09.878] [predicting] [info] 当前路径id:121 最近距离：240.90001446505818 角度差：34.17483875313612 最近点纵向距离：239.69874827015818
[2025-04-18 14:22:09.878] [predicting] [info] 当前路径id:122 最近距离：332.04523205288757 角度差：7.495161246863884 最近点纵向距离：284.5012106530496
[2025-04-18 14:22:09.878] [predicting] [info] 当前路径id:126 最近距离：720.8481242360416 角度差：2.614838753136098 最近点纵向距离：227.86304102780502
[2025-04-18 14:22:09.878] [predicting] [info] 当前路径id:127 最近距离：314.8953664327255 角度差：116.83483875313613 最近点纵向距离：10.819377862031985
[2025-04-18 14:22:09.878] [predicting] [info] 当前路径id:129 最近距离：618.8114129439183 角度差：153.98483875313616 最近点纵向距离：544.8156145217345
[2025-04-18 14:22:09.878] [predicting] [info] validRoads.size():1
[2025-04-18 14:22:09.878] [predicting] [info] currentRoads.size():1 
[2025-04-18 14:22:09.878] [predicting] [info] roadMap.size():51
[2025-04-18 14:22:09.878] [predicting] [info] id:7 following_road.size():1
[2025-04-18 14:22:09.878] [predicting] [info] id:8 following_road.size():1
[2025-04-18 14:22:09.878] [predicting] [info] id:30 following_road.size():1
[2025-04-18 14:22:09.878] [predicting] [info] id:52 following_road.size():1
[2025-04-18 14:22:09.878] [predicting] [info] id:53 following_road.size():1
[2025-04-18 14:22:09.879] [predicting] [info] id:54 following_road.size():2
[2025-04-18 14:22:09.879] [predicting] [info] id:56 following_road.size():1
[2025-04-18 14:22:09.879] [predicting] [info] id:57 following_road.size():1
[2025-04-18 14:22:09.879] [predicting] [info] id:59 following_road.size():1
[2025-04-18 14:22:09.879] [predicting] [info] id:66 following_road.size():2
[2025-04-18 14:22:09.879] [predicting] [info] id:68 following_road.size():2
[2025-04-18 14:22:09.879] [predicting] [info] id:69 following_road.size():7
[2025-04-18 14:22:09.879] [predicting] [info] id:70 following_road.size():1
[2025-04-18 14:22:09.879] [predicting] [info] id:71 following_road.size():1
[2025-04-18 14:22:09.879] [predicting] [info] id:72 following_road.size():1
[2025-04-18 14:22:09.879] [predicting] [info] id:73 following_road.size():1
[2025-04-18 14:22:09.879] [predicting] [info] id:74 following_road.size():1
[2025-04-18 14:22:09.879] [predicting] [info] id:75 following_road.size():1
[2025-04-18 14:22:09.880] [predicting] [info] id:76 following_road.size():1
[2025-04-18 14:22:09.880] [predicting] [info] id:77 following_road.size():1
[2025-04-18 14:22:09.880] [predicting] [info] id:78 following_road.size():1
[2025-04-18 14:22:09.880] [predicting] [info] id:79 following_road.size():1
[2025-04-18 14:22:09.881] [predicting] [info] id:80 following_road.size():1
[2025-04-18 14:22:09.881] [predicting] [info] id:81 following_road.size():1
[2025-04-18 14:22:09.881] [predicting] [info] id:82 following_road.size():1
[2025-04-18 14:22:09.881] [predicting] [info] id:83 following_road.size():1
[2025-04-18 14:22:09.881] [predicting] [info] id:84 following_road.size():1
[2025-04-18 14:22:09.881] [predicting] [info] id:85 following_road.size():2
[2025-04-18 14:22:09.881] [predicting] [info] id:86 following_road.size():2
[2025-04-18 14:22:09.881] [predicting] [info] id:87 following_road.size():2
[2025-04-18 14:22:09.881] [predicting] [info] id:88 following_road.size():2
[2025-04-18 14:22:09.881] [predicting] [info] id:89 following_road.size():2
[2025-04-18 14:22:09.882] [predicting] [info] id:90 following_road.size():2
[2025-04-18 14:22:09.882] [predicting] [info] id:91 following_road.size():2
[2025-04-18 14:22:09.882] [predicting] [info] id:92 following_road.size():1
[2025-04-18 14:22:09.882] [predicting] [info] id:93 following_road.size():1
[2025-04-18 14:22:09.882] [predicting] [info] id:102 following_road.size():1
[2025-04-18 14:22:09.882] [predicting] [info] id:103 following_road.size():1
[2025-04-18 14:22:09.882] [predicting] [info] id:105 following_road.size():1
[2025-04-18 14:22:09.882] [predicting] [info] id:107 following_road.size():1
[2025-04-18 14:22:09.883] [predicting] [info] id:108 following_road.size():1
[2025-04-18 14:22:09.883] [predicting] [info] id:117 following_road.size():2
[2025-04-18 14:22:09.883] [predicting] [info] id:119 following_road.size():1
[2025-04-18 14:22:09.883] [predicting] [info] id:121 following_road.size():2
[2025-04-18 14:22:09.883] [predicting] [info] id:122 following_road.size():1
[2025-04-18 14:22:09.883] [predicting] [info] id:126 following_road.size():1
[2025-04-18 14:22:09.883] [predicting] [info] id:127 following_road.size():7
[2025-04-18 14:22:09.883] [predicting] [info] id:129 following_road.size():1
[2025-04-18 14:22:09.884] [predicting] [info] roadMap.size():51
[2025-04-18 14:22:09.884] [predicting] [info] road_map_.size():51 
[2025-04-18 14:22:09.884] [predicting] [info] 更新road_map_信息,id:57,截断的位置：27 路段总长：73 更新后的路径:46
[2025-04-18 14:22:09.884] [predicting] [info] 更新road_map_信息完毕
[2025-04-18 14:22:09.884] [predicting] [info] 进入 findPathsToLeafRoads 函数
[2025-04-18 14:22:09.884] [predicting] [info] dfs函数内部，当前push_back的路段id:57
[2025-04-18 14:22:09.884] [predicting] [info] dfs函数内部，当前push_back的路段id:66
[2025-04-18 14:22:09.884] [predicting] [info] dfs函数内部，当前探索到的路id为 66,已经满足 100 阈值
[2025-04-18 14:22:09.884] [predicting] [info] temp_road_nodes.size():1
[2025-04-18 14:22:09.884] [predicting] [info] final_result.size():1
[2025-04-18 14:22:09.884] [predicting] [info] nearest_index:27
[2025-04-18 14:22:09.884] [predicting] [info] 当前推入的路径大小:101 path.size():1
[2025-04-18 14:22:25.574] [predicting] [info] start_point.x =173.0122577153469
[2025-04-18 14:22:25.574] [predicting] [info] start_point.y =-390.65763715703747
[2025-04-18 14:22:25.575] [predicting] [info] start_point.yaw =117.13804479404216
[2025-04-18 14:22:25.575] [predicting] [info] Enter PredictingIntface,预测距离100m
[2025-04-18 14:22:25.575] [predicting] [info] referenceline_relation_.size():48
[2025-04-18 14:22:25.575] [predicting] [info] all_referencelines_.size():51
[2025-04-18 14:22:25.575] [predicting] [info] 进入 PreddictPath 函数
[2025-04-18 14:22:25.575] [predicting] [info] 进入 findCurrentRoad 函数
[2025-04-18 14:22:25.575] [predicting] [info] 当前路径id:7 最近距离：374.161425418171 角度差：18.258044794042153 最近点纵向距离：292.03740092432633
[2025-04-18 14:22:25.575] [predicting] [info] 当前路径id:8 最近距离：381.71643842517466 角度差：13.791955205957864 最近点纵向距离：381.34292371415904
[2025-04-18 14:22:25.575] [predicting] [info] 当前路径id:30 最近距离：381.7164384367992 角度差：14.221955205957864 最近点纵向距离：381.4588838905569
[2025-04-18 14:22:25.575] [predicting] [info] 当前路径id:52 最近距离：665.2166278310391 角度差：183.7019552059578 最近点纵向距离：0.3048715217454969
[2025-04-18 14:22:25.575] [predicting] [info] 当前路径id:53 最近距离：643.8637348572107 角度差：90.83804479404218 最近点纵向距离：600.2995997903595
[2025-04-18 14:22:25.575] [predicting] [info] 当前路径id:54 最近距离：4.166559827000703 角度差：25.668044794042153 最近点纵向距离：0.24979087127743455
[2025-04-18 14:22:25.575] [predicting] [info] 当前路径id:56 最近距离：331.8971419035977 角度差：9.731955205957837 最近点纵向距离：323.0039956139124
[2025-04-18 14:22:25.575] [predicting] [info] 当前路径id:57 最近距离：331.78919251675484 角度差：196.48195520595783 最近点纵向距离：328.3942406284949
[2025-04-18 14:22:25.575] [predicting] [info] 当前路径id:59 最近距离：645.5275500996435 角度差：88.03195520595783 最近点纵向距离：600.2173836812569
[2025-04-18 14:22:25.575] [predicting] [info] 当前路径id:60 最近距离：651.5264163262325 角度差：70.89804479404218 最近点纵向距离：591.2608288437486
[2025-04-18 14:22:25.575] [predicting] [info] 当前路径id:66 最近距离：136.1983819231605 角度差：214.78195520595784 最近点纵向距离：120.19202902544554
[2025-04-18 14:22:25.575] [predicting] [info] 当前路径id:68 最近距离：34.8151606391646 角度差：154.65195520595788 最近点纵向距离：32.863693340676576
[2025-04-18 14:22:25.575] [predicting] [info] 当前路径id:69 最近距离：73.29050408597325 角度差：197.73195520595786 最近点纵向距离：42.68023109431392
[2025-04-18 14:22:25.575] [predicting] [info] 当前路径id:70 最近距离：43.21797474364391 角度差：102.98195520595785 最近点纵向距离：39.11436169744173
[2025-04-18 14:22:25.576] [predicting] [info] 当前路径id:71 最近距离：40.07548596722449 角度差：102.03195520595781 最近点纵向距离：38.27767478937321
[2025-04-18 14:22:25.576] [predicting] [info] 当前路径id:72 最近距离：38.158231759472834 角度差：102.01195520595785 最近点纵向距离：37.837233628535216
[2025-04-18 14:22:25.576] [predicting] [info] 当前路径id:73 最近距离：43.59449812031861 角度差：102.43195520595785 最近点纵向距离：36.94504052035752
[2025-04-18 14:22:25.576] [predicting] [info] 当前路径id:74 最近距离：40.64754682558589 角度差：103.61195520595786 最近点纵向距离：36.94302474332464
[2025-04-18 14:22:25.576] [predicting] [info] 当前路径id:75 最近距离：38.60180140227326 角度差：103.64195520595784 最近点纵向距离：37.33758583304677
[2025-04-18 14:22:25.576] [predicting] [info] 当前路径id:76 最近距离：43.59449812031861 角度差：100.63195520595784 最近点纵向距离：37.65371278695979
[2025-04-18 14:22:25.576] [predicting] [info] 当前路径id:77 最近距离：40.64754682558589 角度差：100.51195520595785 最近点纵向距离：37.80581371685013
[2025-04-18 14:22:25.576] [predicting] [info] 当前路径id:78 最近距离：38.60180140227326 角度差：100.11195520595784 最近点纵向距离：37.870028540927805
[2025-04-18 14:22:25.576] [predicting] [info] 当前路径id:79 最近距离：37.47007705120925 角度差：101.05195520595782 最近点纵向距离：37.456450512980446
[2025-04-18 14:22:25.576] [predicting] [info] 当前路径id:80 最近距离：37.47007705120925 角度差：103.40195520595783 最近点纵向距离：37.38351755627663
[2025-04-18 14:22:25.576] [predicting] [info] 当前路径id:81 最近距离：40.07548596722449 角度差：100.79195520595785 最近点纵向距离：38.01186924728728
[2025-04-18 14:22:25.576] [predicting] [info] 当前路径id:82 最近距离：43.21797474364391 角度差：100.59195520595782 最近点纵向距离：38.31382719230565
[2025-04-18 14:22:25.576] [predicting] [info] 当前路径id:83 最近距离：38.158231759472834 角度差：100.14195520595784 最近点纵向距离：37.65591196967354
[2025-04-18 14:22:25.576] [predicting] [info] 当前路径id:84 最近距离：1.9775141388413366 角度差：115.29195520595783 最近点纵向距离：0.1456836007919582
[2025-04-18 14:22:25.577] [predicting] [info] 当前路径id:85 最近距离：26.707698878731858 角度差：101.53195520595783 最近点纵向距离：26.612847443079673
[2025-04-18 14:22:25.577] [predicting] [info] 当前路径id:86 最近距离：26.707698878731858 角度差：101.91195520595788 最近点纵向距离：26.627177268370325
[2025-04-18 14:22:25.577] [predicting] [info] 当前路径id:87 最近距离：26.707698878731858 角度差：102.05195520595782 最近点纵向距离：26.63216146648793
[2025-04-18 14:22:25.577] [predicting] [info] 当前路径id:88 最近距离：26.707698878731858 角度差：100.26195520595785 最近点纵向距离：26.556465816131407
[2025-04-18 14:22:25.577] [predicting] [info] 当前路径id:89 最近距离：26.707698878731858 角度差：99.92195520595786 最近点纵向距离：26.539156201776997
[2025-04-18 14:22:25.577] [predicting] [info] 当前路径id:90 最近距离：26.707698878731858 角度差：99.61195520595783 最近点纵向距离：26.522559400342118
[2025-04-18 14:22:25.577] [predicting] [info] 当前路径id:91 最近距离：26.707698878731858 角度差：97.84195520595782 最近点纵向距离：26.41294072784286
[2025-04-18 14:22:25.577] [predicting] [info] 当前路径id:92 最近距离：645.5275499386823 角度差：89.39195520595781 最近点纵向距离：605.6871197931537
[2025-04-18 14:22:25.577] [predicting] [info] 当前路径id:93 最近距离：643.8637346948294 角度差：90.4580447940422 最近点纵向距离：601.8304460437759
[2025-04-18 14:22:25.577] [predicting] [info] 当前路径id:99 最近距离：795.4899805930855 角度差：14.808044794042164 最近点纵向距离：86.70004371006453
[2025-04-18 14:22:25.577] [predicting] [info] 当前路径id:102 最近距离：5.426517769681048 角度差：153.3719552059578 最近点纵向距离：0.09208364962245885
[2025-04-18 14:22:25.577] [predicting] [info] 当前路径id:103 最近距离：106.27620735676176 角度差：27.111955205957848 最近点纵向距离：93.11443559713565
[2025-04-18 14:22:25.577] [predicting] [info] 当前路径id:105 最近距离：39.90706116781644 角度差：8.72804479404216 最近点纵向距离：39.69955775548632
[2025-04-18 14:22:25.577] [predicting] [info] 当前路径id:107 最近距离：43.13501112908685 角度差：163.18195520595782 最近点纵向距离：42.76646633197713
[2025-04-18 14:22:25.577] [predicting] [info] 当前路径id:108 最近距离：44.31023967784367 角度差：15.918044794042146 最近点纵向距离：42.94044605006946
[2025-04-18 14:22:25.577] [predicting] [info] 当前路径id:109 最近距离：292.0040976859118 角度差：126.37195520595786 最近点纵向距离：265.06405414145695
[2025-04-18 14:22:25.577] [predicting] [info] 当前路径id:117 最近距离：5.688003490449416 角度差：1.968044794042148 最近点纵向距离：0.2366234602781052
[2025-04-18 14:22:25.578] [predicting] [info] 当前路径id:119 最近距离：11.906622930665522 角度差：156.4519552059578 最近点纵向距离：0.4330068789746567
[2025-04-18 14:22:25.578] [predicting] [info] 当前路径id:121 最近距离：42.86266955905827 角度差：172.84195520595787 最近点纵向距离：42.77093075276072
[2025-04-18 14:22:25.578] [predicting] [info] 当前路径id:122 最近距离：0.15313710691546445 角度差：176.44195520595787 最近点纵向距离：0.12490162262818265
[2025-04-18 14:22:25.578] [predicting] [info] 当前路径id:126 最近距离：806.7543582039488 角度差：174.60195520595786 最近点纵向距离：3.973227666106311
[2025-04-18 14:22:25.578] [predicting] [info] 当前路径id:127 最近距离：39.90706116781644 角度差：8.128044794042173 最近点纵向距离：39.654820388905186
[2025-04-18 14:22:25.578] [predicting] [info] 当前路径id:129 最近距离：290.78580359641705 角度差：25.628044794042154 最近点纵向距离：289.750710002303
[2025-04-18 14:22:25.578] [predicting] [info] validRoads.size():2
[2025-04-18 14:22:25.578] [predicting] [info] currentRoads.size():2 
[2025-04-18 14:22:25.578] [predicting] [info] roadMap.size():51
[2025-04-18 14:22:25.578] [predicting] [info] id:7 following_road.size():1
[2025-04-18 14:22:25.578] [predicting] [info] id:8 following_road.size():1
[2025-04-18 14:22:25.578] [predicting] [info] id:30 following_road.size():1
[2025-04-18 14:22:25.578] [predicting] [info] id:52 following_road.size():1
[2025-04-18 14:22:25.578] [predicting] [info] id:53 following_road.size():1
[2025-04-18 14:22:25.578] [predicting] [info] id:54 following_road.size():2
[2025-04-18 14:22:25.578] [predicting] [info] id:56 following_road.size():1
[2025-04-18 14:22:25.578] [predicting] [info] id:57 following_road.size():1
[2025-04-18 14:22:25.579] [predicting] [info] id:59 following_road.size():1
[2025-04-18 14:22:25.579] [predicting] [info] id:66 following_road.size():2
[2025-04-18 14:22:25.579] [predicting] [info] id:68 following_road.size():2
[2025-04-18 14:22:25.579] [predicting] [info] id:69 following_road.size():7
[2025-04-18 14:22:25.579] [predicting] [info] id:70 following_road.size():1
[2025-04-18 14:22:25.579] [predicting] [info] id:71 following_road.size():1
[2025-04-18 14:22:25.579] [predicting] [info] id:72 following_road.size():1
[2025-04-18 14:22:25.579] [predicting] [info] id:73 following_road.size():1
[2025-04-18 14:22:25.579] [predicting] [info] id:74 following_road.size():1
[2025-04-18 14:22:25.579] [predicting] [info] id:75 following_road.size():1
[2025-04-18 14:22:25.579] [predicting] [info] id:76 following_road.size():1
[2025-04-18 14:22:25.579] [predicting] [info] id:77 following_road.size():1
[2025-04-18 14:22:25.579] [predicting] [info] id:78 following_road.size():1
[2025-04-18 14:22:25.579] [predicting] [info] id:79 following_road.size():1
[2025-04-18 14:22:25.579] [predicting] [info] id:80 following_road.size():1
[2025-04-18 14:22:25.579] [predicting] [info] id:81 following_road.size():1
[2025-04-18 14:22:25.579] [predicting] [info] id:82 following_road.size():1
[2025-04-18 14:22:25.579] [predicting] [info] id:83 following_road.size():1
[2025-04-18 14:22:25.579] [predicting] [info] id:84 following_road.size():1
[2025-04-18 14:22:25.579] [predicting] [info] id:85 following_road.size():2
[2025-04-18 14:22:25.579] [predicting] [info] id:86 following_road.size():2
[2025-04-18 14:22:25.579] [predicting] [info] id:87 following_road.size():2
[2025-04-18 14:22:25.579] [predicting] [info] id:88 following_road.size():2
[2025-04-18 14:22:25.579] [predicting] [info] id:89 following_road.size():2
[2025-04-18 14:22:25.580] [predicting] [info] id:90 following_road.size():2
[2025-04-18 14:22:25.580] [predicting] [info] id:91 following_road.size():2
[2025-04-18 14:22:25.580] [predicting] [info] id:92 following_road.size():1
[2025-04-18 14:22:25.580] [predicting] [info] id:93 following_road.size():1
[2025-04-18 14:22:25.580] [predicting] [info] id:102 following_road.size():1
[2025-04-18 14:22:25.580] [predicting] [info] id:103 following_road.size():1
[2025-04-18 14:22:25.580] [predicting] [info] id:105 following_road.size():1
[2025-04-18 14:22:25.580] [predicting] [info] id:107 following_road.size():1
[2025-04-18 14:22:25.580] [predicting] [info] id:108 following_road.size():1
[2025-04-18 14:22:25.580] [predicting] [info] id:117 following_road.size():2
[2025-04-18 14:22:25.580] [predicting] [info] id:119 following_road.size():1
[2025-04-18 14:22:25.580] [predicting] [info] id:121 following_road.size():2
[2025-04-18 14:22:25.580] [predicting] [info] id:122 following_road.size():1
[2025-04-18 14:22:25.580] [predicting] [info] id:126 following_road.size():1
[2025-04-18 14:22:25.580] [predicting] [info] id:127 following_road.size():7
[2025-04-18 14:22:25.580] [predicting] [info] id:129 following_road.size():1
[2025-04-18 14:22:25.580] [predicting] [info] roadMap.size():51
[2025-04-18 14:22:25.580] [predicting] [info] road_map_.size():51 
[2025-04-18 14:22:25.580] [predicting] [info] 更新road_map_信息,id:54,截断的位置：714 路段总长：754 更新后的路径:40
[2025-04-18 14:22:25.580] [predicting] [info] 更新road_map_信息,id:117,截断的位置：45 路段总长：85 更新后的路径:40
[2025-04-18 14:22:25.580] [predicting] [info] 更新road_map_信息完毕
[2025-04-18 14:22:25.580] [predicting] [info] 进入 findPathsToLeafRoads 函数
[2025-04-18 14:22:25.580] [predicting] [info] dfs函数内部，当前push_back的路段id:54
[2025-04-18 14:22:25.581] [predicting] [info] dfs函数内部，当前push_back的路段id:105
[2025-04-18 14:22:25.581] [predicting] [info] dfs函数内部，当前探索到的路id为 105,已经满足 100 阈值
[2025-04-18 14:22:25.581] [predicting] [info] dfs函数内部，当前push_back的路段id:127
[2025-04-18 14:22:25.581] [predicting] [info] dfs函数内部，当前探索到的路id为 127,已经满足 100 阈值
[2025-04-18 14:22:25.581] [predicting] [info] temp_road_nodes.size():2
[2025-04-18 14:22:25.581] [predicting] [info] 进入 findPathsToLeafRoads 函数
[2025-04-18 14:22:25.581] [predicting] [info] dfs函数内部，当前push_back的路段id:117
[2025-04-18 14:22:25.581] [predicting] [info] dfs函数内部，当前push_back的路段id:105
[2025-04-18 14:22:25.581] [predicting] [info] dfs函数内部，当前探索到的路id为 105,已经满足 100 阈值
[2025-04-18 14:22:25.581] [predicting] [info] dfs函数内部，当前push_back的路段id:127
[2025-04-18 14:22:25.581] [predicting] [info] dfs函数内部，当前探索到的路id为 127,已经满足 100 阈值
[2025-04-18 14:22:25.581] [predicting] [info] temp_road_nodes.size():2
[2025-04-18 14:22:25.581] [predicting] [info] final_result.size():4
[2025-04-18 14:22:25.581] [predicting] [info] nearest_index:714
[2025-04-18 14:22:25.581] [predicting] [info] 当前推入的路径大小:100 path.size():1
[2025-04-18 14:22:25.581] [predicting] [info] nearest_index:714
[2025-04-18 14:22:25.581] [predicting] [info] 当前推入的路径大小:100 path.size():2
[2025-04-18 14:22:25.581] [predicting] [info] nearest_index:45
[2025-04-18 14:22:25.581] [predicting] [info] 当前推入的路径大小:101 path.size():3
[2025-04-18 14:22:25.581] [predicting] [info] nearest_index:45
[2025-04-18 14:22:25.581] [predicting] [info] 当前推入的路径大小:101 path.size():4
