[2025-04-17 16:19:58.756] [predicting] [info] 本地仿真环境日志
[2025-04-17 16:20:14.459] [predicting] [info] start_point.x =202.9435321294094
[2025-04-17 16:20:14.460] [predicting] [info] start_point.y =-665.3348222156312
[2025-04-17 16:20:14.460] [predicting] [info] start_point.yaw =80.52619544640115
[2025-04-17 16:20:14.460] [predicting] [info] Enter PredictingIntface 
[2025-04-17 16:20:14.460] [predicting] [info] referenceline_relation_.size():48
[2025-04-17 16:20:14.460] [predicting] [info] all_referencelines_.size():51
[2025-04-17 16:20:14.460] [predicting] [info] 进入 PreddictPath 函数
[2025-04-17 16:20:14.460] [predicting] [info] 进入 findCurrentRoad 函数
[2025-04-17 16:20:14.460] [predicting] [info] 当前路径id:7 最近距离：609.546375336975 角度差：18.353804553598856 最近点纵向距离：568.0426095237602
[2025-04-17 16:20:14.460] [predicting] [info] 当前路径id:8 最近距离：624.4739345796589 角度差：50.403804553598874 最近点纵向距离：608.4735032432736
[2025-04-17 16:20:14.460] [predicting] [info] 当前路径id:30 最近距离：624.4739345034502 角度差：50.83380455359887 最近点纵向距离：607.4022722753459
[2025-04-17 16:20:14.460] [predicting] [info] 当前路径id:52 最近距离：572.1259525266807 角度差：222.21380455359883 最近点纵向距离：171.27120343198538
[2025-04-17 16:20:14.460] [predicting] [info] 当前路径id:53 最近距离：506.1355182776447 角度差：54.226195446401164 最近点纵向距离：505.43103367050486
[2025-04-17 16:20:14.460] [predicting] [info] 当前路径id:54 最近距离：67.4548313545187 角度差：21.706195446401146 最近点纵向距离：1.7767108783644723
[2025-04-17 16:20:14.460] [predicting] [info] 当前路径id:56 最近距离：564.4071341859366 角度差：46.34380455359885 最近点纵向距离：560.7042566718363
[2025-04-17 16:20:14.460] [predicting] [info] 当前路径id:57 最近距离：560.9810013218865 角度差：233.09380455359886 最近点纵向距离：547.8903525790093
[2025-04-17 16:20:14.460] [predicting] [info] 当前路径id:59 最近距离：511.03692226681824 角度差：124.64380455359884 最近点纵向距离：510.4849711431053
[2025-04-17 16:20:14.460] [predicting] [info] 当前路径id:60 最近距离：565.9786179270524 角度差：38.52380455359885 最近点纵向距离：136.36289357838317
[2025-04-17 16:20:14.460] [predicting] [info] 当前路径id:66 最近距离：401.9528283665722 角度差：251.39380455359887 最近点纵向距离：275.89176092017465
[2025-04-17 16:20:14.460] [predicting] [info] 当前路径id:68 最近距离：73.93384570209683 角度差：155.81380455359886 最近点纵向距离：1.0617326579073563
[2025-04-17 16:20:14.460] [predicting] [info] 当前路径id:69 最近距离：347.41664096996345 角度差：234.34380455359883 最近点纵向距离：258.4630477103183
[2025-04-17 16:20:14.460] [predicting] [info] 当前路径id:70 最近距离：314.16211581252304 角度差：139.59380455359886 最近点纵向距离：193.22541619187837
[2025-04-17 16:20:14.460] [predicting] [info] 当前路径id:71 最近距离：308.15323419880457 角度差：138.64380455359884 最近点纵向距离：188.56524960030256
[2025-04-17 16:20:14.460] [predicting] [info] 当前路径id:72 最近距离：302.4187754604251 角度差：138.62380455359886 最近点纵向距离：188.04386636561895
[2025-04-17 16:20:14.460] [predicting] [info] 当前路径id:73 最近距离：280.68790563622616 角度差：139.04380455359885 最近点纵向距离：188.84759816949366
[2025-04-17 16:20:14.460] [predicting] [info] 当前路径id:74 最近距离：286.0938684776608 角度差：140.22380455359888 最近点纵向距离：193.56635063524573
[2025-04-17 16:20:14.460] [predicting] [info] 当前路径id:75 最近距离：291.6836172206135 角度差：140.25380455359885 最近点纵向距离：194.08007376604513
[2025-04-17 16:20:14.460] [predicting] [info] 当前路径id:76 最近距离：280.68790563622616 角度差：137.24380455359886 最近点纵向距离：182.23168458807461
[2025-04-17 16:20:14.460] [predicting] [info] 当前路径id:77 最近距离：286.0938684776608 角度差：137.12380455359883 最近点纵向距离：181.89032591224918
[2025-04-17 16:20:14.460] [predicting] [info] 当前路径id:78 最近距离：291.6836172206135 角度差：136.72380455359885 最近点纵向距离：180.30512293743305
[2025-04-17 16:20:14.460] [predicting] [info] 当前路径id:79 最近距离：297.0412900836879 角度差：137.66380455359885 最近点纵向距离：183.75652251030638
[2025-04-17 16:20:14.460] [predicting] [info] 当前路径id:80 最近距离：297.0412900836879 角度差：140.01380455359885 最近点纵向距离：193.17150869475375
[2025-04-17 16:20:14.460] [predicting] [info] 当前路径id:81 最近距离：308.15323419880457 角度差：137.40380455359886 最近点纵向距离：183.2468002982976
[2025-04-17 16:20:14.460] [predicting] [info] 当前路径id:82 最近距离：314.16211581252304 角度差：137.20380455359881 最近点纵向距离：182.7273828168715
[2025-04-17 16:20:14.460] [predicting] [info] 当前路径id:83 最近距离：302.4187754604251 角度差：136.75380455359883 最近点纵向距离：180.2149545059484
[2025-04-17 16:20:14.461] [predicting] [info] 当前路径id:84 最近距离：244.82543808369556 角度差：190.76380455359887 最近点纵向距离：242.3186784520088
[2025-04-17 16:20:14.461] [predicting] [info] 当前路径id:85 最近距离：293.2517700704295 角度差：138.14380455359884 最近点纵向距离：174.8714024582099
[2025-04-17 16:20:14.461] [predicting] [info] 当前路径id:86 最近距离：293.2517700704295 角度差：138.5238045535989 最近点纵向距离：176.42882530021578
[2025-04-17 16:20:14.461] [predicting] [info] 当前路径id:87 最近距离：293.2517700704295 角度差：138.66380455359882 最近点纵向距离：177.0006600391779
[2025-04-17 16:20:14.461] [predicting] [info] 当前路径id:88 最近距离：293.2517700704295 角度差：136.87380455359886 最近点纵向距离：169.6109097381345
[2025-04-17 16:20:14.461] [predicting] [info] 当前路径id:89 最近距离：293.2517700704295 角度差：136.53380455359886 最近点纵向距离：168.18834030328006
[2025-04-17 16:20:14.461] [predicting] [info] 当前路径id:90 最近距离：293.2517700704295 角度差：136.22380455359882 最近点纵向距离：166.88612869342813
[2025-04-17 16:20:14.461] [predicting] [info] 当前路径id:91 最近距离：290.78826877052313 角度差：94.46380455359886 最近点纵向距离：8.939363034498076
[2025-04-17 16:20:14.461] [predicting] [info] 当前路径id:92 最近距离：511.0369222985842 角度差：126.00380455359884 最近点纵向距离：509.77759676995316
[2025-04-17 16:20:14.461] [predicting] [info] 当前路径id:93 最近距离：506.13551830679756 角度差：53.84619544640113 最近点纵向距离：505.24286968351043
[2025-04-17 16:20:14.461] [predicting] [info] 当前路径id:99 最近距离：762.7920487889228 角度差：23.803804553598845 最近点纵向距离：130.32301842392087
[2025-04-17 16:20:14.461] [predicting] [info] 当前路径id:102 最近距离：234.20914840201763 角度差：199.81380455359889 最近点纵向距离：232.82032783696286
[2025-04-17 16:20:14.461] [predicting] [info] 当前路径id:103 最近距离：378.2801320808168 角度差：63.72380455359886 最近点纵向距离：277.88593268735895
[2025-04-17 16:20:14.461] [predicting] [info] 当前路径id:105 最近距离：315.99650331397714 角度差：27.883804553598846 最近点纵向距离：309.77174807307335
[2025-04-17 16:20:14.461] [predicting] [info] 当前路径id:107 最近距离：27.08140324805971 角度差：165.26380455359882 最近点纵向距离：0.1454355136553538
[2025-04-17 16:20:14.461] [predicting] [info] 当前路径id:108 最近距离：1.9033511697068628 角度差：10.543804553598832 最近点纵向距离：0.36609840491039025
[2025-04-17 16:20:14.461] [predicting] [info] 当前路径id:109 最近距离：42.18367144465197 角度差：162.98380455359887 最近点纵向距离：32.57520966353925
[2025-04-17 16:20:14.461] [predicting] [info] 当前路径id:117 最近距离：234.93542145492103 角度差：20.76380455359886 最近点纵向距离：232.26788829666492
[2025-04-17 16:20:14.461] [predicting] [info] 当前路径id:119 最近距离：244.82543808369556 角度差：191.25380455359885 最近点纵向距离：242.60866705612682
[2025-04-17 16:20:14.461] [predicting] [info] 当前路径id:121 最近距离：317.44175301129616 角度差：209.4538045535989 最近点纵向距离：311.1431122079952
[2025-04-17 16:20:14.461] [predicting] [info] 当前路径id:122 最近距离：234.20914840201763 角度差：200.02380455359886 最近点纵向距离：232.72541906114463
[2025-04-17 16:20:14.461] [predicting] [info] 当前路径id:126 最近距离：771.0135004796468 角度差：204.83380455359887 最近点纵向距离：152.3950999653267
[2025-04-17 16:20:14.461] [predicting] [info] 当前路径id:127 最近距离：315.99650331397714 角度差：28.483804553598837 最近点纵向距离：309.10119839842923
[2025-04-17 16:20:14.461] [predicting] [info] 当前路径id:129 最近距离：14.496241198575856 角度差：10.983804553598857 最近点纵向距离：14.380177451500566
[2025-04-17 16:20:14.461] [predicting] [info] validRoads.size():1
[2025-04-17 16:20:14.461] [predicting] [info] currentRoads.size():1 
[2025-04-17 16:20:14.461] [predicting] [info] roadMap.size():51
[2025-04-17 16:20:14.461] [predicting] [info] id:7 following_road.size():1
[2025-04-17 16:20:14.461] [predicting] [info] id:8 following_road.size():1
[2025-04-17 16:20:14.461] [predicting] [info] id:30 following_road.size():1
[2025-04-17 16:20:14.461] [predicting] [info] id:52 following_road.size():1
[2025-04-17 16:20:14.461] [predicting] [info] id:53 following_road.size():1
[2025-04-17 16:20:14.462] [predicting] [info] id:54 following_road.size():2
[2025-04-17 16:20:14.462] [predicting] [info] id:56 following_road.size():1
[2025-04-17 16:20:14.462] [predicting] [info] id:57 following_road.size():1
[2025-04-17 16:20:14.462] [predicting] [info] id:59 following_road.size():1
[2025-04-17 16:20:14.462] [predicting] [info] id:66 following_road.size():2
[2025-04-17 16:20:14.462] [predicting] [info] id:68 following_road.size():2
[2025-04-17 16:20:14.462] [predicting] [info] id:69 following_road.size():7
[2025-04-17 16:20:14.462] [predicting] [info] id:70 following_road.size():1
[2025-04-17 16:20:14.462] [predicting] [info] id:71 following_road.size():1
[2025-04-17 16:20:14.462] [predicting] [info] id:72 following_road.size():1
[2025-04-17 16:20:14.462] [predicting] [info] id:73 following_road.size():1
[2025-04-17 16:20:14.462] [predicting] [info] id:74 following_road.size():1
[2025-04-17 16:20:14.462] [predicting] [info] id:75 following_road.size():1
[2025-04-17 16:20:14.462] [predicting] [info] id:76 following_road.size():1
[2025-04-17 16:20:14.462] [predicting] [info] id:77 following_road.size():1
[2025-04-17 16:20:14.462] [predicting] [info] id:78 following_road.size():1
[2025-04-17 16:20:14.462] [predicting] [info] id:79 following_road.size():1
[2025-04-17 16:20:14.462] [predicting] [info] id:80 following_road.size():1
[2025-04-17 16:20:14.462] [predicting] [info] id:81 following_road.size():1
[2025-04-17 16:20:14.462] [predicting] [info] id:82 following_road.size():1
[2025-04-17 16:20:14.462] [predicting] [info] id:83 following_road.size():1
[2025-04-17 16:20:14.462] [predicting] [info] id:84 following_road.size():1
[2025-04-17 16:20:14.462] [predicting] [info] id:85 following_road.size():2
[2025-04-17 16:20:14.463] [predicting] [info] id:86 following_road.size():2
[2025-04-17 16:20:14.463] [predicting] [info] id:87 following_road.size():2
[2025-04-17 16:20:14.463] [predicting] [info] id:88 following_road.size():2
[2025-04-17 16:20:14.463] [predicting] [info] id:89 following_road.size():2
[2025-04-17 16:20:14.463] [predicting] [info] id:90 following_road.size():2
[2025-04-17 16:20:14.463] [predicting] [info] id:91 following_road.size():2
[2025-04-17 16:20:14.463] [predicting] [info] id:92 following_road.size():1
[2025-04-17 16:20:14.463] [predicting] [info] id:93 following_road.size():1
[2025-04-17 16:20:14.463] [predicting] [info] id:102 following_road.size():1
[2025-04-17 16:20:14.463] [predicting] [info] id:103 following_road.size():1
[2025-04-17 16:20:14.463] [predicting] [info] id:105 following_road.size():1
[2025-04-17 16:20:14.463] [predicting] [info] id:107 following_road.size():1
[2025-04-17 16:20:14.463] [predicting] [info] id:108 following_road.size():1
[2025-04-17 16:20:14.463] [predicting] [info] id:117 following_road.size():2
[2025-04-17 16:20:14.463] [predicting] [info] id:119 following_road.size():1
[2025-04-17 16:20:14.463] [predicting] [info] id:121 following_road.size():2
[2025-04-17 16:20:14.463] [predicting] [info] id:122 following_road.size():1
[2025-04-17 16:20:14.463] [predicting] [info] id:126 following_road.size():1
[2025-04-17 16:20:14.463] [predicting] [info] id:127 following_road.size():7
[2025-04-17 16:20:14.463] [predicting] [info] id:129 following_road.size():1
[2025-04-17 16:20:14.464] [predicting] [info] roadMap.size():51
[2025-04-17 16:20:14.464] [predicting] [info] road_map_.size():51 
[2025-04-17 16:20:14.464] [predicting] [info] 更新road_map_信息,id:108,截断的位置：14 路段总长：251 更新后的路径:237
[2025-04-17 16:20:14.464] [predicting] [info] 更新road_map_信息完毕
[2025-04-17 16:20:14.464] [predicting] [info] 进入 findPathsToLeafRoads 函数
[2025-04-17 16:20:14.464] [predicting] [info] dfs函数内部，当前push_back的路段id:108
[2025-04-17 16:20:14.464] [predicting] [info] dfs函数内部，当前探索到的路id为 108,已经满足 100 阈值
[2025-04-17 16:20:14.464] [predicting] [info] temp_road_nodes.size():1
[2025-04-17 16:20:14.464] [predicting] [info] final_result.size():1
