[2025-04-17 16:23:07.962] [predicting] [info] 本地仿真环境日志
[2025-04-17 16:23:20.663] [predicting] [info] start_point.x =205.01466860401877
[2025-04-17 16:23:20.664] [predicting] [info] start_point.y =-682.4266190906312
[2025-04-17 16:23:20.664] [predicting] [info] start_point.yaw =92.18650998233933
[2025-04-17 16:23:20.664] [predicting] [info] Enter PredictingIntface 
[2025-04-17 16:23:20.664] [predicting] [info] referenceline_relation_.size():48
[2025-04-17 16:23:20.664] [predicting] [info] all_referencelines_.size():51
[2025-04-17 16:23:20.664] [predicting] [info] 进入 PreddictPath 函数
[2025-04-17 16:23:20.664] [predicting] [info] 进入 findCurrentRoad 函数
[2025-04-17 16:23:20.664] [predicting] [info] 当前路径id:7 最近距离：625.4035741495424 角度差：6.693490017660678 最近点纵向距离：585.2492529148076
[2025-04-17 16:23:20.664] [predicting] [info] 当前路径id:8 最近距离：640.5745577690411 角度差：38.7434900176607 最近点纵向距离：622.7434130756174
[2025-04-17 16:23:20.664] [predicting] [info] 当前路径id:30 最近距离：640.5745576897738 角度差：39.1734900176607 最近点纵向距离：621.5994883609816
[2025-04-17 16:23:20.664] [predicting] [info] 当前路径id:52 最近距离：569.8619831909662 角度差：210.5534900176607 最近点纵向距离：186.7678128797746
[2025-04-17 16:23:20.664] [predicting] [info] 当前路径id:53 最近距离：501.5560064314359 角度差：65.88650998233933 最近点纵向距离：499.7148966207331
[2025-04-17 16:23:20.664] [predicting] [info] 当前路径id:54 最近距离：78.97847716337522 角度差：39.066509982339326 最近点纵向距离：1.5006923405566255
[2025-04-17 16:23:20.664] [predicting] [info] 当前路径id:56 最近距离：580.2489394185851 角度差：34.68349001766067 最近点纵向距离：575.6203606966628
[2025-04-17 16:23:20.664] [predicting] [info] 当前路径id:57 最近距离：576.7149450266886 角度差：221.43349001766066 最近点纵向距离：561.6924554540401
[2025-04-17 16:23:20.664] [predicting] [info] 当前路径id:59 最近距离：506.6791191538484 角度差：112.98349001766066 最近点纵向距离：505.09021828196785
[2025-04-17 16:23:20.664] [predicting] [info] 当前路径id:60 最近距离：563.7808551150459 角度差：26.86349001766067 最近点纵向距离：152.31016643138406
[2025-04-17 16:23:20.664] [predicting] [info] 当前路径id:66 最近距离：418.99440359525215 角度差：239.73349001766067 最近点纵向距离：285.7642824573056
[2025-04-17 16:23:20.664] [predicting] [info] 当前路径id:68 最近距离：85.59748016128921 角度差：139.00349001766062 最近点纵向距离：0.664689049720053
[2025-04-17 16:23:20.664] [predicting] [info] 当前路径id:69 最近距离：364.5941101709337 角度差：222.6834900176607 最近点纵向距离：272.03735169297227
[2025-04-17 16:23:20.664] [predicting] [info] 当前路径id:70 最近距离：331.32300128432473 角度差：127.93349001766067 最近点纵向距离：202.65541856921567
[2025-04-17 16:23:20.664] [predicting] [info] 当前路径id:71 最近距离：325.2958610878371 角度差：126.98349001766064 最近点纵向距离：197.75512843575376
[2025-04-17 16:23:20.664] [predicting] [info] 当前路径id:72 最近距离：319.54009764763805 角度差：126.96349001766067 最近点纵向距离：197.22866258231483
[2025-04-17 16:23:20.664] [predicting] [info] 当前路径id:73 最近距离：297.67638755066594 角度差：127.38349001766069 最近点纵向距离：198.1388934080192
[2025-04-17 16:23:20.664] [predicting] [info] 当前路径id:74 最近距离：303.1222152456313 角度差：128.56349001766068 最近点纵向距离：203.15416726146918
[2025-04-17 16:23:20.664] [predicting] [info] 当前路径id:75 最近距离：308.7484229969586 角度差：128.59349001766068 最近点纵向距离：203.67537659321505
[2025-04-17 16:23:20.664] [predicting] [info] 当前路径id:76 最近距离：297.67638755066594 角度差：125.58349001766067 最近点纵向距离：191.06311142070473
[2025-04-17 16:23:20.664] [predicting] [info] 当前路径id:77 最近距离：303.1222152456313 角度差：125.46349001766067 最近点纵向距离：190.6907798945053
[2025-04-17 16:23:20.665] [predicting] [info] 当前路径id:78 最近距离：308.7484229969586 角度差：125.06349001766068 最近点纵向距离：189.0020560494093
[2025-04-17 16:23:20.665] [predicting] [info] 当前路径id:79 最近距离：314.1390367152743 角度差：126.00349001766065 最近点纵向距离：192.69604835988497
[2025-04-17 16:23:20.665] [predicting] [info] 当前路径id:80 最近距离：314.1390367152743 角度差：128.35349001766068 最近点纵向距离：202.70684842985565
[2025-04-17 16:23:20.665] [predicting] [info] 当前路径id:81 最近距离：325.2958610878371 角度差：125.74349001766068 最近点纵向距离：192.1194639806992
[2025-04-17 16:23:20.665] [predicting] [info] 当前路径id:82 最近距离：331.32300128432473 角度差：125.54349001766064 最近点纵向距离：191.54848966366666
[2025-04-17 16:23:20.665] [predicting] [info] 当前路径id:83 最近距离：319.54009764763805 角度差：125.09349001766067 最近点纵向距离：188.91966644924082
[2025-04-17 16:23:20.665] [predicting] [info] 当前路径id:84 最近距离：262.02587247017954 角度差：179.10349001766068 最近点纵向距离：259.45277065063414
[2025-04-17 16:23:20.665] [predicting] [info] 当前路径id:85 最近距离：310.41046213197177 角度差：126.48349001766067 最近点纵向距离：183.93388150933825
[2025-04-17 16:23:20.665] [predicting] [info] 当前路径id:86 最近距离：310.41046213197177 角度差：126.86349001766072 最近点纵向距离：185.5881916484325
[2025-04-17 16:23:20.665] [predicting] [info] 当前路径id:87 最近距离：310.41046213197177 角度差：127.00349001766065 最近点纵向距离：186.19562037362553
[2025-04-17 16:23:20.665] [predicting] [info] 当前路径id:88 最近距离：310.41046213197177 角度差：125.21349001766067 最近点纵向距离：178.34671312091362
[2025-04-17 16:23:20.665] [predicting] [info] 当前路径id:89 最近距离：310.41046213197177 角度差：124.87349001766069 最近点纵向距离：176.83595220262748
[2025-04-17 16:23:20.665] [predicting] [info] 当前路径id:90 最近距离：310.41046213197177 角度差：124.56349001766065 最近点纵向距离：175.45306523481304
[2025-04-17 16:23:20.665] [predicting] [info] 当前路径id:91 最近距离：307.74162668363243 角度差：84.54349001766064 最近点纵向距离：2.1527528244164618
[2025-04-17 16:23:20.665] [predicting] [info] 当前路径id:92 最近距离：506.67911920072663 角度差：114.34349001766066 最近点纵向距离：503.9963135099506
[2025-04-17 16:23:20.665] [predicting] [info] 当前路径id:93 最近距离：501.5560064757435 角度差：65.50650998233937 最近点纵向距离：499.41914988985104
[2025-04-17 16:23:20.665] [predicting] [info] 当前路径id:99 最近距离：763.7117126999236 角度差：12.143490017660671 最近点纵向距离：147.3956451872541
[2025-04-17 16:23:20.665] [predicting] [info] 当前路径id:102 最近距离：251.40666342263566 角度差：188.15349001766072 最近点纵向距离：250.00629975371487
[2025-04-17 16:23:20.665] [predicting] [info] 当前路径id:103 最近距离：395.4435779211523 角度差：52.063490017660676 最近点纵向距离：289.5526897726124
[2025-04-17 16:23:20.665] [predicting] [info] 当前路径id:105 最近距离：333.21330037350197 角度差：16.22349001766067 最近点纵向距离：326.6428974946791
[2025-04-17 16:23:20.665] [predicting] [info] 当前路径id:107 最近距离：36.20006682339806 角度差：151.80349001766072 最近点纵向距离：0.541213678206752
[2025-04-17 16:23:20.665] [predicting] [info] 当前路径id:108 最近距离：2.768290625666526 角度差：0.2265099823393493 最近点纵向距离：2.758521680233415
[2025-04-17 16:23:20.665] [predicting] [info] 当前路径id:109 最近距离：32.17447811745958 角度差：57.66650998233934 最近点纵向距离：29.23723074523209
[2025-04-17 16:23:20.665] [predicting] [info] 当前路径id:117 最近距离：252.10789346576277 角度差：9.10349001766068 最近点纵向距离：249.43441584734686
[2025-04-17 16:23:20.665] [predicting] [info] 当前路径id:119 最近距离：262.02587247017954 角度差：179.59349001766066 最近点纵向距离：259.75654988063934
[2025-04-17 16:23:20.665] [predicting] [info] 当前路径id:121 最近距离：334.65190638008386 角度差：197.7934900176607 最近点纵向距离：327.9138781644002
[2025-04-17 16:23:20.665] [predicting] [info] 当前路径id:122 最近距离：251.40666342263566 角度差：188.36349001766067 最近点纵向距离：249.90749934408313
[2025-04-17 16:23:20.665] [predicting] [info] 当前路径id:126 最近距离：772.0907751925994 角度差：193.1734900176607 最近点纵向距离：169.42499628512326
[2025-04-17 16:23:20.665] [predicting] [info] 当前路径id:127 最近距离：333.21330037350197 角度差：16.82349001766066 最近点纵向距离：325.9354762485772
[2025-04-17 16:23:20.665] [predicting] [info] 当前路径id:129 最近距离：0.349558080490612 角度差：1.9565099823393182 最近点纵向距离：0.2984511940096697
[2025-04-17 16:23:20.665] [predicting] [info] validRoads.size():1
[2025-04-17 16:23:20.665] [predicting] [info] currentRoads.size():1 
[2025-04-17 16:23:20.665] [predicting] [info] roadMap.size():51
[2025-04-17 16:23:20.665] [predicting] [info] id:7 following_road.size():1
[2025-04-17 16:23:20.665] [predicting] [info] id:8 following_road.size():1
[2025-04-17 16:23:20.665] [predicting] [info] id:30 following_road.size():1
[2025-04-17 16:23:20.665] [predicting] [info] id:52 following_road.size():1
[2025-04-17 16:23:20.665] [predicting] [info] id:53 following_road.size():1
[2025-04-17 16:23:20.665] [predicting] [info] id:54 following_road.size():2
[2025-04-17 16:23:20.665] [predicting] [info] id:56 following_road.size():1
[2025-04-17 16:23:20.665] [predicting] [info] id:57 following_road.size():1
[2025-04-17 16:23:20.665] [predicting] [info] id:59 following_road.size():1
[2025-04-17 16:23:20.666] [predicting] [info] id:66 following_road.size():2
[2025-04-17 16:23:20.666] [predicting] [info] id:68 following_road.size():2
[2025-04-17 16:23:20.666] [predicting] [info] id:69 following_road.size():7
[2025-04-17 16:23:20.666] [predicting] [info] id:70 following_road.size():1
[2025-04-17 16:23:20.666] [predicting] [info] id:71 following_road.size():1
[2025-04-17 16:23:20.666] [predicting] [info] id:72 following_road.size():1
[2025-04-17 16:23:20.666] [predicting] [info] id:73 following_road.size():1
[2025-04-17 16:23:20.666] [predicting] [info] id:74 following_road.size():1
[2025-04-17 16:23:20.666] [predicting] [info] id:75 following_road.size():1
[2025-04-17 16:23:20.666] [predicting] [info] id:76 following_road.size():1
[2025-04-17 16:23:20.666] [predicting] [info] id:77 following_road.size():1
[2025-04-17 16:23:20.666] [predicting] [info] id:78 following_road.size():1
[2025-04-17 16:23:20.666] [predicting] [info] id:79 following_road.size():1
[2025-04-17 16:23:20.666] [predicting] [info] id:80 following_road.size():1
[2025-04-17 16:23:20.666] [predicting] [info] id:81 following_road.size():1
[2025-04-17 16:23:20.666] [predicting] [info] id:82 following_road.size():1
[2025-04-17 16:23:20.666] [predicting] [info] id:83 following_road.size():1
[2025-04-17 16:23:20.666] [predicting] [info] id:84 following_road.size():1
[2025-04-17 16:23:20.666] [predicting] [info] id:85 following_road.size():2
[2025-04-17 16:23:20.666] [predicting] [info] id:86 following_road.size():2
[2025-04-17 16:23:20.666] [predicting] [info] id:87 following_road.size():2
[2025-04-17 16:23:20.666] [predicting] [info] id:88 following_road.size():2
[2025-04-17 16:23:20.666] [predicting] [info] id:89 following_road.size():2
[2025-04-17 16:23:20.666] [predicting] [info] id:90 following_road.size():2
[2025-04-17 16:23:20.666] [predicting] [info] id:91 following_road.size():2
[2025-04-17 16:23:20.666] [predicting] [info] id:92 following_road.size():1
[2025-04-17 16:23:20.666] [predicting] [info] id:93 following_road.size():1
[2025-04-17 16:23:20.666] [predicting] [info] id:102 following_road.size():1
[2025-04-17 16:23:20.666] [predicting] [info] id:103 following_road.size():1
[2025-04-17 16:23:20.666] [predicting] [info] id:105 following_road.size():1
[2025-04-17 16:23:20.667] [predicting] [info] id:107 following_road.size():1
[2025-04-17 16:23:20.667] [predicting] [info] id:108 following_road.size():1
[2025-04-17 16:23:20.667] [predicting] [info] id:117 following_road.size():2
[2025-04-17 16:23:20.667] [predicting] [info] id:119 following_road.size():1
[2025-04-17 16:23:20.667] [predicting] [info] id:121 following_road.size():2
[2025-04-17 16:23:20.667] [predicting] [info] id:122 following_road.size():1
[2025-04-17 16:23:20.667] [predicting] [info] id:126 following_road.size():1
[2025-04-17 16:23:20.667] [predicting] [info] id:127 following_road.size():7
[2025-04-17 16:23:20.667] [predicting] [info] id:129 following_road.size():1
[2025-04-17 16:23:20.667] [predicting] [info] roadMap.size():51
[2025-04-17 16:23:20.667] [predicting] [info] road_map_.size():51 
[2025-04-17 16:23:20.667] [predicting] [info] 更新road_map_信息,id:129,截断的位置：48 路段总长：52 更新后的路径:4
[2025-04-17 16:23:20.667] [predicting] [info] 更新road_map_信息完毕
[2025-04-17 16:23:20.667] [predicting] [info] 进入 findPathsToLeafRoads 函数
[2025-04-17 16:23:20.667] [predicting] [info] dfs函数内部，当前push_back的路段id:129
[2025-04-17 16:23:20.667] [predicting] [info] dfs函数内部，当前push_back的路段id:108
[2025-04-17 16:23:20.667] [predicting] [info] dfs函数内部，当前探索到的路id为 108,已经满足 100 阈值
[2025-04-17 16:23:20.667] [predicting] [info] temp_road_nodes.size():1
[2025-04-17 16:23:20.667] [predicting] [info] final_result.size():1
[2025-04-17 16:23:20.667] [predicting] [info] 当前推入的路径大小:100 path.size():1
