[2025-04-17 17:05:07.998] [predicting] [info] 本地仿真环境日志
[2025-04-17 17:05:21.100] [predicting] [info] start_point.x =198.73119082081564
[2025-04-17 17:05:21.100] [predicting] [info] start_point.y =-665.440229930475
[2025-04-17 17:05:21.100] [predicting] [info] start_point.yaw =88.93637812616709
[2025-04-17 17:05:21.100] [predicting] [info] Enter PredictingIntface 
[2025-04-17 17:05:21.100] [predicting] [info] referenceline_relation_.size():48
[2025-04-17 17:05:21.100] [predicting] [info] all_referencelines_.size():51
[2025-04-17 17:05:21.101] [predicting] [info] 进入 PreddictPath 函数
[2025-04-17 17:05:21.101] [predicting] [info] 进入 findCurrentRoad 函数
[2025-04-17 17:05:21.101] [predicting] [info] 当前路径id:7 最近距离：607.533345531265 角度差：9.943621873832932 最近点纵向距离：567.4965135711443
[2025-04-17 17:05:21.101] [predicting] [info] 当前路径id:8 最近距离：622.6053268951056 角度差：41.99362187383295 最近点纵向距离：605.7934813925185
[2025-04-17 17:05:21.101] [predicting] [info] 当前路径id:30 最近距离：622.6053268169746 角度差：42.42362187383295 最近点纵向距离：604.6979237086166
[2025-04-17 17:05:21.101] [predicting] [info] 当前路径id:52 最近距离：568.0363617524913 角度差：213.80362187383292 最近点纵向距离：169.0817146308878
[2025-04-17 17:05:21.101] [predicting] [info] 当前路径id:53 最近距离：502.2268224853251 角度差：62.63637812616711 最近点纵向距离：501.608023725469
[2025-04-17 17:05:21.101] [predicting] [info] 当前路径id:54 最近距离：63.97519574931396 角度差：32.37637812616708 最近点纵向距离：0.4758933996027679
[2025-04-17 17:05:21.101] [predicting] [info] 当前路径id:56 最近距离：562.3847949063695 角度差：37.93362187383292 最近点纵向距离：558.2611719255792
[2025-04-17 17:05:21.101] [predicting] [info] 当前路径id:57 最近距离：558.8998734152206 角度差：224.68362187383292 最近点纵向距离：545.0606829760316
[2025-04-17 17:05:21.101] [predicting] [info] 当前路径id:59 最近距离：507.10733210623096 角度差：116.2336218738329 最近点纵向距离：506.6277617290948
[2025-04-17 17:05:21.101] [predicting] [info] 当前路径id:60 最近距离：561.8852873765389 角度差：30.113621873832923 最近点纵向距离：134.409642732168
[2025-04-17 17:05:21.101] [predicting] [info] 当前路径id:66 最近距离：400.9664149005444 角度差：242.98362187383293 最近点纵向距离：272.2248649667104
[2025-04-17 17:05:21.101] [predicting] [info] 当前路径id:68 最近距离：70.479384919917 角度差：146.2936218738329 最近点纵向距离：1.0047186174099778
[2025-04-17 17:05:21.101] [predicting] [info] 当前路径id:69 最近距离：347.3314305568757 角度差：225.93362187383295 最近点纵向距离：255.56594187137276
[2025-04-17 17:05:21.101] [predicting] [info] 当前路径id:70 最近距离：314.13661441161435 角度差：131.18362187383292 最近点纵向距离：196.51450264155935
[2025-04-17 17:05:21.101] [predicting] [info] 当前路径id:71 最近距离：308.181448359855 角度差：130.2336218738329 最近点纵向距离：191.89755180868852
[2025-04-17 17:05:21.101] [predicting] [info] 当前路径id:72 最近距离：302.50188513337525 角度差：130.21362187383292 最近点纵向距离：191.37706857465048
[2025-04-17 17:05:21.101] [predicting] [info] 当前路径id:73 最近距离：281.02405985497785 角度差：130.63362187383294 最近点纵向距离：192.16181524468772
[2025-04-17 17:05:21.101] [predicting] [info] 当前路径id:74 最近距离：286.36443818379075 角度差：131.81362187383294 最近点纵向距离：196.8262788267599
[2025-04-17 17:05:21.101] [predicting] [info] 当前路径id:75 最近距离：291.8878465863008 角度差：131.84362187383294 最近点纵向距离：197.3386036100594
[2025-04-17 17:05:21.101] [predicting] [info] 当前路径id:76 最近距离：281.02405985497785 角度差：128.83362187383293 最近点纵向距离：185.62600005749462
[2025-04-17 17:05:21.101] [predicting] [info] 当前路径id:77 最近距离：286.36443818379075 角度差：128.71362187383292 最近点纵向距离：185.2898630270206
[2025-04-17 17:05:21.101] [predicting] [info] 当前路径id:78 最近距离：291.8878465863008 角度差：128.31362187383291 最近点纵向距离：183.72195771052125
[2025-04-17 17:05:21.102] [predicting] [info] 当前路径id:79 最近距离：297.178437134618 角度差：129.2536218738329 最近点纵向距离：187.1324451200122
[2025-04-17 17:05:21.102] [predicting] [info] 当前路径id:80 最近距离：297.178437134618 角度差：131.6036218738329 最近点纵向距离：196.44120027295122
[2025-04-17 17:05:21.102] [predicting] [info] 当前路径id:81 最近距离：308.181448359855 角度差：128.99362187383292 最近点纵向距离：186.63413041701767
[2025-04-17 17:05:21.102] [predicting] [info] 当前路径id:82 最近距离：314.13661441161435 角度差：128.7936218738329 最近点纵向距离：186.12344049022204
[2025-04-17 17:05:21.102] [predicting] [info] 当前路径id:83 最近距离：302.50188513337525 角度差：128.34362187383292 最近点纵向距离：183.63049772080086
[2025-04-17 17:05:21.102] [predicting] [info] 当前路径id:84 最近距离：244.2700776046027 角度差：182.35362187383294 最近点纵向距离：242.3292276637462
[2025-04-17 17:05:21.102] [predicting] [info] 当前路径id:85 最近距离：293.2357198116815 角度差：129.7336218738329 最近点纵向距离：178.22608258907954
[2025-04-17 17:05:21.102] [predicting] [info] 当前路径id:86 最近距离：293.2357198116815 角度差：130.11362187383295 最近点纵向距离：179.7665214181751
[2025-04-17 17:05:21.102] [predicting] [info] 当前路径id:87 最近距离：293.2357198116815 角度差：130.2536218738329 最近点纵向距离：180.33206184088735
[2025-04-17 17:05:21.102] [predicting] [info] 当前路径id:88 最近距离：293.2357198116815 角度差：128.46362187383292 最近点纵向距离：173.0212773596832
[2025-04-17 17:05:21.102] [predicting] [info] 当前路径id:89 最近距离：293.2357198116815 角度差：128.12362187383295 最近点纵向距离：171.61333317730663
[2025-04-17 17:05:21.102] [predicting] [info] 当前路径id:90 最近距离：293.2357198116815 角度差：127.81362187383291 最近点纵向距离：170.32435125617587
[2025-04-17 17:05:21.102] [predicting] [info] 当前路径id:91 最近距离：291.1624832292768 角度差：86.05362187383292 最近点纵向距离：4.752320311112705
[2025-04-17 17:05:21.102] [predicting] [info] 当前路径id:92 最近距离：507.1073321366157 角度差：117.5936218738329 最近点纵向距离：505.9617303522922
[2025-04-17 17:05:21.102] [predicting] [info] 当前路径id:93 最近距离：502.22682251304 角度差：62.256378126167085 最近点纵向距离：501.4316952230499
[2025-04-17 17:05:21.103] [predicting] [info] 当前路径id:99 最近距离：758.5844273988374 角度差：15.393621873832922 最近点纵向距离：129.38256527128283
[2025-04-17 17:05:21.103] [predicting] [info] 当前路径id:102 最近距离：234.05116500287048 角度差：191.40362187383295 最近点纵向距离：232.16795457578283
[2025-04-17 17:05:21.103] [predicting] [info] 当前路径id:103 最近距离：377.56469122501153 角度差：55.313621873832936 最近点纵向距离：274.52889050030086
[2025-04-17 17:05:21.104] [predicting] [info] 当前路径id:105 最近距离：315.61426342376814 角度差：19.473621873832922 最近点纵向距离：308.54144205318954
[2025-04-17 17:05:21.104] [predicting] [info] 当前路径id:107 最近距离：23.287329714918442 角度差：156.55362187383292 最近点纵向距离：0.4439201680494609
[2025-04-17 17:05:21.104] [predicting] [info] 当前路径id:108 最近距离：6.09084795210636 角度差：2.1336218738329333 最近点纵向距离：0.3393700687092861
[2025-04-17 17:05:21.104] [predicting] [info] 当前路径id:109 最近距离：38.32874858930986 角度差：154.57362187383293 最近点纵向距离：30.601988967695547
[2025-04-17 17:05:21.104] [predicting] [info] 当前路径id:117 最近距离：234.88391133033565 角度差：12.353621873832909 最近点纵向距离：231.54658516544742
[2025-04-17 17:05:21.104] [predicting] [info] 当前路径id:119 最近距离：244.2700776046027 角度差：182.84362187383292 最近点纵向距离：242.58318073692956
[2025-04-17 17:05:21.104] [predicting] [info] 当前路径id:121 最近距离：316.9475099907445 角度差：201.04362187383296 最近点纵向距离：309.8028518572503
[2025-04-17 17:05:21.105] [predicting] [info] 当前路径id:122 最近距离：234.05116500287048 角度差：191.61362187383293 最近点纵向距离：232.05779256544471
[2025-04-17 17:05:21.105] [predicting] [info] 当前路径id:126 最近距离：766.8039594877138 角度差：196.42362187383296 最近点纵向距离：151.38096502668878
[2025-04-17 17:05:21.105] [predicting] [info] 当前路径id:127 最近距离：315.61426342376814 角度差：20.073621873832938 最近点纵向距离：307.8287580569713
[2025-04-17 17:05:21.105] [predicting] [info] 当前路径id:129 最近距离：15.604032847844056 角度差：2.573621873832906 最近点纵向距离：14.38580751975885
[2025-04-17 17:05:21.105] [predicting] [info] validRoads.size():1
[2025-04-17 17:05:21.105] [predicting] [info] currentRoads.size():1 
[2025-04-17 17:05:21.105] [predicting] [info] roadMap.size():51
[2025-04-17 17:05:21.105] [predicting] [info] id:7 following_road.size():1
[2025-04-17 17:05:21.105] [predicting] [info] id:8 following_road.size():1
[2025-04-17 17:05:21.105] [predicting] [info] id:30 following_road.size():1
[2025-04-17 17:05:21.105] [predicting] [info] id:52 following_road.size():1
[2025-04-17 17:05:21.105] [predicting] [info] id:53 following_road.size():1
[2025-04-17 17:05:21.105] [predicting] [info] id:54 following_road.size():2
[2025-04-17 17:05:21.105] [predicting] [info] id:56 following_road.size():1
[2025-04-17 17:05:21.105] [predicting] [info] id:57 following_road.size():1
[2025-04-17 17:05:21.106] [predicting] [info] id:59 following_road.size():1
[2025-04-17 17:05:21.106] [predicting] [info] id:66 following_road.size():2
[2025-04-17 17:05:21.106] [predicting] [info] id:68 following_road.size():2
[2025-04-17 17:05:21.106] [predicting] [info] id:69 following_road.size():7
[2025-04-17 17:05:21.106] [predicting] [info] id:70 following_road.size():1
[2025-04-17 17:05:21.106] [predicting] [info] id:71 following_road.size():1
[2025-04-17 17:05:21.106] [predicting] [info] id:72 following_road.size():1
[2025-04-17 17:05:21.106] [predicting] [info] id:73 following_road.size():1
[2025-04-17 17:05:21.106] [predicting] [info] id:74 following_road.size():1
[2025-04-17 17:05:21.106] [predicting] [info] id:75 following_road.size():1
[2025-04-17 17:05:21.106] [predicting] [info] id:76 following_road.size():1
[2025-04-17 17:05:21.106] [predicting] [info] id:77 following_road.size():1
[2025-04-17 17:05:21.106] [predicting] [info] id:78 following_road.size():1
[2025-04-17 17:05:21.106] [predicting] [info] id:79 following_road.size():1
[2025-04-17 17:05:21.106] [predicting] [info] id:80 following_road.size():1
[2025-04-17 17:05:21.106] [predicting] [info] id:81 following_road.size():1
[2025-04-17 17:05:21.107] [predicting] [info] id:82 following_road.size():1
[2025-04-17 17:05:21.107] [predicting] [info] id:83 following_road.size():1
[2025-04-17 17:05:21.107] [predicting] [info] id:84 following_road.size():1
[2025-04-17 17:05:21.107] [predicting] [info] id:85 following_road.size():2
[2025-04-17 17:05:21.107] [predicting] [info] id:86 following_road.size():2
[2025-04-17 17:05:21.107] [predicting] [info] id:87 following_road.size():2
[2025-04-17 17:05:21.108] [predicting] [info] id:88 following_road.size():2
[2025-04-17 17:05:21.108] [predicting] [info] id:89 following_road.size():2
[2025-04-17 17:05:21.108] [predicting] [info] id:90 following_road.size():2
[2025-04-17 17:05:21.108] [predicting] [info] id:91 following_road.size():2
[2025-04-17 17:05:21.108] [predicting] [info] id:92 following_road.size():1
[2025-04-17 17:05:21.108] [predicting] [info] id:93 following_road.size():1
[2025-04-17 17:05:21.108] [predicting] [info] id:102 following_road.size():1
[2025-04-17 17:05:21.108] [predicting] [info] id:103 following_road.size():1
[2025-04-17 17:05:21.108] [predicting] [info] id:105 following_road.size():1
[2025-04-17 17:05:21.108] [predicting] [info] id:107 following_road.size():1
[2025-04-17 17:05:21.108] [predicting] [info] id:108 following_road.size():1
[2025-04-17 17:05:21.108] [predicting] [info] id:117 following_road.size():2
[2025-04-17 17:05:21.108] [predicting] [info] id:119 following_road.size():1
[2025-04-17 17:05:21.108] [predicting] [info] id:121 following_road.size():2
[2025-04-17 17:05:21.108] [predicting] [info] id:122 following_road.size():1
[2025-04-17 17:05:21.108] [predicting] [info] id:126 following_road.size():1
[2025-04-17 17:05:21.108] [predicting] [info] id:127 following_road.size():7
[2025-04-17 17:05:21.108] [predicting] [info] id:129 following_road.size():1
[2025-04-17 17:05:21.108] [predicting] [info] roadMap.size():51
[2025-04-17 17:05:21.108] [predicting] [info] road_map_.size():51 
[2025-04-17 17:05:21.108] [predicting] [info] 更新road_map_信息,id:108,截断的位置：14 路段总长：251 更新后的路径:237
[2025-04-17 17:05:21.108] [predicting] [info] 更新road_map_信息完毕
[2025-04-17 17:05:21.108] [predicting] [info] 进入 findPathsToLeafRoads 函数
[2025-04-17 17:05:21.108] [predicting] [info] dfs函数内部，当前push_back的路段id:108
[2025-04-17 17:05:21.108] [predicting] [info] dfs函数内部，当前push_back的路段id:117
[2025-04-17 17:05:21.108] [predicting] [info] dfs函数内部，当前push_back的路段id:105
[2025-04-17 17:05:21.108] [predicting] [info] dfs函数内部，当前push_back的路段id:103
[2025-04-17 17:05:21.108] [predicting] [info] dfs函数内部，当前push_back的路段id:56
[2025-04-17 17:05:21.108] [predicting] [info] dfs函数内部，当前push_back的路段id:7
[2025-04-17 17:05:21.108] [predicting] [info] dfs函数内部，当前push_back的路段id:30
[2025-04-17 17:05:21.108] [predicting] [info] dfs函数内部，当前push_back的路段id:8
[2025-04-17 17:05:21.108] [predicting] [info] dfs函数内部，当前push_back的路段id:57
[2025-04-17 17:05:21.108] [predicting] [info] dfs函数内部，当前push_back的路段id:66
[2025-04-17 17:05:21.108] [predicting] [info] dfs函数内部，当前探索到的路id为 66,已经满足 1000 阈值
[2025-04-17 17:05:21.108] [predicting] [info] dfs函数内部，当前push_back的路段id:127
[2025-04-17 17:05:21.108] [predicting] [info] dfs函数内部，当前push_back的路段id:80
[2025-04-17 17:05:21.108] [predicting] [info] dfs函数内部，当前push_back的路段id:79
[2025-04-17 17:05:21.108] [predicting] [info] dfs函数内部，当前push_back的路段id:88
[2025-04-17 17:05:21.108] [predicting] [info] dfs函数内部，当前push_back的路段id:84
[2025-04-17 17:05:21.108] [predicting] [info] dfs函数内部，当前push_back的路段id:68
[2025-04-17 17:05:21.108] [predicting] [info] dfs函数内部，当前探索到的路id为 68,已经满足 1000 阈值
[2025-04-17 17:05:21.108] [predicting] [info] dfs函数内部，当前push_back的路段id:102
[2025-04-17 17:05:21.108] [predicting] [info] dfs函数内部，当前push_back的路段id:107
[2025-04-17 17:05:21.108] [predicting] [info] dfs函数内部，当前push_back的路段id:109
[2025-04-17 17:05:21.108] [predicting] [info] dfs函数内部，当前push_back的路段id:70
[2025-04-17 17:05:21.108] [predicting] [info] dfs函数内部，当前push_back的路段id:82
[2025-04-17 17:05:21.108] [predicting] [info] dfs函数内部，当前push_back的路段id:86
[2025-04-17 17:05:21.109] [predicting] [info] dfs函数内部，当前push_back的路段id:84
[2025-04-17 17:05:21.109] [predicting] [info] dfs函数内部，当前push_back的路段id:68
[2025-04-17 17:05:21.109] [predicting] [info] dfs函数内部，当前探索到的路id为 68,已经满足 1000 阈值
[2025-04-17 17:05:21.109] [predicting] [info] dfs函数内部，当前push_back的路段id:102
[2025-04-17 17:05:21.109] [predicting] [info] dfs函数内部，当前push_back的路段id:107
[2025-04-17 17:05:21.109] [predicting] [info] dfs函数内部，当前push_back的路段id:109
[2025-04-17 17:05:21.109] [predicting] [info] dfs函数内部，当前push_back的路段id:71
[2025-04-17 17:05:21.109] [predicting] [info] dfs函数内部，当前push_back的路段id:81
[2025-04-17 17:05:21.109] [predicting] [info] dfs函数内部，当前push_back的路段id:87
[2025-04-17 17:05:21.109] [predicting] [info] dfs函数内部，当前push_back的路段id:84
[2025-04-17 17:05:21.109] [predicting] [info] dfs函数内部，当前push_back的路段id:68
[2025-04-17 17:05:21.109] [predicting] [info] dfs函数内部，当前探索到的路id为 68,已经满足 1000 阈值
[2025-04-17 17:05:21.109] [predicting] [info] dfs函数内部，当前push_back的路段id:102
[2025-04-17 17:05:21.109] [predicting] [info] dfs函数内部，当前push_back的路段id:107
[2025-04-17 17:05:21.109] [predicting] [info] dfs函数内部，当前push_back的路段id:109
[2025-04-17 17:05:21.109] [predicting] [info] dfs函数内部，当前push_back的路段id:72
[2025-04-17 17:05:21.109] [predicting] [info] dfs函数内部，当前push_back的路段id:83
[2025-04-17 17:05:21.109] [predicting] [info] dfs函数内部，当前push_back的路段id:85
[2025-04-17 17:05:21.109] [predicting] [info] dfs函数内部，当前push_back的路段id:84
[2025-04-17 17:05:21.109] [predicting] [info] dfs函数内部，当前push_back的路段id:68
[2025-04-17 17:05:21.109] [predicting] [info] dfs函数内部，当前探索到的路id为 68,已经满足 1000 阈值
[2025-04-17 17:05:21.109] [predicting] [info] dfs函数内部，当前push_back的路段id:102
[2025-04-17 17:05:21.109] [predicting] [info] dfs函数内部，当前push_back的路段id:107
[2025-04-17 17:05:21.109] [predicting] [info] dfs函数内部，当前push_back的路段id:109
[2025-04-17 17:05:21.109] [predicting] [info] dfs函数内部，当前push_back的路段id:73
[2025-04-17 17:05:21.109] [predicting] [info] dfs函数内部，当前push_back的路段id:76
[2025-04-17 17:05:21.109] [predicting] [info] dfs函数内部，当前push_back的路段id:91
[2025-04-17 17:05:21.109] [predicting] [info] dfs函数内部，当前push_back的路段id:84
[2025-04-17 17:05:21.109] [predicting] [info] dfs函数内部，当前push_back的路段id:68
[2025-04-17 17:05:21.109] [predicting] [info] dfs函数内部，当前探索到的路id为 68,已经满足 1000 阈值
[2025-04-17 17:05:21.109] [predicting] [info] dfs函数内部，当前push_back的路段id:102
[2025-04-17 17:05:21.109] [predicting] [info] dfs函数内部，当前push_back的路段id:107
[2025-04-17 17:05:21.109] [predicting] [info] dfs函数内部，当前push_back的路段id:109
[2025-04-17 17:05:21.109] [predicting] [info] dfs函数内部，当前push_back的路段id:74
[2025-04-17 17:05:21.109] [predicting] [info] dfs函数内部，当前push_back的路段id:77
[2025-04-17 17:05:21.109] [predicting] [info] dfs函数内部，当前push_back的路段id:90
[2025-04-17 17:05:21.109] [predicting] [info] dfs函数内部，当前push_back的路段id:84
[2025-04-17 17:05:21.109] [predicting] [info] dfs函数内部，当前push_back的路段id:68
[2025-04-17 17:05:21.109] [predicting] [info] dfs函数内部，当前探索到的路id为 68,已经满足 1000 阈值
[2025-04-17 17:05:21.109] [predicting] [info] dfs函数内部，当前push_back的路段id:102
[2025-04-17 17:05:21.109] [predicting] [info] dfs函数内部，当前push_back的路段id:107
[2025-04-17 17:05:21.109] [predicting] [info] dfs函数内部，当前push_back的路段id:109
[2025-04-17 17:05:21.109] [predicting] [info] dfs函数内部，当前push_back的路段id:75
[2025-04-17 17:05:21.109] [predicting] [info] dfs函数内部，当前push_back的路段id:78
[2025-04-17 17:05:21.109] [predicting] [info] dfs函数内部，当前push_back的路段id:89
[2025-04-17 17:05:21.109] [predicting] [info] dfs函数内部，当前push_back的路段id:84
[2025-04-17 17:05:21.109] [predicting] [info] dfs函数内部，当前push_back的路段id:68
[2025-04-17 17:05:21.109] [predicting] [info] dfs函数内部，当前探索到的路id为 68,已经满足 1000 阈值
[2025-04-17 17:05:21.109] [predicting] [info] dfs函数内部，当前push_back的路段id:102
[2025-04-17 17:05:21.109] [predicting] [info] dfs函数内部，当前push_back的路段id:107
[2025-04-17 17:05:21.109] [predicting] [info] dfs函数内部，当前push_back的路段id:109
[2025-04-17 17:05:21.109] [predicting] [info] temp_road_nodes.size():15
[2025-04-17 17:05:21.110] [predicting] [info] final_result.size():15
[2025-04-17 17:05:21.110] [predicting] [info] nearest_index:14
[2025-04-17 17:05:21.110] [predicting] [info] 当前推入的路径大小:1014 path.size():1
[2025-04-17 17:05:21.110] [predicting] [info] nearest_index:14
[2025-04-17 17:05:21.110] [predicting] [info] 当前推入的路径大小:1007 path.size():2
[2025-04-17 17:05:21.110] [predicting] [info] nearest_index:14
[2025-04-17 17:05:21.110] [predicting] [info] 当前推入的路径大小:907 path.size():3
[2025-04-17 17:05:21.111] [predicting] [info] nearest_index:14
[2025-04-17 17:05:21.111] [predicting] [info] 当前推入的路径大小:1006 path.size():4
[2025-04-17 17:05:21.111] [predicting] [info] nearest_index:14
[2025-04-17 17:05:21.111] [predicting] [info] 当前推入的路径大小:891 path.size():5
[2025-04-17 17:05:21.111] [predicting] [info] nearest_index:14
[2025-04-17 17:05:21.111] [predicting] [info] 当前推入的路径大小:1006 path.size():6
[2025-04-17 17:05:21.111] [predicting] [info] nearest_index:14
[2025-04-17 17:05:21.111] [predicting] [info] 当前推入的路径大小:894 path.size():7
[2025-04-17 17:05:21.111] [predicting] [info] nearest_index:14
[2025-04-17 17:05:21.111] [predicting] [info] 当前推入的路径大小:1006 path.size():8
[2025-04-17 17:05:21.111] [predicting] [info] nearest_index:14
[2025-04-17 17:05:21.111] [predicting] [info] 当前推入的路径大小:900 path.size():9
[2025-04-17 17:05:21.111] [predicting] [info] nearest_index:14
[2025-04-17 17:05:21.112] [predicting] [info] 当前推入的路径大小:1011 path.size():10
[2025-04-17 17:05:21.112] [predicting] [info] nearest_index:14
[2025-04-17 17:05:21.112] [predicting] [info] 当前推入的路径大小:942 path.size():11
[2025-04-17 17:05:21.112] [predicting] [info] nearest_index:14
[2025-04-17 17:05:21.112] [predicting] [info] 当前推入的路径大小:1006 path.size():12
[2025-04-17 17:05:21.112] [predicting] [info] nearest_index:14
[2025-04-17 17:05:21.112] [predicting] [info] 当前推入的路径大小:924 path.size():13
[2025-04-17 17:05:21.112] [predicting] [info] nearest_index:14
[2025-04-17 17:05:21.113] [predicting] [info] 当前推入的路径大小:1007 path.size():14
[2025-04-17 17:05:21.113] [predicting] [info] nearest_index:14
[2025-04-17 17:05:21.113] [predicting] [info] 当前推入的路径大小:914 path.size():15
