[2025-04-17 16:13:26.815] [predicting] [info] 本地仿真环境日志
[2025-04-17 16:14:12.516] [predicting] [info] start_point.x =204.86177553761252
[2025-04-17 16:14:12.516] [predicting] [info] start_point.y =-667.1390214343812
[2025-04-17 16:14:12.516] [predicting] [info] start_point.yaw =90.5728094890321
[2025-04-17 16:14:12.516] [predicting] [info] Enter PredictingIntface 
[2025-04-17 16:14:12.516] [predicting] [info] referenceline_relation_.size():48
[2025-04-17 16:14:12.516] [predicting] [info] all_referencelines_.size():51
[2025-04-17 16:14:12.516] [predicting] [info] 进入 PreddictPath 函数
[2025-04-17 16:14:12.516] [predicting] [info] 进入 findCurrentRoad 函数
[2025-04-17 16:14:12.516] [predicting] [info] 当前路径id:7 最近距离：612.0703606797391 角度差：8.307190510967917 最近点纵向距离：570.1212938966776
[2025-04-17 16:14:12.516] [predicting] [info] 当前路径id:8 最近距离：626.9670770993868 角度差：40.35719051096793 最近点纵向距离：611.0933060260547
[2025-04-17 16:14:12.516] [predicting] [info] 当前路径id:30 最近距离：626.9670770236086 角度差：40.78719051096793 最近点纵向距离：610.0240069977069
[2025-04-17 16:14:12.516] [predicting] [info] 当前路径id:52 最近距离：573.5037118889945 角度差：212.1671905109679 最近点纵向距离：173.8262148084994
[2025-04-17 16:14:12.516] [predicting] [info] 当前路径id:53 最近距离：507.1904155246498 角度差：64.27280948903213 最近点纵向距离：506.3513241597958
[2025-04-17 16:14:12.516] [predicting] [info] 当前路径id:54 最近距离：70.04003891275696 角度差：32.942809489032086 最近点纵向距离：0.12782880178051315
[2025-04-17 16:14:12.516] [predicting] [info] 当前路径id:56 最近距离：566.9332117319963 角度差：36.29719051096791 最近点纵向距离：563.2985628993489
[2025-04-17 16:14:12.516] [predicting] [info] 当前路径id:57 最近距离：563.5186137424206 角度差：223.04719051096788 最近点纵向距离：550.5198114584176
[2025-04-17 16:14:12.516] [predicting] [info] 当前路径id:59 最近距离：512.1240539324658 角度差：114.59719051096789 最近点纵向距离：511.45374129145546
[2025-04-17 16:14:12.516] [predicting] [info] 当前路径id:60 最近距离：567.3647281863526 角度差：28.477190510967908 最近点纵向距离：138.87156445883147
[2025-04-17 16:14:12.516] [predicting] [info] 当前路径id:66 最近距离：404.20073436833616 角度差：241.3471905109679 最近点纵向距离：278.4334539160742
[2025-04-17 16:14:12.516] [predicting] [info] 当前路径id:68 最近距离：76.52539456791025 角度差：145.7671905109679 最近点纵向距离：0.6232354464050474
[2025-04-17 16:14:12.516] [predicting] [info] 当前路径id:69 最近距离：349.3215974276041 角度差：224.2971905109679 最近点纵向距离：261.09502238976074
[2025-04-17 16:14:12.516] [predicting] [info] 当前路径id:70 最近距离：316.0428827248229 角度差：129.5471905109679 最近点纵向距离：192.92115116130176
[2025-04-17 16:14:12.516] [predicting] [info] 当前路径id:71 最近距离：310.0107722026243 角度差：128.5971905109679 最近点纵向距离：188.21765738904304
[2025-04-17 16:14:12.516] [predicting] [info] 当前路径id:72 最近距离：304.2522599487498 角度差：128.5771905109679 最近点纵向距离：187.69536298849462
[2025-04-17 16:14:12.516] [predicting] [info] 当前路径id:73 最近距离：282.4063527339216 角度差：128.99719051096793 最近点纵向距离：188.5182380219738
[2025-04-17 16:14:12.516] [predicting] [info] 当前路径id:74 最近距离：287.84275998237655 角度差：130.17719051096793 最近点纵向距离：193.29086523309022
[2025-04-17 16:14:12.516] [predicting] [info] 当前路径id:75 最近距离：293.4628578519194 角度差：130.2071905109679 最近点纵向距离：193.8059596807317
[2025-04-17 16:14:12.516] [predicting] [info] 当前路径id:76 最近距离：282.4063527339216 角度差：127.1971905109679 最近点纵向距离：181.820419389217
[2025-04-17 16:14:12.516] [predicting] [info] 当前路径id:77 最近距离：287.84275998237655 角度差：127.07719051096791 最近点纵向距离：181.47361391552639
[2025-04-17 16:14:12.516] [predicting] [info] 当前路径id:78 最近距离：293.4628578519194 角度差：126.67719051096792 最近点纵向距离：179.8702682834956
[2025-04-17 16:14:12.516] [predicting] [info] 当前路径id:79 最近距离：298.8507924421462 角度差：127.6171905109679 最近点纵向距离：183.36433515369393
[2025-04-17 16:14:12.516] [predicting] [info] 当前路径id:80 最近距离：298.8507924421462 角度差：129.9671905109679 最近点纵向距离：192.88642621047939
[2025-04-17 16:14:12.516] [predicting] [info] 当前路径id:81 最近距离：310.0107722026243 角度差：127.35719051096791 最近点纵向距离：182.84280029870112
[2025-04-17 16:14:12.517] [predicting] [info] 当前路径id:82 最近距离：316.0428827248229 角度差：127.15719051096788 最近点纵向距离：182.31430181709985
[2025-04-17 16:14:12.517] [predicting] [info] 当前路径id:83 最近距离：304.2522599487498 角度差：126.7071905109679 最近点纵向距离：179.78145982711303
[2025-04-17 16:14:12.517] [predicting] [info] 当前路径id:84 最近距离：246.92653375672725 角度差：180.71719051096795 最近点纵向距离：244.1656055202459
[2025-04-17 16:14:12.517] [predicting] [info] 当前路径id:85 最近距离：295.12967536775665 角度差：128.0971905109679 最近点纵向距离：174.50104409482896
[2025-04-17 16:14:12.517] [predicting] [info] 当前路径id:86 最近距离：295.12967536775665 角度差：128.47719051096794 最近点纵向距离：176.07576673294903
[2025-04-17 16:14:12.517] [predicting] [info] 当前路径id:87 最近距离：295.12967536775665 角度差：128.6171905109679 最近点纵向距离：176.65397903613618
[2025-04-17 16:14:12.517] [predicting] [info] 当前路径id:88 最近距离：295.12967536775665 角度差：126.82719051096791 最近点纵向距离：169.18285614442863
[2025-04-17 16:14:12.517] [predicting] [info] 当前路径id:89 最近距离：295.12967536775665 角度差：126.48719051096792 最近点纵向距离：167.7448752575898
[2025-04-17 16:14:12.517] [predicting] [info] 当前路径id:90 最近距离：295.12967536775665 角度差：126.17719051096789 最近点纵向距离：166.42862562584438
[2025-04-17 16:14:12.517] [predicting] [info] 当前路径id:91 最近距离：292.4822869877614 角度差：86.15719051096788 最近点纵向距离：1.128084426418079
[2025-04-17 16:14:12.517] [predicting] [info] 当前路径id:92 最近距离：512.1240539663987 角度差：115.95719051096789 最近点纵向距离：510.68797525910014
[2025-04-17 16:14:12.517] [predicting] [info] 当前路径id:93 最近距离：507.1904155559959 角度差：63.892809489032096 最近点纵向距离：506.14677591122256
[2025-04-17 16:14:12.517] [predicting] [info] 当前路径id:99 最近距离：764.5655533977899 角度差：13.757190510967908 最近点纵向距离：132.5458597082851
[2025-04-17 16:14:12.517] [predicting] [info] 当前路径id:102 最近距离：236.15253709115225 角度差：189.7671905109679 最近点纵向距离：234.93953049992675
[2025-04-17 16:14:12.517] [predicting] [info] 当前路径id:103 最近距离：380.43421013367777 角度差：53.67719051096792 最近点纵向距离：280.4968319188305
[2025-04-17 16:14:12.517] [predicting] [info] 当前路径id:105 最近距离：318.0260344375473 角度差：17.837190510967908 最近点纵向距离：312.08941936618925
[2025-04-17 16:14:12.517] [predicting] [info] 当前路径id:107 最近距离：29.571834172563563 角度差：155.0671905109679 最近点纵向距离：0.36406123849461913
[2025-04-17 16:14:12.517] [predicting] [info] 当前路径id:108 最近距离：0.4738327915687227 角度差：0.5171905109679173 最近点纵向距离：0.4735650842153913
[2025-04-17 16:14:12.517] [predicting] [info] 当前路径id:109 最近距离：43.26779542672054 角度差：152.93719051096792 最近点纵向距离：31.81604568760746
[2025-04-17 16:14:12.517] [predicting] [info] 当前路径id:117 最近距离：236.83339902122154 角度差：10.717190510967894 最近点纵向距离：234.41271825981502
[2025-04-17 16:14:12.517] [predicting] [info] 当前路径id:119 最近距离：246.92653375672725 角度差：181.2071905109679 最近点纵向距离：244.47157989864223
[2025-04-17 16:14:12.517] [predicting] [info] 当前路径id:121 最近距离：319.5151652700522 角度差：199.40719051096792 最近点纵向距离：313.49416882951493
[2025-04-17 16:14:12.517] [predicting] [info] 当前路径id:122 最近距离：236.15253709115225 角度差：189.9771905109679 最近点纵向距离：234.85033711342092
[2025-04-17 16:14:12.517] [predicting] [info] 当前路径id:126 最近距离：772.8049784370572 角度差：194.78719051096792 最近点纵向距离：154.64296424696053
[2025-04-17 16:14:12.517] [predicting] [info] 当前路径id:127 最近距离：318.0260344375473 角度差：18.437190510967923 最近点纵向距离：311.431835242126
[2025-04-17 16:14:12.517] [predicting] [info] 当前路径id:129 最近距离：12.52611803858392 角度差：0.9371905109678912 最近点纵向距离：12.526056317469218
[2025-04-17 16:14:12.517] [predicting] [info] validRoads.size():1
[2025-04-17 16:14:12.517] [predicting] [info] currentRoads.size():1 
[2025-04-17 16:14:12.517] [predicting] [info] roadMap.size():51
[2025-04-17 16:14:12.517] [predicting] [info] id:7 following_road.size():1
[2025-04-17 16:14:12.517] [predicting] [info] id:8 following_road.size():1
[2025-04-17 16:14:12.517] [predicting] [info] id:30 following_road.size():1
[2025-04-17 16:14:12.517] [predicting] [info] id:52 following_road.size():1
[2025-04-17 16:14:12.517] [predicting] [info] id:53 following_road.size():1
[2025-04-17 16:14:12.517] [predicting] [info] id:54 following_road.size():2
[2025-04-17 16:14:12.517] [predicting] [info] id:56 following_road.size():1
[2025-04-17 16:14:12.518] [predicting] [info] id:57 following_road.size():1
[2025-04-17 16:14:12.518] [predicting] [info] id:59 following_road.size():1
[2025-04-17 16:14:12.518] [predicting] [info] id:66 following_road.size():2
[2025-04-17 16:14:12.518] [predicting] [info] id:68 following_road.size():2
[2025-04-17 16:14:12.518] [predicting] [info] id:69 following_road.size():7
[2025-04-17 16:14:12.518] [predicting] [info] id:70 following_road.size():1
[2025-04-17 16:14:12.518] [predicting] [info] id:71 following_road.size():1
[2025-04-17 16:14:12.518] [predicting] [info] id:72 following_road.size():1
[2025-04-17 16:14:12.518] [predicting] [info] id:73 following_road.size():1
[2025-04-17 16:14:12.518] [predicting] [info] id:74 following_road.size():1
[2025-04-17 16:14:12.518] [predicting] [info] id:75 following_road.size():1
[2025-04-17 16:14:12.518] [predicting] [info] id:76 following_road.size():1
[2025-04-17 16:14:12.518] [predicting] [info] id:77 following_road.size():1
[2025-04-17 16:14:12.518] [predicting] [info] id:78 following_road.size():1
[2025-04-17 16:14:12.518] [predicting] [info] id:79 following_road.size():1
[2025-04-17 16:14:12.518] [predicting] [info] id:80 following_road.size():1
[2025-04-17 16:14:12.518] [predicting] [info] id:81 following_road.size():1
[2025-04-17 16:14:12.518] [predicting] [info] id:82 following_road.size():1
[2025-04-17 16:14:12.518] [predicting] [info] id:83 following_road.size():1
[2025-04-17 16:14:12.518] [predicting] [info] id:84 following_road.size():1
[2025-04-17 16:14:12.518] [predicting] [info] id:85 following_road.size():2
[2025-04-17 16:14:12.518] [predicting] [info] id:86 following_road.size():2
[2025-04-17 16:14:12.518] [predicting] [info] id:87 following_road.size():2
[2025-04-17 16:14:12.518] [predicting] [info] id:88 following_road.size():2
[2025-04-17 16:14:12.518] [predicting] [info] id:89 following_road.size():2
[2025-04-17 16:14:12.519] [predicting] [info] id:90 following_road.size():2
[2025-04-17 16:14:12.519] [predicting] [info] id:91 following_road.size():2
[2025-04-17 16:14:12.519] [predicting] [info] id:92 following_road.size():1
[2025-04-17 16:14:12.519] [predicting] [info] id:93 following_road.size():1
[2025-04-17 16:14:12.519] [predicting] [info] id:102 following_road.size():1
[2025-04-17 16:14:12.519] [predicting] [info] id:103 following_road.size():1
[2025-04-17 16:14:12.519] [predicting] [info] id:105 following_road.size():1
[2025-04-17 16:14:12.519] [predicting] [info] id:107 following_road.size():1
[2025-04-17 16:14:12.519] [predicting] [info] id:108 following_road.size():1
[2025-04-17 16:14:12.519] [predicting] [info] id:117 following_road.size():2
[2025-04-17 16:14:12.519] [predicting] [info] id:119 following_road.size():1
[2025-04-17 16:14:12.519] [predicting] [info] id:121 following_road.size():2
[2025-04-17 16:14:12.519] [predicting] [info] id:122 following_road.size():1
[2025-04-17 16:14:12.519] [predicting] [info] id:126 following_road.size():1
[2025-04-17 16:14:12.519] [predicting] [info] id:127 following_road.size():7
[2025-04-17 16:14:12.519] [predicting] [info] id:129 following_road.size():1
[2025-04-17 16:14:12.519] [predicting] [info] roadMap.size():51
[2025-04-17 16:14:12.519] [predicting] [info] road_map_.size():51 
[2025-04-17 16:14:12.519] [predicting] [info] 更新road_map_信息,id:108,截断的位置：13 路段总长：251 更新后的路径:238
[2025-04-17 16:14:12.519] [predicting] [info] 更新road_map_信息完毕
[2025-04-17 16:14:12.519] [predicting] [info] 进入 findPathsToLeafRoads 函数
[2025-04-17 16:14:12.520] [predicting] [info] dfs函数内部，当前push_back的路段id:108
[2025-04-17 16:14:12.520] [predicting] [info] dfs函数内部，当前探索到的路id为 108,已经满足 100 阈值
[2025-04-17 16:14:12.520] [predicting] [info] temp_road_nodes.size():1
[2025-04-17 16:14:12.520] [predicting] [info] final_result.size():1
