[2025-04-17 16:37:35.074] [predicting] [info] 本地仿真环境日志
[2025-04-17 16:37:47.376] [predicting] [info] start_point.x =202.81361879933127
[2025-04-17 16:37:47.376] [predicting] [info] start_point.y =-670.8080277820375
[2025-04-17 16:37:47.376] [predicting] [info] start_point.yaw =79.95342944298223
[2025-04-17 16:37:47.376] [predicting] [info] Enter PredictingIntface 
[2025-04-17 16:37:47.376] [predicting] [info] referenceline_relation_.size():48
[2025-04-17 16:37:47.376] [predicting] [info] all_referencelines_.size():51
[2025-04-17 16:37:47.376] [predicting] [info] 进入 PreddictPath 函数
[2025-04-17 16:37:47.376] [predicting] [info] 进入 findCurrentRoad 函数
[2025-04-17 16:37:47.377] [predicting] [info] 当前路径id:7 最近距离：614.2207714124035 角度差：18.926570557017786 最近点纵向距离：573.4301580686957
[2025-04-17 16:37:47.377] [predicting] [info] 当前路径id:8 最近距离：629.2543829763513 角度差：50.9765705570178 最近点纵向距离：612.5234567958348
[2025-04-17 16:37:47.377] [predicting] [info] 当前路径id:30 最近距离：629.2543828987914 角度差：51.4065705570178 最近点纵向距离：611.4244650679441
[2025-04-17 16:37:47.377] [predicting] [info] 当前路径id:52 最近距离：570.5786030423112 角度差：222.7865705570178 最近点纵向距离：175.80463881338943
[2025-04-17 16:37:47.377] [predicting] [info] 当前路径id:53 最近距离：503.87790150401116 角度差：53.65342944298223 最近点纵向距离：502.88954842503074
[2025-04-17 16:37:47.377] [predicting] [info] 当前路径id:54 最近距离：70.35874914789682 角度差：24.34342944298222 最近点纵向距离：0.4138655742185833
[2025-04-17 16:37:47.377] [predicting] [info] 当前路径id:56 最近距离：569.0742227714719 角度差：46.91657055701777 最近点纵向距离：565.0048670747875
[2025-04-17 16:37:47.377] [predicting] [info] 当前路径id:57 最近距离：565.6020440446731 角度差：233.66657055701776 最近点纵向距离：551.762952670243
[2025-04-17 16:37:47.378] [predicting] [info] 当前路径id:59 最近距离：508.8464280444727 角度差：125.21657055701776 最近点纵向距离：508.03960885235625
[2025-04-17 16:37:47.378] [predicting] [info] 当前路径id:60 最近距离：564.4510439425422 角度差：39.09657055701778 最近点纵向距离：141.08446725795852
[2025-04-17 16:37:47.378] [predicting] [info] 当前路径id:66 最近距离：407.20176308269015 角度差：251.9665705570178 最近点纵向距离：278.3533989105064
[2025-04-17 16:37:47.378] [predicting] [info] 当前路径id:68 最近距离：76.88684523678089 角度差：154.22657055701777 最近点纵向距离：1.3324229422884457
[2025-04-17 16:37:47.378] [predicting] [info] 当前路径id:69 最近距离：352.8762209884307 角度差：234.9165705570178 最近点纵向距离：262.25030565191145
[2025-04-17 16:37:47.378] [predicting] [info] 当前路径id:70 最近距离：319.6266871330009 角度差：140.1665705570178 最近点纵向距离：196.85164267274286
[2025-04-17 16:37:47.378] [predicting] [info] 当前路径id:71 最近距离：313.6215536155095 角度差：139.21657055701775 最近点纵向距离：192.12297321342618
[2025-04-17 16:37:47.379] [predicting] [info] 当前路径id:72 最近距离：307.89004041600407 角度差：139.1965705570178 最近点纵向距离：191.60013723449555
[2025-04-17 16:37:47.379] [predicting] [info] 当前路径id:73 最近距离：286.16115336180155 角度差：139.61657055701778 最近点纵向距离：192.43428539797324
[2025-04-17 16:37:47.379] [predicting] [info] 当前路径id:74 最近距离：291.5684368357339 角度差：140.7965705570178 最近点纵向距离：197.2374567358226
[2025-04-17 16:37:47.379] [predicting] [info] 当前路径id:75 最近距离：297.1582142222275 角度差：140.8265705570178 最近点纵向距离：197.7533059632308
[2025-04-17 16:37:47.379] [predicting] [info] 当前路径id:76 最近距离：286.16115336180155 角度差：137.81657055701777 最近点纵向距离：185.68667937481484
[2025-04-17 16:37:47.379] [predicting] [info] 当前路径id:77 最近距离：291.5684368357339 角度差：137.69657055701776 最近点纵向距离：185.33641851326988
[2025-04-17 16:37:47.379] [predicting] [info] 当前路径id:78 最近距离：297.1582142222275 角度差：137.2965705570178 最近点纵向距离：183.7214326329998
[2025-04-17 16:37:47.379] [predicting] [info] 当前路径id:79 最近距离：302.5145800823294 角度差：138.23657055701776 最近点纵向距离：187.24255534343644
[2025-04-17 16:37:47.379] [predicting] [info] 当前路径id:80 最近距离：302.5145800823294 角度差：140.58657055701778 最近点纵向距离：196.8277039710175
[2025-04-17 16:37:47.379] [predicting] [info] 当前路径id:81 最近距离：313.6215536155095 角度差：137.9765705570178 最近点纵向距离：186.7136410843503
[2025-04-17 16:37:47.379] [predicting] [info] 当前路径id:82 最近距离：319.6266871330009 角度差：137.77657055701775 最近点纵向距离：186.17941189036682
[2025-04-17 16:37:47.379] [predicting] [info] 当前路径id:83 最近距离：307.89004041600407 角度差：137.3265705570178 最近点纵向距离：183.63350371319646
[2025-04-17 16:37:47.379] [predicting] [info] 当前路径id:84 最近距离：250.20433481662064 角度差：191.3365705570178 最近点纵向距离：247.7875721364734
[2025-04-17 16:37:47.379] [predicting] [info] 当前路径id:85 最近距离：298.71692847514475 角度差：138.71657055701775 最近点纵向距离：178.3926778768296
[2025-04-17 16:37:47.379] [predicting] [info] 当前路径id:86 最近距离：298.71692847514475 角度差：139.09657055701783 最近点纵向距离：179.9778259515872
[2025-04-17 16:37:47.379] [predicting] [info] 当前路径id:87 最近距离：298.71692847514475 角度差：139.23657055701776 最近点纵向距离：180.55983596305066
[2025-04-17 16:37:47.379] [predicting] [info] 当前路径id:88 最近距离：298.71692847514475 角度差：137.4465705570178 最近点纵向距离：173.03840761382517
[2025-04-17 16:37:47.379] [predicting] [info] 当前路径id:89 最近距离：298.71692847514475 角度差：137.1065705570178 最近点纵向距离：171.59044470028567
[2025-04-17 16:37:47.379] [predicting] [info] 当前路径id:90 最近距离：298.71692847514475 角度差：136.79657055701776 最近点纵向距离：170.26497577883373
[2025-04-17 16:37:47.380] [predicting] [info] 当前路径id:91 最近距离：296.26009692331866 角度差：95.0365705570178 最近点纵向距离：9.287918950642776
[2025-04-17 16:37:47.380] [predicting] [info] 当前路径id:92 最近距离：508.8464280807855 角度差：126.57657055701776 最近点纵向距离：507.21666654425655
[2025-04-17 16:37:47.380] [predicting] [info] 当前路径id:93 最近距离：503.87790153771175 角度差：53.273429442982206 最近点纵向距离：502.6692801623609
[2025-04-17 16:37:47.380] [predicting] [info] 当前路径id:99 最近距离：762.2532582020447 角度差：24.376570557017775 最近点纵向距离：135.59377777650113
[2025-04-17 16:37:47.380] [predicting] [info] 当前路径id:102 最近距离：239.659648596405 角度差：200.38657055701782 最近点纵向距离：238.18133036394428
[2025-04-17 16:37:47.380] [predicting] [info] 当前路径id:103 最近距离：383.6189979676805 角度差：64.29657055701779 最近点纵向距离：280.9782169308949
[2025-04-17 16:37:47.380] [predicting] [info] 当前路径id:105 最近距离：321.41380981775245 角度差：28.456570557017777 最近点纵向距离：314.92381140568807
[2025-04-17 16:37:47.380] [predicting] [info] 当前路径id:107 最近距离：29.232915613231704 角度差：165.1265705570178 最近点纵向距离：0.46267222478824976
[2025-04-17 16:37:47.380] [predicting] [info] 当前路径id:108 最近距离：2.108222342484832 角度差：11.236570557017782 最近点纵向距离：0.09927961825743134
[2025-04-17 16:37:47.380] [predicting] [info] 当前路径id:109 最近距离：40.13903025570249 角度差：163.5565705570178 最近点纵向距离：27.618677025139895
[2025-04-17 16:37:47.380] [predicting] [info] 当前路径id:117 最近距离：240.397087413294 角度差：21.336570557017787 最近点纵向距离：237.60974721990686
[2025-04-17 16:37:47.380] [predicting] [info] 当前路径id:119 最近距离：250.20433481662064 角度差：191.82657055701776 最近点纵向距离：248.07519625310545
[2025-04-17 16:37:47.380] [predicting] [info] 当前路径id:121 最近距离：322.83623649093806 角度差：210.0265705570178 最近点纵向距离：316.2425058504584
[2025-04-17 16:37:47.380] [predicting] [info] 当前路径id:122 最近距离：239.659648596405 角度差：200.5965705570178 最近点纵向距离：238.08231655147605
[2025-04-17 16:37:47.380] [predicting] [info] 当前路径id:126 最近距离：770.5251903392287 角度差：205.4065705570178 最近点纵向距离：157.63839387617836
[2025-04-17 16:37:47.380] [predicting] [info] 当前路径id:127 最近距离：321.41380981775245 角度差：29.056570557017764 最近点纵向距离：314.23358776894963
[2025-04-17 16:37:47.380] [predicting] [info] 当前路径id:129 最近距离：9.157468504824132 角度差：11.556570557017785 最近点纵向距离：8.912295905785964
[2025-04-17 16:37:47.380] [predicting] [info] validRoads.size():1
[2025-04-17 16:37:47.380] [predicting] [info] currentRoads.size():1 
[2025-04-17 16:37:47.380] [predicting] [info] roadMap.size():51
[2025-04-17 16:37:47.381] [predicting] [info] id:7 following_road.size():1
[2025-04-17 16:37:47.381] [predicting] [info] id:8 following_road.size():1
[2025-04-17 16:37:47.381] [predicting] [info] id:30 following_road.size():1
[2025-04-17 16:37:47.381] [predicting] [info] id:52 following_road.size():1
[2025-04-17 16:37:47.381] [predicting] [info] id:53 following_road.size():1
[2025-04-17 16:37:47.381] [predicting] [info] id:54 following_road.size():2
[2025-04-17 16:37:47.381] [predicting] [info] id:56 following_road.size():1
[2025-04-17 16:37:47.381] [predicting] [info] id:57 following_road.size():1
[2025-04-17 16:37:47.381] [predicting] [info] id:59 following_road.size():1
[2025-04-17 16:37:47.381] [predicting] [info] id:66 following_road.size():2
[2025-04-17 16:37:47.381] [predicting] [info] id:68 following_road.size():2
[2025-04-17 16:37:47.381] [predicting] [info] id:69 following_road.size():7
[2025-04-17 16:37:47.381] [predicting] [info] id:70 following_road.size():1
[2025-04-17 16:37:47.381] [predicting] [info] id:71 following_road.size():1
[2025-04-17 16:37:47.381] [predicting] [info] id:72 following_road.size():1
[2025-04-17 16:37:47.381] [predicting] [info] id:73 following_road.size():1
[2025-04-17 16:37:47.381] [predicting] [info] id:74 following_road.size():1
[2025-04-17 16:37:47.381] [predicting] [info] id:75 following_road.size():1
[2025-04-17 16:37:47.381] [predicting] [info] id:76 following_road.size():1
[2025-04-17 16:37:47.381] [predicting] [info] id:77 following_road.size():1
[2025-04-17 16:37:47.381] [predicting] [info] id:78 following_road.size():1
[2025-04-17 16:37:47.381] [predicting] [info] id:79 following_road.size():1
[2025-04-17 16:37:47.381] [predicting] [info] id:80 following_road.size():1
[2025-04-17 16:37:47.381] [predicting] [info] id:81 following_road.size():1
[2025-04-17 16:37:47.382] [predicting] [info] id:82 following_road.size():1
[2025-04-17 16:37:47.382] [predicting] [info] id:83 following_road.size():1
[2025-04-17 16:37:47.382] [predicting] [info] id:84 following_road.size():1
[2025-04-17 16:37:47.382] [predicting] [info] id:85 following_road.size():2
[2025-04-17 16:37:47.382] [predicting] [info] id:86 following_road.size():2
[2025-04-17 16:37:47.382] [predicting] [info] id:87 following_road.size():2
[2025-04-17 16:37:47.382] [predicting] [info] id:88 following_road.size():2
[2025-04-17 16:37:47.382] [predicting] [info] id:89 following_road.size():2
[2025-04-17 16:37:47.382] [predicting] [info] id:90 following_road.size():2
[2025-04-17 16:37:47.382] [predicting] [info] id:91 following_road.size():2
[2025-04-17 16:37:47.382] [predicting] [info] id:92 following_road.size():1
[2025-04-17 16:37:47.382] [predicting] [info] id:93 following_road.size():1
[2025-04-17 16:37:47.382] [predicting] [info] id:102 following_road.size():1
[2025-04-17 16:37:47.382] [predicting] [info] id:103 following_road.size():1
[2025-04-17 16:37:47.382] [predicting] [info] id:105 following_road.size():1
[2025-04-17 16:37:47.382] [predicting] [info] id:107 following_road.size():1
[2025-04-17 16:37:47.382] [predicting] [info] id:108 following_road.size():1
[2025-04-17 16:37:47.382] [predicting] [info] id:117 following_road.size():2
[2025-04-17 16:37:47.382] [predicting] [info] id:119 following_road.size():1
[2025-04-17 16:37:47.382] [predicting] [info] id:121 following_road.size():2
[2025-04-17 16:37:47.382] [predicting] [info] id:122 following_road.size():1
[2025-04-17 16:37:47.382] [predicting] [info] id:126 following_road.size():1
[2025-04-17 16:37:47.382] [predicting] [info] id:127 following_road.size():7
[2025-04-17 16:37:47.382] [predicting] [info] id:129 following_road.size():1
[2025-04-17 16:37:47.382] [predicting] [info] roadMap.size():51
[2025-04-17 16:37:47.382] [predicting] [info] road_map_.size():51 
[2025-04-17 16:37:47.383] [predicting] [info] 更新road_map_信息,id:108,截断的位置：9 路段总长：251 更新后的路径:242
[2025-04-17 16:37:47.383] [predicting] [info] 更新road_map_信息完毕
[2025-04-17 16:37:47.383] [predicting] [info] 进入 findPathsToLeafRoads 函数
[2025-04-17 16:37:47.383] [predicting] [info] dfs函数内部，当前push_back的路段id:108
[2025-04-17 16:37:47.383] [predicting] [info] dfs函数内部，当前探索到的路id为 108,已经满足 100 阈值
[2025-04-17 16:37:47.383] [predicting] [info] temp_road_nodes.size():1
[2025-04-17 16:37:47.383] [predicting] [info] final_result.size():1
[2025-04-17 16:37:47.383] [predicting] [info] 当前推入的路径大小:1 path.size():1
