[2025-04-17 15:58:35.359] [predicting] [info] 本地仿真环境日志
[2025-04-17 15:59:59.662] [predicting] [info] start_point.x =203.6196795903469
[2025-04-17 15:59:59.662] [predicting] [info] start_point.y =-664.5453935046937
[2025-04-17 15:59:59.662] [predicting] [info] start_point.yaw =82.90624999477295
[2025-04-17 15:59:59.662] [predicting] [info] Enter PredictingIntface 
[2025-04-17 15:59:59.662] [predicting] [info] referenceline_relation_.size():48
[2025-04-17 15:59:59.662] [predicting] [info] all_referencelines_.size():51
[2025-04-17 15:59:59.662] [predicting] [info] 进入 PreddictPath 函数
[2025-04-17 15:59:59.662] [predicting] [info] 进入 findCurrentRoad 函数
[2025-04-17 15:59:59.662] [predicting] [info] 当前路径id:7 最近距离：609.2040626426901 角度差：15.973750005227043 最近点纵向距离：567.3670169058202
[2025-04-17 15:59:59.662] [predicting] [info] 当前路径id:8 最近距离：624.0939429517996 角度差：48.023750005227086 最近点纵向距离：608.3200504012185
[2025-04-17 15:59:59.662] [predicting] [info] 当前路径id:30 最近距离：624.0939428760831 角度差：48.453750005227064 最近点纵向距离：607.2565388865598
[2025-04-17 15:59:59.662] [predicting] [info] 当前路径id:52 最近距离：572.9869532289629 角度差：219.83375000522705 最近点纵向距离：170.97286782074616
[2025-04-17 15:59:59.662] [predicting] [info] 当前路径id:53 最近距离：507.06879859222204 角度差：56.606249994772966 最近点纵向距离：506.38696381319943
[2025-04-17 15:59:59.662] [predicting] [info] 当前路径id:54 最近距离：67.60536787492494 角度差：24.086249994772956 最近点纵向距离：0.7512583226668106
[2025-04-17 15:59:59.662] [predicting] [info] 当前路径id:56 最近距离：564.0675911226691 角度差：43.963750005227034 最近点纵向距离：560.4784039921036
[2025-04-17 15:59:59.662] [predicting] [info] 当前路径id:57 最近距离：560.657194241806 角度差：230.713750005227 最近点纵向距离：547.785315982253
[2025-04-17 15:59:59.663] [predicting] [info] 当前路径id:59 最近距离：511.9639745200577 角度差：122.26375000522705 最近点纵向距离：511.43266665846005
[2025-04-17 15:59:59.663] [predicting] [info] 当前路径id:60 最近距离：566.8374581486925 角度差：36.14375000522706 最近点纵向距离：136.0010966599979
[2025-04-17 15:59:59.663] [predicting] [info] 当前路径id:66 最近距离：401.37017888068135 角度差：249.01375000522705 最近点纵向距离：276.1167326943336
[2025-04-17 15:59:59.663] [predicting] [info] 当前路径id:68 最近距离：74.07958112820933 角度差：154.58375000522702 最近点纵向距离：0.3930756408488918
[2025-04-17 15:59:59.664] [predicting] [info] 当前路径id:69 最近距离：346.66366481847797 角度差：231.96375000522707 最近点纵向距离：258.38059464558006
[2025-04-17 15:59:59.664] [predicting] [info] 当前路径id:70 最近距离：313.3995809001092 角度差：137.21375000522704 最近点纵向距离：192.1996681469118
[2025-04-17 15:59:59.664] [predicting] [info] 当前路径id:71 最近距离：307.38185228638656 角度差：136.26375000522705 最近点纵向距离：187.54242747569458
[2025-04-17 15:59:59.664] [predicting] [info] 当前路径id:72 最近距离：301.6384736160164 角度差：136.24375000522704 最近点纵向距离：187.0211088644468
[2025-04-17 15:59:59.664] [predicting] [info] 当前路径id:73 最近距离：279.86807644364376 角度差：136.66375000522706 最近点纵向距离：187.82350975836215
[2025-04-17 15:59:59.664] [predicting] [info] 当前路径id:74 最近距离：285.2840236433994 角度差：137.84375000522704 最近点纵向距离：192.53881770462078
[2025-04-17 15:59:59.664] [predicting] [info] 当前路径id:75 最近距离：290.884058089638 角度差：137.87375000522704 最近点纵向距离：193.0524589379297
[2025-04-17 15:59:59.664] [predicting] [info] 当前路径id:76 最近距离：279.86807644364376 角度差：134.86375000522702 最近点纵向距离：181.21368661526094
[2025-04-17 15:59:59.665] [predicting] [info] 当前路径id:77 最近距离：285.2840236433994 角度差：134.74375000522704 最近点纵向距离：180.87276976139637
[2025-04-17 15:59:59.665] [predicting] [info] 当前路径id:78 最近距离：290.884058089638 角度差：134.34375000522707 最近点纵向距离：179.28907175179918
[2025-04-17 15:59:59.665] [predicting] [info] 当前路径id:79 最近距离：296.25232971918325 角度差：135.28375000522706 最近点纵向距离：182.7370133384888
[2025-04-17 15:59:59.665] [predicting] [info] 当前路径id:80 最近距离：296.25232971918325 角度差：137.63375000522706 最近点纵向距离：192.14455693300636
[2025-04-17 15:59:59.665] [predicting] [info] 当前路径id:81 最近距离：307.38185228638656 角度差：135.02375000522707 最近点纵向距离：182.22822017610372
[2025-04-17 15:59:59.665] [predicting] [info] 当前路径id:82 最近距离：313.3995809001092 角度差：134.82375000522703 最近点纵向距离：181.7095316219804
[2025-04-17 15:59:59.665] [predicting] [info] 当前路径id:83 最近距离：301.6384736160164 角度差：134.37375000522707 最近点纵向距离：179.19878872924073
[2025-04-17 15:59:59.666] [predicting] [info] 当前路径id:84 最近距离：244.1596794239795 角度差：188.38375000522706 最近点纵向距离：241.54467182193025
[2025-04-17 15:59:59.666] [predicting] [info] 当前路径id:85 最近距离：292.4880448554263 角度差：135.76375000522702 最近点纵向距离：173.85023328713086
[2025-04-17 15:59:59.666] [predicting] [info] 当前路径id:86 最近距离：292.4880448554263 角度差：136.1437500052271 最近点纵向距离：175.40639278536347
[2025-04-17 15:59:59.666] [predicting] [info] 当前路径id:87 最近距离：292.4880448554263 角度差：136.28375000522703 最近点纵向距离：175.9777734157618
[2025-04-17 15:59:59.666] [predicting] [info] 当前路径id:88 最近距离：292.4880448554263 角度差：134.49375000522707 最近点纵向距离：168.59428838332053
[2025-04-17 15:59:59.666] [predicting] [info] 当前路径id:89 最近距离：292.4880448554263 角度差：134.15375000522707 最近点纵向距离：167.1730213285042
[2025-04-17 15:59:59.666] [predicting] [info] 当前路径id:90 最近距离：292.4880448554263 角度差：133.84375000522704 最近点纵向距离：165.87202834425986
[2025-04-17 15:59:59.666] [predicting] [info] 当前路径id:91 最近距离：289.9616737302707 角度差：93.82375000522703 最近点纵向距离：0.259933044439034
[2025-04-17 15:59:59.667] [predicting] [info] 当前路径id:92 最近距离：511.96397455139885 角度差：123.62375000522701 最近点纵向距离：510.7351575477025
[2025-04-17 15:59:59.667] [predicting] [info] 当前路径id:93 最近距离：507.06879862095894 角度差：56.22624999477294 最近点纵向距离：506.2014856073902
[2025-04-17 15:59:59.667] [predicting] [info] 当前路径id:99 最近距离：763.5283098288213 角度差：21.42375000522706 最近点纵向距离：129.72550257761105
[2025-04-17 15:59:59.667] [predicting] [info] 当前路径id:102 最近距离：233.47119201068466 角度差：197.43375000522707 最近点纵向距离：232.16508053876717
[2025-04-17 15:59:59.667] [predicting] [info] 当前路径id:103 最近距离：377.6425838864477 角度差：61.34375000522708 最近点纵向距离：277.9734529142177
[2025-04-17 15:59:59.667] [predicting] [info] 当前路径id:105 最近距离：315.29654529200866 角度差：25.50375000522706 最近点纵向距离：309.236258876786
[2025-04-17 15:59:59.667] [predicting] [info] 当前路径id:107 最近距离：27.376913712549694 角度差：163.03375000522706 最近点纵向距离：0.07102666648478362
[2025-04-17 15:59:59.667] [predicting] [info] 当前路径id:108 最近距离：1.1856624278146872 角度差：8.153750005227073 最近点纵向距离：0.14252195146876753
[2025-04-17 15:59:59.667] [predicting] [info] 当前路径id:109 最近距离：43.12524707956542 角度差：160.60375000522706 最近点纵向距离：33.583347912564065
[2025-04-17 15:59:59.667] [predicting] [info] 当前路径id:117 最近距离：234.1791517577801 角度差：18.383750005227046 最近点纵向距离：231.62610870848044
[2025-04-17 15:59:59.667] [predicting] [info] 当前路径id:119 最近距离：244.1596794239795 角度差：188.873750005227 最近点纵向距离：241.8406216732252
[2025-04-17 15:59:59.667] [predicting] [info] 当前路径id:121 最近距离：316.76255981700893 角度差：207.07375000522705 最近点纵向距离：310.6322319220987
[2025-04-17 15:59:59.667] [predicting] [info] 当前路径id:122 最近距离：233.47119201068466 角度差：197.64375000522705 最近点纵向距离：232.07313345611854
[2025-04-17 15:59:59.668] [predicting] [info] 当前路径id:126 最近距离：771.7429085554725 角度差：202.45375000522705 最近点纵向距离：151.8129691632376
[2025-04-17 15:59:59.668] [predicting] [info] 当前路径id:127 最近距离：315.29654529200866 角度差：26.103750005227052 最近点纵向距离：308.57506741498565
[2025-04-17 15:59:59.668] [predicting] [info] 当前路径id:129 最近距离：15.193891603780589 角度差：8.603750005227043 最近点纵向距离：15.15151457980325
[2025-04-17 15:59:59.668] [predicting] [info] validRoads.size():1
[2025-04-17 15:59:59.668] [predicting] [info] currentRoads.size():1 
[2025-04-17 15:59:59.668] [predicting] [info] roadMap.size():51
[2025-04-17 15:59:59.668] [predicting] [info] id:7 following_road.size():1
[2025-04-17 15:59:59.668] [predicting] [info] id:8 following_road.size():1
[2025-04-17 15:59:59.668] [predicting] [info] id:30 following_road.size():1
[2025-04-17 15:59:59.668] [predicting] [info] id:52 following_road.size():1
[2025-04-17 15:59:59.668] [predicting] [info] id:53 following_road.size():1
[2025-04-17 15:59:59.668] [predicting] [info] id:54 following_road.size():2
[2025-04-17 15:59:59.668] [predicting] [info] id:56 following_road.size():1
[2025-04-17 15:59:59.668] [predicting] [info] id:57 following_road.size():1
[2025-04-17 15:59:59.668] [predicting] [info] id:59 following_road.size():1
[2025-04-17 15:59:59.668] [predicting] [info] id:66 following_road.size():2
[2025-04-17 15:59:59.668] [predicting] [info] id:68 following_road.size():2
[2025-04-17 15:59:59.668] [predicting] [info] id:69 following_road.size():7
[2025-04-17 15:59:59.668] [predicting] [info] id:70 following_road.size():1
[2025-04-17 15:59:59.668] [predicting] [info] id:71 following_road.size():1
[2025-04-17 15:59:59.668] [predicting] [info] id:72 following_road.size():1
[2025-04-17 15:59:59.668] [predicting] [info] id:73 following_road.size():1
[2025-04-17 15:59:59.668] [predicting] [info] id:74 following_road.size():1
[2025-04-17 15:59:59.668] [predicting] [info] id:75 following_road.size():1
[2025-04-17 15:59:59.668] [predicting] [info] id:76 following_road.size():1
[2025-04-17 15:59:59.668] [predicting] [info] id:77 following_road.size():1
[2025-04-17 15:59:59.668] [predicting] [info] id:78 following_road.size():1
[2025-04-17 15:59:59.668] [predicting] [info] id:79 following_road.size():1
[2025-04-17 15:59:59.668] [predicting] [info] id:80 following_road.size():1
[2025-04-17 15:59:59.668] [predicting] [info] id:81 following_road.size():1
[2025-04-17 15:59:59.668] [predicting] [info] id:82 following_road.size():1
[2025-04-17 15:59:59.668] [predicting] [info] id:83 following_road.size():1
[2025-04-17 15:59:59.668] [predicting] [info] id:84 following_road.size():1
[2025-04-17 15:59:59.668] [predicting] [info] id:85 following_road.size():2
[2025-04-17 15:59:59.668] [predicting] [info] id:86 following_road.size():2
[2025-04-17 15:59:59.668] [predicting] [info] id:87 following_road.size():2
[2025-04-17 15:59:59.668] [predicting] [info] id:88 following_road.size():2
[2025-04-17 15:59:59.668] [predicting] [info] id:89 following_road.size():2
[2025-04-17 15:59:59.668] [predicting] [info] id:90 following_road.size():2
[2025-04-17 15:59:59.668] [predicting] [info] id:91 following_road.size():2
[2025-04-17 15:59:59.668] [predicting] [info] id:92 following_road.size():1
[2025-04-17 15:59:59.668] [predicting] [info] id:93 following_road.size():1
[2025-04-17 15:59:59.669] [predicting] [info] id:102 following_road.size():1
[2025-04-17 15:59:59.669] [predicting] [info] id:103 following_road.size():1
[2025-04-17 15:59:59.669] [predicting] [info] id:105 following_road.size():1
[2025-04-17 15:59:59.669] [predicting] [info] id:107 following_road.size():1
[2025-04-17 15:59:59.669] [predicting] [info] id:108 following_road.size():1
[2025-04-17 15:59:59.669] [predicting] [info] id:117 following_road.size():2
[2025-04-17 15:59:59.669] [predicting] [info] id:119 following_road.size():1
[2025-04-17 15:59:59.669] [predicting] [info] id:121 following_road.size():2
[2025-04-17 15:59:59.669] [predicting] [info] id:122 following_road.size():1
[2025-04-17 15:59:59.669] [predicting] [info] id:126 following_road.size():1
[2025-04-17 15:59:59.670] [predicting] [info] id:127 following_road.size():7
[2025-04-17 15:59:59.670] [predicting] [info] id:129 following_road.size():1
[2025-04-17 15:59:59.670] [predicting] [info] roadMap.size():51
[2025-04-17 15:59:59.670] [predicting] [info] road_map_.size():51 
[2025-04-17 15:59:59.670] [predicting] [info] 更新road_map_信息,id:108,截断的位置：15 路段总长：251 更新后的路径:236
[2025-04-17 15:59:59.670] [predicting] [info] 更新road_map_信息完毕
[2025-04-17 15:59:59.670] [predicting] [info] 进入 findPathsToLeafRoads 函数
[2025-04-17 15:59:59.670] [predicting] [info] dfs函数内部，当前推进的路段id:108
[2025-04-17 15:59:59.670] [predicting] [info] temp_road_nodes.size():0
[2025-04-17 15:59:59.670] [predicting] [info] final_result.size():0
