Determining if the pthread_create exist failed with the following output:
Change Dir: /home/yyf/global_planning_library/build/CMakeFiles/CMakeTmp

Run Build Command(s):/usr/bin/make cmTC_ce2db/fast 
/usr/bin/make -f CMakeFiles/cmTC_ce2db.dir/build.make CMakeFiles/cmTC_ce2db.dir/build
make[1]: 进入目录“/home/yyf/global_planning_library/build/CMakeFiles/CMakeTmp”
Building C object CMakeFiles/cmTC_ce2db.dir/CheckSymbolExists.c.o
/usr/bin/cc    -o CMakeFiles/cmTC_ce2db.dir/CheckSymbolExists.c.o   -c /home/yyf/global_planning_library/build/CMakeFiles/CMakeTmp/CheckSymbolExists.c
Linking C executable cmTC_ce2db
/usr/local/bin/cmake -E cmake_link_script CMakeFiles/cmTC_ce2db.dir/link.txt --verbose=1
/usr/bin/cc      -rdynamic CMakeFiles/cmTC_ce2db.dir/CheckSymbolExists.c.o  -o cmTC_ce2db 
CMakeFiles/cmTC_ce2db.dir/CheckSymbolExists.c.o：在函数‘main’中：
CheckSymbolExists.c:(.text+0x1b)：对‘pthread_create’未定义的引用
collect2: error: ld returned 1 exit status
CMakeFiles/cmTC_ce2db.dir/build.make:86: recipe for target 'cmTC_ce2db' failed
make[1]: *** [cmTC_ce2db] Error 1
make[1]: 离开目录“/home/yyf/global_planning_library/build/CMakeFiles/CMakeTmp”
Makefile:121: recipe for target 'cmTC_ce2db/fast' failed
make: *** [cmTC_ce2db/fast] Error 2

File /home/yyf/global_planning_library/build/CMakeFiles/CMakeTmp/CheckSymbolExists.c:
/* */
#include <pthread.h>

int main(int argc, char** argv)
{
  (void)argv;
#ifndef pthread_create
  return ((int*)(&pthread_create))[argc];
#else
  (void)argc;
  return 0;
#endif
}

Determining if the function pthread_create exists in the pthreads failed with the following output:
Change Dir: /home/yyf/global_planning_library/build/CMakeFiles/CMakeTmp

Run Build Command(s):/usr/bin/make cmTC_d9796/fast 
/usr/bin/make -f CMakeFiles/cmTC_d9796.dir/build.make CMakeFiles/cmTC_d9796.dir/build
make[1]: 进入目录“/home/yyf/global_planning_library/build/CMakeFiles/CMakeTmp”
Building C object CMakeFiles/cmTC_d9796.dir/CheckFunctionExists.c.o
/usr/bin/cc   -DCHECK_FUNCTION_EXISTS=pthread_create   -o CMakeFiles/cmTC_d9796.dir/CheckFunctionExists.c.o   -c /usr/local/share/cmake-3.14/Modules/CheckFunctionExists.c
Linking C executable cmTC_d9796
/usr/local/bin/cmake -E cmake_link_script CMakeFiles/cmTC_d9796.dir/link.txt --verbose=1
/usr/bin/cc  -DCHECK_FUNCTION_EXISTS=pthread_create    -rdynamic CMakeFiles/cmTC_d9796.dir/CheckFunctionExists.c.o  -o cmTC_d9796 -lpthreads 
/usr/bin/ld: 找不到 -lpthreads
collect2: error: ld returned 1 exit status
CMakeFiles/cmTC_d9796.dir/build.make:86: recipe for target 'cmTC_d9796' failed
make[1]: *** [cmTC_d9796] Error 1
make[1]: 离开目录“/home/yyf/global_planning_library/build/CMakeFiles/CMakeTmp”
Makefile:121: recipe for target 'cmTC_d9796/fast' failed
make: *** [cmTC_d9796/fast] Error 2


