Determining if the pthread_create exist failed with the following output:
Change Dir: /home/yyf/web/cpp-httplib-master/build/CMakeFiles/CMakeTmp

Run Build Command(s):/usr/bin/make cmTC_725e3/fast 
/usr/bin/make -f CMakeFiles/cmTC_725e3.dir/build.make CMakeFiles/cmTC_725e3.dir/build
make[1]: 进入目录“/home/yyf/web/cpp-httplib-master/build/CMakeFiles/CMakeTmp”
Building CXX object CMakeFiles/cmTC_725e3.dir/CheckSymbolExists.cxx.o
/usr/bin/c++     -o CMakeFiles/cmTC_725e3.dir/CheckSymbolExists.cxx.o -c /home/yyf/web/cpp-httplib-master/build/CMakeFiles/CMakeTmp/CheckSymbolExists.cxx
Linking CXX executable cmTC_725e3
/usr/local/bin/cmake -E cmake_link_script CMakeFiles/cmTC_725e3.dir/link.txt --verbose=1
/usr/bin/c++       CMakeFiles/cmTC_725e3.dir/CheckSymbolExists.cxx.o  -o cmTC_725e3 
CMakeFiles/cmTC_725e3.dir/CheckSymbolExists.cxx.o：在函数‘main’中：
CheckSymbolExists.cxx:(.text+0x1b)：对‘pthread_create’未定义的引用
collect2: error: ld returned 1 exit status
CMakeFiles/cmTC_725e3.dir/build.make:86: recipe for target 'cmTC_725e3' failed
make[1]: *** [cmTC_725e3] Error 1
make[1]: 离开目录“/home/yyf/web/cpp-httplib-master/build/CMakeFiles/CMakeTmp”
Makefile:121: recipe for target 'cmTC_725e3/fast' failed
make: *** [cmTC_725e3/fast] Error 2

File /home/yyf/web/cpp-httplib-master/build/CMakeFiles/CMakeTmp/CheckSymbolExists.cxx:
/* */
#include <pthread.h>

int main(int argc, char** argv)
{
  (void)argv;
#ifndef pthread_create
  return ((int*)(&pthread_create))[argc];
#else
  (void)argc;
  return 0;
#endif
}

